Archive member included to satisfy reference by file (symbol)

/home/odemki/Programs/programs/STM32IDE/1/en.en-st-stm32cubeide_1-5-0_8698_20201117_1050_amd64_sh/makeself_dir_5QpOGP/y/plugins/com.st.stm32cube.ide.mcu.externaltools.gnu-tools-for-stm32.9-2020-q2-update.linux64_2.0.0.202105311346/tools/bin/../lib/gcc/arm-none-eabi/9.3.1/../../../../arm-none-eabi/lib/thumb/v7e-m+fp/hard/libc_nano.a(lib_a-errno.o)
                              ./Core/Src/syscalls.o (__errno)
/home/odemki/Programs/programs/STM32IDE/1/en.en-st-stm32cubeide_1-5-0_8698_20201117_1050_amd64_sh/makeself_dir_5QpOGP/y/plugins/com.st.stm32cube.ide.mcu.externaltools.gnu-tools-for-stm32.9-2020-q2-update.linux64_2.0.0.202105311346/tools/bin/../lib/gcc/arm-none-eabi/9.3.1/../../../../arm-none-eabi/lib/thumb/v7e-m+fp/hard/libc_nano.a(lib_a-exit.o)
                              /home/odemki/Programs/programs/STM32IDE/1/en.en-st-stm32cubeide_1-5-0_8698_20201117_1050_amd64_sh/makeself_dir_5QpOGP/y/plugins/com.st.stm32cube.ide.mcu.externaltools.gnu-tools-for-stm32.9-2020-q2-update.linux64_2.0.0.202105311346/tools/bin/../lib/gcc/arm-none-eabi/9.3.1/../../../../arm-none-eabi/lib/thumb/v7e-m+fp/hard/crt0.o (exit)
/home/odemki/Programs/programs/STM32IDE/1/en.en-st-stm32cubeide_1-5-0_8698_20201117_1050_amd64_sh/makeself_dir_5QpOGP/y/plugins/com.st.stm32cube.ide.mcu.externaltools.gnu-tools-for-stm32.9-2020-q2-update.linux64_2.0.0.202105311346/tools/bin/../lib/gcc/arm-none-eabi/9.3.1/../../../../arm-none-eabi/lib/thumb/v7e-m+fp/hard/libc_nano.a(lib_a-findfp.o)
                              ./Middlewares/Third_Party/FreeRTOS/Source/tasks.o (__sf_fake_stderr)
/home/odemki/Programs/programs/STM32IDE/1/en.en-st-stm32cubeide_1-5-0_8698_20201117_1050_amd64_sh/makeself_dir_5QpOGP/y/plugins/com.st.stm32cube.ide.mcu.externaltools.gnu-tools-for-stm32.9-2020-q2-update.linux64_2.0.0.202105311346/tools/bin/../lib/gcc/arm-none-eabi/9.3.1/../../../../arm-none-eabi/lib/thumb/v7e-m+fp/hard/libc_nano.a(lib_a-fwalk.o)
                              /home/odemki/Programs/programs/STM32IDE/1/en.en-st-stm32cubeide_1-5-0_8698_20201117_1050_amd64_sh/makeself_dir_5QpOGP/y/plugins/com.st.stm32cube.ide.mcu.externaltools.gnu-tools-for-stm32.9-2020-q2-update.linux64_2.0.0.202105311346/tools/bin/../lib/gcc/arm-none-eabi/9.3.1/../../../../arm-none-eabi/lib/thumb/v7e-m+fp/hard/libc_nano.a(lib_a-findfp.o) (_fwalk)
/home/odemki/Programs/programs/STM32IDE/1/en.en-st-stm32cubeide_1-5-0_8698_20201117_1050_amd64_sh/makeself_dir_5QpOGP/y/plugins/com.st.stm32cube.ide.mcu.externaltools.gnu-tools-for-stm32.9-2020-q2-update.linux64_2.0.0.202105311346/tools/bin/../lib/gcc/arm-none-eabi/9.3.1/../../../../arm-none-eabi/lib/thumb/v7e-m+fp/hard/libc_nano.a(lib_a-impure.o)
                              /home/odemki/Programs/programs/STM32IDE/1/en.en-st-stm32cubeide_1-5-0_8698_20201117_1050_amd64_sh/makeself_dir_5QpOGP/y/plugins/com.st.stm32cube.ide.mcu.externaltools.gnu-tools-for-stm32.9-2020-q2-update.linux64_2.0.0.202105311346/tools/bin/../lib/gcc/arm-none-eabi/9.3.1/../../../../arm-none-eabi/lib/thumb/v7e-m+fp/hard/libc_nano.a(lib_a-exit.o) (_global_impure_ptr)
/home/odemki/Programs/programs/STM32IDE/1/en.en-st-stm32cubeide_1-5-0_8698_20201117_1050_amd64_sh/makeself_dir_5QpOGP/y/plugins/com.st.stm32cube.ide.mcu.externaltools.gnu-tools-for-stm32.9-2020-q2-update.linux64_2.0.0.202105311346/tools/bin/../lib/gcc/arm-none-eabi/9.3.1/../../../../arm-none-eabi/lib/thumb/v7e-m+fp/hard/libc_nano.a(lib_a-init.o)
                              /home/odemki/Programs/programs/STM32IDE/1/en.en-st-stm32cubeide_1-5-0_8698_20201117_1050_amd64_sh/makeself_dir_5QpOGP/y/plugins/com.st.stm32cube.ide.mcu.externaltools.gnu-tools-for-stm32.9-2020-q2-update.linux64_2.0.0.202105311346/tools/bin/../lib/gcc/arm-none-eabi/9.3.1/../../../../arm-none-eabi/lib/thumb/v7e-m+fp/hard/crt0.o (__libc_init_array)
/home/odemki/Programs/programs/STM32IDE/1/en.en-st-stm32cubeide_1-5-0_8698_20201117_1050_amd64_sh/makeself_dir_5QpOGP/y/plugins/com.st.stm32cube.ide.mcu.externaltools.gnu-tools-for-stm32.9-2020-q2-update.linux64_2.0.0.202105311346/tools/bin/../lib/gcc/arm-none-eabi/9.3.1/../../../../arm-none-eabi/lib/thumb/v7e-m+fp/hard/libc_nano.a(lib_a-itoa.o)
                              ./Core/Src/main.o (itoa)
/home/odemki/Programs/programs/STM32IDE/1/en.en-st-stm32cubeide_1-5-0_8698_20201117_1050_amd64_sh/makeself_dir_5QpOGP/y/plugins/com.st.stm32cube.ide.mcu.externaltools.gnu-tools-for-stm32.9-2020-q2-update.linux64_2.0.0.202105311346/tools/bin/../lib/gcc/arm-none-eabi/9.3.1/../../../../arm-none-eabi/lib/thumb/v7e-m+fp/hard/libc_nano.a(lib_a-lock.o)
[...]
Memory Configuration

Name             Origin             Length             Attributes
CCMRAM           0x0000000010000000 0x0000000000010000 xrw
RAM              0x0000000020000000 0x0000000000020000 xrw
FLASH            0x0000000008000000 0x0000000000100000 xr
*default*        0x0000000000000000 0xffffffffffffffff

Linker script and memory map

LOAD /home/odemki/Programs/programs/STM32IDE/1/en.en-st-stm32cubeide_1-5-0_8698_20201117_1050_amd64_sh/makeself_dir_5QpOGP/y/plugins/com.st.stm32cube.ide.mcu.externaltools.gnu-tools-for-stm32.9-2020-q2-update.linux64_2.0.0.202105311346/tools/bin/../lib/gcc/arm-none-eabi/9.3.1/thumb/v7e-m+fp/hard/crti.o
LOAD /home/odemki/Programs/programs/STM32IDE/1/en.en-st-stm32cubeide_1-5-0_8698_20201117_1050_amd64_sh/makeself_dir_5QpOGP/y/plugins/com.st.stm32cube.ide.mcu.externaltools.gnu-tools-for-stm32.9-2020-q2-update.linux64_2.0.0.202105311346/tools/bin/../lib/gcc/arm-none-eabi/9.3.1/thumb/v7e-m+fp/hard/crtbegin.o
LOAD /home/odemki/Programs/programs/STM32IDE/1/en.en-st-stm32cubeide_1-5-0_8698_20201117_1050_amd64_sh/makeself_dir_5QpOGP/y/plugins/com.st.stm32cube.ide.mcu.externaltools.gnu-tools-for-stm32.9-2020-q2-update.linux64_2.0.0.202105311346/tools/bin/../lib/gcc/arm-none-eabi/9.3.1/../../../../arm-none-eabi/lib/thumb/v7e-m+fp/hard/crt0.o
LOAD ./Core/Src/freertos.o
LOAD ./Core/Src/main.o
LOAD ./Core/Src/stm32f4xx_hal_msp.o
LOAD ./Core/Src/stm32f4xx_hal_timebase_tim.o
LOAD ./Core/Src/stm32f4xx_it.o
LOAD ./Core/Src/syscalls.o
LOAD ./Core/Src/sysmem.o
LOAD ./Core/Src/system_stm32f4xx.o
LOAD ./Core/Startup/startup_stm32f407vgtx.o
LOAD ./Drivers/STM32F4xx_HAL_Driver/Src/stm32f4xx_hal.o
LOAD ./Drivers/STM32F4xx_HAL_Driver/Src/stm32f4xx_hal_adc.o
LOAD ./Drivers/STM32F4xx_HAL_Driver/Src/stm32f4xx_hal_adc_ex.o
LOAD ./Drivers/STM32F4xx_HAL_Driver/Src/stm32f4xx_hal_cortex.o
LOAD ./Drivers/STM32F4xx_HAL_Driver/Src/stm32f4xx_hal_dma.o
LOAD ./Drivers/STM32F4xx_HAL_Driver/Src/stm32f4xx_hal_dma_ex.o
LOAD ./Drivers/STM32F4xx_HAL_Driver/Src/stm32f4xx_hal_exti.o
LOAD ./Drivers/STM32F4xx_HAL_Driver/Src/stm32f4xx_hal_flash.o
LOAD ./Drivers/STM32F4xx_HAL_Driver/Src/stm32f4xx_hal_flash_ex.o
LOAD ./Drivers/STM32F4xx_HAL_Driver/Src/stm32f4xx_hal_flash_ramfunc.o
LOAD ./Drivers/STM32F4xx_HAL_Driver/Src/stm32f4xx_hal_gpio.o
LOAD ./Drivers/STM32F4xx_HAL_Driver/Src/stm32f4xx_hal_i2c.o
LOAD ./Drivers/STM32F4xx_HAL_Driver/Src/stm32f4xx_hal_i2c_ex.o
LOAD ./Drivers/STM32F4xx_HAL_Driver/Src/stm32f4xx_hal_i2s.o
LOAD ./Drivers/STM32F4xx_HAL_Driver/Src/stm32f4xx_hal_i2s_ex.o
LOAD ./Drivers/STM32F4xx_HAL_Driver/Src/stm32f4xx_hal_pcd.o
LOAD ./Drivers/STM32F4xx_HAL_Driver/Src/stm32f4xx_hal_pcd_ex.o
LOAD ./Drivers/STM32F4xx_HAL_Driver/Src/stm32f4xx_hal_pwr.o
LOAD ./Drivers/STM32F4xx_HAL_Driver/Src/stm32f4xx_hal_pwr_ex.o
LOAD ./Drivers/STM32F4xx_HAL_Driver/Src/stm32f4xx_hal_rcc.o
LOAD ./Drivers/STM32F4xx_HAL_Driver/Src/stm32f4xx_hal_rcc_ex.o
LOAD ./Drivers/STM32F4xx_HAL_Driver/Src/stm32f4xx_hal_spi.o
LOAD ./Drivers/STM32F4xx_HAL_Driver/Src/stm32f4xx_hal_tim.o
LOAD ./Drivers/STM32F4xx_HAL_Driver/Src/stm32f4xx_hal_tim_ex.o
LOAD ./Drivers/STM32F4xx_HAL_Driver/Src/stm32f4xx_ll_adc.o
LOAD ./Drivers/STM32F4xx_HAL_Driver/Src/stm32f4xx_ll_usb.o
LOAD ./Middlewares/ST/STM32_USB_Device_Library/Class/CDC/Src/usbd_cdc.o
LOAD ./Middlewares/ST/STM32_USB_Device_Library/Core/Src/usbd_core.o
LOAD ./Middlewares/ST/STM32_USB_Device_Library/Core/Src/usbd_ctlreq.o
LOAD ./Middlewares/ST/STM32_USB_Device_Library/Core/Src/usbd_ioreq.o
LOAD ./Middlewares/Third_Party/FreeRTOS/Source/CMSIS_RTOS_V2/cmsis_os2.o
LOAD ./Middlewares/Third_Party/FreeRTOS/Source/croutine.o
LOAD ./Middlewares/Third_Party/FreeRTOS/Source/event_groups.o
LOAD ./Middlewares/Third_Party/FreeRTOS/Source/list.o
LOAD ./Middlewares/Third_Party/FreeRTOS/Source/queue.o
LOAD ./Middlewares/Third_Party/FreeRTOS/Source/stream_buffer.o
LOAD ./Middlewares/Third_Party/FreeRTOS/Source/tasks.o
LOAD ./Middlewares/Third_Party/FreeRTOS/Source/timers.o
LOAD ./Middlewares/Third_Party/FreeRTOS/Source/portable/GCC/ARM_CM4F/port.o
LOAD ./Middlewares/Third_Party/FreeRTOS/Source/portable/MemMang/heap_4.o
LOAD ./USB_DEVICE/App/usb_device.o
LOAD ./USB_DEVICE/App/usbd_cdc_if.o
LOAD ./USB_DEVICE/App/usbd_desc.o
LOAD ./USB_DEVICE/Target/usbd_conf.o
START GROUP
LOAD /home/odemki/Programs/programs/STM32IDE/1/en.en-st-stm32cubeide_1-5-0_8698_20201117_1050_amd64_sh/makeself_dir_5QpOGP/y/plugins/com.st.stm32cube.ide.mcu.externaltools.gnu-tools-for-stm32.9-2020-q2-update.linux64_2.0.0.202105311346/tools/bin/../lib/gcc/arm-none-eabi/9.3.1/../../../../arm-none-eabi/lib/thumb/v7e-m+fp/hard/libc_nano.a
LOAD /home/odemki/Programs/programs/STM32IDE/1/en.en-st-stm32cubeide_1-5-0_8698_20201117_1050_amd64_sh/makeself_dir_5QpOGP/y/plugins/com.st.stm32cube.ide.mcu.externaltools.gnu-tools-for-stm32.9-2020-q2-update.linux64_2.0.0.202105311346/tools/bin/../lib/gcc/arm-none-eabi/9.3.1/../../../../arm-none-eabi/lib/thumb/v7e-m+fp/hard/libm.a
END GROUP
START GROUP
LOAD /home/odemki/Programs/programs/STM32IDE/1/en.en-st-stm32cubeide_1-5-0_8698_20201117_1050_amd64_sh/makeself_dir_5QpOGP/y/plugins/com.st.stm32cube.ide.mcu.externaltools.gnu-tools-for-stm32.9-2020-q2-update.linux64_2.0.0.202105311346/tools/bin/../lib/gcc/arm-none-eabi/9.3.1/thumb/v7e-m+fp/hard/libgcc.a
LOAD /home/odemki/Programs/programs/STM32IDE/1/en.en-st-stm32cubeide_1-5-0_8698_20201117_1050_amd64_sh/makeself_dir_5QpOGP/y/plugins/com.st.stm32cube.ide.mcu.externaltools.gnu-tools-for-stm32.9-2020-q2-update.linux64_2.0.0.202105311346/tools/bin/../lib/gcc/arm-none-eabi/9.3.1/../../../../arm-none-eabi/lib/thumb/v7e-m+fp/hard/libc_nano.a
END GROUP
START GROUP
LOAD /home/odemki/Programs/programs/STM32IDE/1/en.en-st-stm32cubeide_1-5-0_8698_20201117_1050_amd64_sh/makeself_dir_5QpOGP/y/plugins/com.st.stm32cube.ide.mcu.externaltools.gnu-tools-for-stm32.9-2020-q2-update.linux64_2.0.0.202105311346/tools/bin/../lib/gcc/arm-none-eabi/9.3.1/thumb/v7e-m+fp/hard/libgcc.a
LOAD /home/odemki/Programs/programs/STM32IDE/1/en.en-st-stm32cubeide_1-5-0_8698_20201117_1050_amd64_sh/makeself_dir_5QpOGP/y/plugins/com.st.stm32cube.ide.mcu.externaltools.gnu-tools-for-stm32.9-2020-q2-update.linux64_2.0.0.202105311346/tools/bin/../lib/gcc/arm-none-eabi/9.3.1/../../../../arm-none-eabi/lib/thumb/v7e-m+fp/hard/libc_nano.a
LOAD /home/odemki/Programs/programs/STM32IDE/1/en.en-st-stm32cubeide_1-5-0_8698_20201117_1050_amd64_sh/makeself_dir_5QpOGP/y/plugins/com.st.stm32cube.ide.mcu.externaltools.gnu-tools-for-stm32.9-2020-q2-update.linux64_2.0.0.202105311346/tools/bin/../lib/gcc/arm-none-eabi/9.3.1/../../../../arm-none-eabi/lib/thumb/v7e-m+fp/hard/libnosys.a
END GROUP
START GROUP
LOAD /home/odemki/Programs/programs/STM32IDE/1/en.en-st-stm32cubeide_1-5-0_8698_20201117_1050_amd64_sh/makeself_dir_5QpOGP/y/plugins/com.st.stm32cube.ide.mcu.externaltools.gnu-tools-for-stm32.9-2020-q2-update.linux64_2.0.0.202105311346/tools/bin/../lib/gcc/arm-none-eabi/9.3.1/thumb/v7e-m+fp/hard/libgcc.a
LOAD /home/odemki/Programs/programs/STM32IDE/1/en.en-st-stm32cubeide_1-5-0_8698_20201117_1050_amd64_sh/makeself_dir_5QpOGP/y/plugins/com.st.stm32cube.ide.mcu.externaltools.gnu-tools-for-stm32.9-2020-q2-update.linux64_2.0.0.202105311346/tools/bin/../lib/gcc/arm-none-eabi/9.3.1/../../../../arm-none-eabi/lib/thumb/v7e-m+fp/hard/libc_nano.a
LOAD /home/odemki/Programs/programs/STM32IDE/1/en.en-st-stm32cubeide_1-5-0_8698_20201117_1050_amd64_sh/makeself_dir_5QpOGP/y/plugins/com.st.stm32cube.ide.mcu.externaltools.gnu-tools-for-stm32.9-2020-q2-update.linux64_2.0.0.202105311346/tools/bin/../lib/gcc/arm-none-eabi/9.3.1/../../../../arm-none-eabi/lib/thumb/v7e-m+fp/hard/libnosys.a
END GROUP
LOAD /home/odemki/Programs/programs/STM32IDE/1/en.en-st-stm32cubeide_1-5-0_8698_20201117_1050_amd64_sh/makeself_dir_5QpOGP/y/plugins/com.st.stm32cube.ide.mcu.externaltools.gnu-tools-for-stm32.9-2020-q2-update.linux64_2.0.0.202105311346/tools/bin/../lib/gcc/arm-none-eabi/9.3.1/thumb/v7e-m+fp/hard/crtend.o
LOAD /home/odemki/Programs/programs/STM32IDE/1/en.en-st-stm32cubeide_1-5-0_8698_20201117_1050_amd64_sh/makeself_dir_5QpOGP/y/plugins/com.st.stm32cube.ide.mcu.externaltools.gnu-tools-for-stm32.9-2020-q2-update.linux64_2.0.0.202105311346/tools/bin/../lib/gcc/arm-none-eabi/9.3.1/thumb/v7e-m+fp/hard/crtn.o
                0x0000000020020000                _estack = (ORIGIN (RAM) + LENGTH (RAM))
                0x0000000000000200                _Min_Heap_Size = 0x200
                0x0000000000000400                _Min_Stack_Size = 0x400

.isr_vector     0x0000000008000000      0x188
                0x0000000008000000                . = ALIGN (0x4)
 *(.isr_vector)
 .isr_vector    0x0000000008000000      0x188 ./Core/Startup/startup_stm32f407vgtx.o
                0x0000000008000000                g_pfnVectors
                0x0000000008000188                . = ALIGN (0x4)

.text           0x0000000008000190     0xe5c8
                0x0000000008000190                . = ALIGN (0x4)
 *(.text)
 .text          0x0000000008000190       0x40 /home/odemki/Programs/programs/STM32IDE/1/en.en-st-stm32cubeide_1-5-0_8698_20201117_1050_amd64_sh/makeself_dir_5QpOGP/y/plugins/com.st.stm32cube.ide.mcu.externaltools.gnu-tools-for-stm32.9-2020-q2-update.linux64_2.0.0.202105311346/tools/bin/../lib/gcc/arm-none-eabi/9.3.1/thumb/v7e-m+fp/hard/crtbegin.o
 .text          0x00000000080001d0       0x10 /home/odemki/Programs/programs/STM32IDE/1/en.en-st-stm32cubeide_1-5-0_8698_20201117_1050_amd64_sh/makeself_dir_5QpOGP/y/plugins/com.st.stm32cube.ide.mcu.externaltools.gnu-tools-for-stm32.9-2020-q2-update.linux64_2.0.0.202105311346/tools/bin/../lib/gcc/arm-none-eabi/9.3.1/../../../../arm-none-eabi/lib/thumb/v7e-m+fp/hard/libc_nano.a(lib_a-strlen.o)
                0x00000000080001d0                strlen
 .text          0x00000000080001e0       0xa0 /home/odemki/Programs/programs/STM32IDE/1/en.en-st-stm32cubeide_1-5-0_8698_20201117_1050_amd64_sh/makeself_dir_5QpOGP/y/plugins/com.st.stm32cube.ide.mcu.externaltools.gnu-tools-for-stm32.9-2020-q2-update.linux64_2.0.0.202105311346/tools/bin/../lib/gcc/arm-none-eabi/9.3.1/../../../../arm-none-eabi/lib/thumb/v7e-m+fp/hard/libc_nano.a(lib_a-memchr.o)
                0x00000000080001e0                memchr
 .text          0x0000000008000280       0x30 /home/odemki/Programs/programs/STM32IDE/1/en.en-st-stm32cubeide_1-5-0_8698_20201117_1050_amd64_sh/makeself_dir_5QpOGP/y/plugins/com.st.stm32cube.ide.mcu.externaltools.gnu-tools-for-stm32.9-2020-q2-update.linux64_2.0.0.202105311346/tools/bin/../lib/gcc/arm-none-eabi/9.3.1/thumb/v7e-m+fp/hard/libgcc.a(_aeabi_uldivmod.o)
                0x0000000008000280                __aeabi_uldivmod
 .text          0x00000000080002b0      0x2c4 /home/odemki/Programs/programs/STM32IDE/1/en.en-st-stm32cubeide_1-5-0_8698_20201117_1050_amd64_sh/makeself_dir_5QpOGP/y/plugins/com.st.stm32cube.ide.mcu.externaltools.gnu-tools-for-stm32.9-2020-q2-update.linux64_2.0.0.202105311346/tools/bin/../lib/gcc/arm-none-eabi/9.3.1/thumb/v7e-m+fp/hard/libgcc.a(_udivmoddi4.o)
                0x00000000080002b0                __udivmoddi4
 .text          0x0000000008000574        0x4 /home/odemki/Programs/programs/STM32IDE/1/en.en-st-stm32cubeide_1-5-0_8698_20201117_1050_amd64_sh/makeself_dir_5QpOGP/y/plugins/com.st.stm32cube.ide.mcu.externaltools.gnu-tools-for-stm32.9-2020-q2-update.linux64_2.0.0.202105311346/tools/bin/../lib/gcc/arm-none-eabi/9.3.1/thumb/v7e-m+fp/hard/libgcc.a(_dvmd_tls.o)
                0x0000000008000574                __aeabi_ldiv0
                0x0000000008000574                __aeabi_idiv0
 *(.text*)
 .text.vApplicationStackOverflowHook
                0x0000000008000578       0x16 ./Core/Src/freertos.o
                0x0000000008000578                vApplicationStackOverflowHook
 *fill*         0x000000000800058e        0x2 
 .text.main     0x0000000008000590      0x148 ./Core/Src/main.o
                0x0000000008000590                main
 .text.SystemClock_Config
                0x00000000080006d8       0xd4 ./Core/Src/main.o
                0x00000000080006d8                SystemClock_Config
 .text.MX_ADC1_Init
                0x00000000080007ac       0xf0 ./Core/Src/main.o
 .text.MX_I2C1_Init
                0x000000000800089c       0x5c ./Core/Src/main.o
 .text.MX_I2S3_Init
                0x00000000080008f8       0x60 ./Core/Src/main.o
 .text.MX_SPI1_Init
                0x0000000008000958       0x6c ./Core/Src/main.o
 .text.MX_TIM3_Init
                0x00000000080009c4       0x9c ./Core/Src/main.o
 .text.MX_TIM4_Init
                0x0000000008000a60       0xb4 ./Core/Src/main.o
 .text.MX_GPIO_Init
                0x0000000008000b14      0x1f8 ./Core/Src/main.o
 .text.StartDefaultTask
                0x0000000008000d0c       0x30 ./Core/Src/main.o
                0x0000000008000d0c                StartDefaultTask
 .text.StartLED_BLUE_BLINK
                0x0000000008000d3c       0x34 ./Core/Src/main.o
                0x0000000008000d3c                StartLED_BLUE_BLINK
 .text.StartLED_YELLOW_ADC
                0x0000000008000d70       0x38 ./Core/Src/main.o
                0x0000000008000d70                StartLED_YELLOW_ADC
 .text.StartUART_Task
                0x0000000008000da8       0x5c ./Core/Src/main.o
                0x0000000008000da8                StartUART_Task
 .text.StartADC_Task
                0x0000000008000e04       0x30 ./Core/Src/main.o
                0x0000000008000e04                StartADC_Task
 .text.StartTeadBtn_Task
                0x0000000008000e34       0x78 ./Core/Src/main.o
                0x0000000008000e34                StartTeadBtn_Task
 .text.StartShowResources
                0x0000000008000eac      0x270 ./Core/Src/main.o
                0x0000000008000eac                StartShowResources
 .text.HAL_TIM_PeriodElapsedCallback
                0x000000000800111c       0x3c ./Core/Src/main.o
                0x000000000800111c                HAL_TIM_PeriodElapsedCallback
 .text.Error_Handler
                0x0000000008001158        0xa ./Core/Src/main.o
                0x0000000008001158                Error_Handler
 *fill*         0x0000000008001162        0x2 
 .text.HAL_MspInit
                0x0000000008001164       0x58 ./Core/Src/stm32f4xx_hal_msp.o
                0x0000000008001164                HAL_MspInit
 .text.HAL_ADC_MspInit
                0x00000000080011bc       0x88 ./Core/Src/stm32f4xx_hal_msp.o
                0x00000000080011bc                HAL_ADC_MspInit
 .text.HAL_I2C_MspInit
                0x0000000008001244       0x90 ./Core/Src/stm32f4xx_hal_msp.o
                0x0000000008001244                HAL_I2C_MspInit
 .text.HAL_I2S_MspInit
                0x00000000080012d4      0x100 ./Core/Src/stm32f4xx_hal_msp.o
                0x00000000080012d4                HAL_I2S_MspInit
 .text.HAL_SPI_MspInit
                0x00000000080013d4       0x90 ./Core/Src/stm32f4xx_hal_msp.o
                0x00000000080013d4                HAL_SPI_MspInit
 .text.HAL_TIM_Base_MspInit
                0x0000000008001464       0x50 ./Core/Src/stm32f4xx_hal_msp.o
                0x0000000008001464                HAL_TIM_Base_MspInit
 .text.HAL_TIM_PWM_MspInit
                0x00000000080014b4       0x44 ./Core/Src/stm32f4xx_hal_msp.o
                0x00000000080014b4                HAL_TIM_PWM_MspInit
 .text.HAL_TIM_MspPostInit
                0x00000000080014f8       0x74 ./Core/Src/stm32f4xx_hal_msp.o
                0x00000000080014f8                HAL_TIM_MspPostInit
 .text.HAL_InitTick
                0x000000000800156c       0xb4 ./Core/Src/stm32f4xx_hal_timebase_tim.o
                0x000000000800156c                HAL_InitTick
 .text.NMI_Handler
                0x0000000008001620        0x6 ./Core/Src/stm32f4xx_it.o
                0x0000000008001620                NMI_Handler
 .text.HardFault_Handler
                0x0000000008001626        0x6 ./Core/Src/stm32f4xx_it.o
                0x0000000008001626                HardFault_Handler
 .text.MemManage_Handler
                0x000000000800162c        0x6 ./Core/Src/stm32f4xx_it.o
                0x000000000800162c                MemManage_Handler
 .text.BusFault_Handler
                0x0000000008001632        0x6 ./Core/Src/stm32f4xx_it.o
                0x0000000008001632                BusFault_Handler
 .text.UsageFault_Handler
                0x0000000008001638        0x6 ./Core/Src/stm32f4xx_it.o
                0x0000000008001638                UsageFault_Handler
 .text.DebugMon_Handler
                0x000000000800163e        0xe ./Core/Src/stm32f4xx_it.o
                0x000000000800163e                DebugMon_Handler
 .text.TIM2_IRQHandler
                0x000000000800164c       0x14 ./Core/Src/stm32f4xx_it.o
                0x000000000800164c                TIM2_IRQHandler
 .text.TIM3_IRQHandler
                0x0000000008001660       0x14 ./Core/Src/stm32f4xx_it.o
                0x0000000008001660                TIM3_IRQHandler
 .text.OTG_FS_IRQHandler
                0x0000000008001674       0x14 ./Core/Src/stm32f4xx_it.o
                0x0000000008001674                OTG_FS_IRQHandler
 .text._sbrk    0x0000000008001688       0x6c ./Core/Src/sysmem.o
                0x0000000008001688                _sbrk
 .text.SystemInit
                0x00000000080016f4       0x24 ./Core/Src/system_stm32f4xx.o
                0x00000000080016f4                SystemInit
 .text.Reset_Handler
                0x0000000008001718       0x50 ./Core/Startup/startup_stm32f407vgtx.o
                0x0000000008001718                Reset_Handler
 .text.Default_Handler
                0x0000000008001768        0x2 ./Core/Startup/startup_stm32f407vgtx.o
                0x0000000008001768                RTC_Alarm_IRQHandler
                0x0000000008001768                HASH_RNG_IRQHandler
                0x0000000008001768                EXTI2_IRQHandler
                0x0000000008001768                TIM8_CC_IRQHandler
                0x0000000008001768                TIM1_CC_IRQHandler
                0x0000000008001768                DMA2_Stream5_IRQHandler
                0x0000000008001768                DMA1_Stream5_IRQHandler
                0x0000000008001768                PVD_IRQHandler
                0x0000000008001768                SDIO_IRQHandler
                0x0000000008001768                TAMP_STAMP_IRQHandler
                0x0000000008001768                CAN2_RX1_IRQHandler
                0x0000000008001768                EXTI3_IRQHandler
                0x0000000008001768                TIM8_TRG_COM_TIM14_IRQHandler
                0x0000000008001768                TIM1_UP_TIM10_IRQHandler
                0x0000000008001768                TIM8_UP_TIM13_IRQHandler
                0x0000000008001768                I2C3_ER_IRQHandler
                0x0000000008001768                EXTI0_IRQHandler
                0x0000000008001768                I2C2_EV_IRQHandler
                0x0000000008001768                DMA1_Stream2_IRQHandler
                0x0000000008001768                CAN1_RX0_IRQHandler
                0x0000000008001768                FPU_IRQHandler
                0x0000000008001768                OTG_HS_WKUP_IRQHandler
                0x0000000008001768                CAN2_SCE_IRQHandler
                0x0000000008001768                DMA2_Stream2_IRQHandler
                0x0000000008001768                SPI1_IRQHandler
                0x0000000008001768                TIM6_DAC_IRQHandler
                0x0000000008001768                TIM1_BRK_TIM9_IRQHandler
                0x0000000008001768                DCMI_IRQHandler
                0x0000000008001768                CAN2_RX0_IRQHandler
                0x0000000008001768                DMA2_Stream3_IRQHandler
                0x0000000008001768                USART6_IRQHandler
                0x0000000008001768                USART3_IRQHandler
                0x0000000008001768                CAN1_RX1_IRQHandler
                0x0000000008001768                UART5_IRQHandler
                0x0000000008001768                DMA2_Stream0_IRQHandler
                0x0000000008001768                TIM4_IRQHandler
                0x0000000008001768                I2C1_EV_IRQHandler
                0x0000000008001768                DMA1_Stream6_IRQHandler
                0x0000000008001768                DMA1_Stream1_IRQHandler
                0x0000000008001768                UART4_IRQHandler
                0x0000000008001768                RCC_IRQHandler
                0x0000000008001768                TIM8_BRK_TIM12_IRQHandler
                0x0000000008001768                Default_Handler
                0x0000000008001768                EXTI15_10_IRQHandler
                0x0000000008001768                ADC_IRQHandler
                0x0000000008001768                DMA1_Stream7_IRQHandler
                0x0000000008001768                TIM7_IRQHandler
                0x0000000008001768                CAN2_TX_IRQHandler
                0x0000000008001768                TIM5_IRQHandler
                0x0000000008001768                DMA2_Stream7_IRQHandler
                0x0000000008001768                I2C3_EV_IRQHandler
                0x0000000008001768                EXTI9_5_IRQHandler
                0x0000000008001768                RTC_WKUP_IRQHandler
                0x0000000008001768                ETH_WKUP_IRQHandler
                0x0000000008001768                SPI2_IRQHandler
                0x0000000008001768                OTG_HS_EP1_IN_IRQHandler
                0x0000000008001768                DMA1_Stream0_IRQHandler
                0x0000000008001768                CAN1_TX_IRQHandler
                0x0000000008001768                EXTI4_IRQHandler
                0x0000000008001768                FSMC_IRQHandler
                0x0000000008001768                ETH_IRQHandler
                0x0000000008001768                OTG_HS_EP1_OUT_IRQHandler
                0x0000000008001768                WWDG_IRQHandler
                0x0000000008001768                OTG_FS_WKUP_IRQHandler
                0x0000000008001768                TIM1_TRG_COM_TIM11_IRQHandler
                0x0000000008001768                OTG_HS_IRQHandler
                0x0000000008001768                EXTI1_IRQHandler
                0x0000000008001768                USART2_IRQHandler
                0x0000000008001768                I2C2_ER_IRQHandler
                0x0000000008001768                DMA2_Stream1_IRQHandler
                0x0000000008001768                CAN1_SCE_IRQHandler
                0x0000000008001768                FLASH_IRQHandler
                0x0000000008001768                DMA2_Stream4_IRQHandler
                0x0000000008001768                USART1_IRQHandler
                0x0000000008001768                SPI3_IRQHandler
                0x0000000008001768                DMA1_Stream4_IRQHandler
                0x0000000008001768                I2C1_ER_IRQHandler
                0x0000000008001768                DMA2_Stream6_IRQHandler
                0x0000000008001768                DMA1_Stream3_IRQHandler
 *fill*         0x000000000800176a        0x2 
 .text.HAL_Init
                0x000000000800176c       0x44 ./Drivers/STM32F4xx_HAL_Driver/Src/stm32f4xx_hal.o
                0x000000000800176c                HAL_Init
 .text.HAL_IncTick
                0x00000000080017b0       0x28 ./Drivers/STM32F4xx_HAL_Driver/Src/stm32f4xx_hal.o
                0x00000000080017b0                HAL_IncTick
 .text.HAL_GetTick
                0x00000000080017d8       0x18 ./Drivers/STM32F4xx_HAL_Driver/Src/stm32f4xx_hal.o
                0x00000000080017d8                HAL_GetTick
 .text.HAL_Delay
                0x00000000080017f0       0x48 ./Drivers/STM32F4xx_HAL_Driver/Src/stm32f4xx_hal.o
                0x00000000080017f0                HAL_Delay
 .text.HAL_ADC_Init
                0x0000000008001838       0x86 ./Drivers/STM32F4xx_HAL_Driver/Src/stm32f4xx_hal_adc.o
                0x0000000008001838                HAL_ADC_Init
 *fill*         0x00000000080018be        0x2 
 .text.HAL_ADC_Start
                0x00000000080018c0      0x1a4 ./Drivers/STM32F4xx_HAL_Driver/Src/stm32f4xx_hal_adc.o
                0x00000000080018c0                HAL_ADC_Start
 .text.HAL_ADC_GetValue
                0x0000000008001a64       0x1a ./Drivers/STM32F4xx_HAL_Driver/Src/stm32f4xx_hal_adc.o
                0x0000000008001a64                HAL_ADC_GetValue
 *fill*         0x0000000008001a7e        0x2 
 .text.HAL_ADC_ConfigChannel
                0x0000000008001a80      0x244 ./Drivers/STM32F4xx_HAL_Driver/Src/stm32f4xx_hal_adc.o
                0x0000000008001a80                HAL_ADC_ConfigChannel
 .text.ADC_Init
                0x0000000008001cc4      0x1f8 ./Drivers/STM32F4xx_HAL_Driver/Src/stm32f4xx_hal_adc.o
 .text.HAL_ADCEx_InjectedConfigChannel
                0x0000000008001ebc      0x32c ./Drivers/STM32F4xx_HAL_Driver/Src/stm32f4xx_hal_adc_ex.o
                0x0000000008001ebc                HAL_ADCEx_InjectedConfigChannel
 .text.__NVIC_SetPriorityGrouping
                0x00000000080021e8       0x48 ./Drivers/STM32F4xx_HAL_Driver/Src/stm32f4xx_hal_cortex.o
 .text.__NVIC_GetPriorityGrouping
                0x0000000008002230       0x1c ./Drivers/STM32F4xx_HAL_Driver/Src/stm32f4xx_hal_cortex.o
 .text.__NVIC_EnableIRQ
                0x000000000800224c       0x3c ./Drivers/STM32F4xx_HAL_Driver/Src/stm32f4xx_hal_cortex.o
 .text.__NVIC_SetPriority
                0x0000000008002288       0x54 ./Drivers/STM32F4xx_HAL_Driver/Src/stm32f4xx_hal_cortex.o
 .text.NVIC_EncodePriority
                0x00000000080022dc       0x66 ./Drivers/STM32F4xx_HAL_Driver/Src/stm32f4xx_hal_cortex.o
 .text.HAL_NVIC_SetPriorityGrouping
                0x0000000008002342       0x16 ./Drivers/STM32F4xx_HAL_Driver/Src/stm32f4xx_hal_cortex.o
                0x0000000008002342                HAL_NVIC_SetPriorityGrouping
 .text.HAL_NVIC_SetPriority
                0x0000000008002358       0x38 ./Drivers/STM32F4xx_HAL_Driver/Src/stm32f4xx_hal_cortex.o
                0x0000000008002358                HAL_NVIC_SetPriority
 .text.HAL_NVIC_EnableIRQ
                0x0000000008002390       0x1c ./Drivers/STM32F4xx_HAL_Driver/Src/stm32f4xx_hal_cortex.o
                0x0000000008002390                HAL_NVIC_EnableIRQ
 .text.HAL_GPIO_Init
                0x00000000080023ac      0x338 ./Drivers/STM32F4xx_HAL_Driver/Src/stm32f4xx_hal_gpio.o
                0x00000000080023ac                HAL_GPIO_Init
 .text.HAL_GPIO_ReadPin
                0x00000000080026e4       0x30 ./Drivers/STM32F4xx_HAL_Driver/Src/stm32f4xx_hal_gpio.o
                0x00000000080026e4                HAL_GPIO_ReadPin
 .text.HAL_GPIO_WritePin
                0x0000000008002714       0x32 ./Drivers/STM32F4xx_HAL_Driver/Src/stm32f4xx_hal_gpio.o
                0x0000000008002714                HAL_GPIO_WritePin
 .text.HAL_GPIO_TogglePin
                0x0000000008002746       0x34 ./Drivers/STM32F4xx_HAL_Driver/Src/stm32f4xx_hal_gpio.o
                0x0000000008002746                HAL_GPIO_TogglePin
 *fill*         0x000000000800277a        0x2 
 .text.HAL_I2C_Init
                0x000000000800277c      0x288 ./Drivers/STM32F4xx_HAL_Driver/Src/stm32f4xx_hal_i2c.o
                0x000000000800277c                HAL_I2C_Init
 .text.HAL_I2S_Init
                0x0000000008002a04      0x280 ./Drivers/STM32F4xx_HAL_Driver/Src/stm32f4xx_hal_i2s.o
                0x0000000008002a04                HAL_I2S_Init
 .text.HAL_I2S_TxCpltCallback
                0x0000000008002c84       0x14 ./Drivers/STM32F4xx_HAL_Driver/Src/stm32f4xx_hal_i2s.o
                0x0000000008002c84                HAL_I2S_TxCpltCallback
 .text.HAL_I2S_RxCpltCallback
                0x0000000008002c98       0x14 ./Drivers/STM32F4xx_HAL_Driver/Src/stm32f4xx_hal_i2s.o
                0x0000000008002c98                HAL_I2S_RxCpltCallback
 .text.HAL_I2S_ErrorCallback
                0x0000000008002cac       0x14 ./Drivers/STM32F4xx_HAL_Driver/Src/stm32f4xx_hal_i2s.o
                0x0000000008002cac                HAL_I2S_ErrorCallback
 .text.I2S_Transmit_IT
                0x0000000008002cc0       0x5c ./Drivers/STM32F4xx_HAL_Driver/Src/stm32f4xx_hal_i2s.o
 .text.I2S_Receive_IT
                0x0000000008002d1c       0x5e ./Drivers/STM32F4xx_HAL_Driver/Src/stm32f4xx_hal_i2s.o
 .text.I2S_IRQHandler
                0x0000000008002d7a      0x114 ./Drivers/STM32F4xx_HAL_Driver/Src/stm32f4xx_hal_i2s.o
 *fill*         0x0000000008002e8e        0x2 
 .text.HAL_I2SEx_FullDuplex_IRQHandler
                0x0000000008002e90      0x2a8 ./Drivers/STM32F4xx_HAL_Driver/Src/stm32f4xx_hal_i2s_ex.o
                0x0000000008002e90                HAL_I2SEx_FullDuplex_IRQHandler
 .text.HAL_I2SEx_TxRxCpltCallback
                0x0000000008003138       0x14 ./Drivers/STM32F4xx_HAL_Driver/Src/stm32f4xx_hal_i2s_ex.o
                0x0000000008003138                HAL_I2SEx_TxRxCpltCallback
 .text.I2SEx_TxISR_I2S
                0x000000000800314c       0x62 ./Drivers/STM32F4xx_HAL_Driver/Src/stm32f4xx_hal_i2s_ex.o
 *fill*         0x00000000080031ae        0x2 
 .text.I2SEx_TxISR_I2SExt
                0x00000000080031b0       0x98 ./Drivers/STM32F4xx_HAL_Driver/Src/stm32f4xx_hal_i2s_ex.o
 .text.I2SEx_RxISR_I2S
                0x0000000008003248       0x64 ./Drivers/STM32F4xx_HAL_Driver/Src/stm32f4xx_hal_i2s_ex.o
 .text.I2SEx_RxISR_I2SExt
                0x00000000080032ac       0x98 ./Drivers/STM32F4xx_HAL_Driver/Src/stm32f4xx_hal_i2s_ex.o
 .text.HAL_PCD_Init
                0x0000000008003344      0x23a ./Drivers/STM32F4xx_HAL_Driver/Src/stm32f4xx_hal_pcd.o
                0x0000000008003344                HAL_PCD_Init
 .text.HAL_PCD_Start
                0x000000000800357e       0x66 ./Drivers/STM32F4xx_HAL_Driver/Src/stm32f4xx_hal_pcd.o
                0x000000000800357e                HAL_PCD_Start
 .text.HAL_PCD_IRQHandler
                0x00000000080035e4      0x764 ./Drivers/STM32F4xx_HAL_Driver/Src/stm32f4xx_hal_pcd.o
                0x00000000080035e4                HAL_PCD_IRQHandler
 .text.HAL_PCD_SetAddress
                0x0000000008003d48       0x4a ./Drivers/STM32F4xx_HAL_Driver/Src/stm32f4xx_hal_pcd.o
                0x0000000008003d48                HAL_PCD_SetAddress
 .text.HAL_PCD_EP_Open
                0x0000000008003d92       0xd0 ./Drivers/STM32F4xx_HAL_Driver/Src/stm32f4xx_hal_pcd.o
                0x0000000008003d92                HAL_PCD_EP_Open
 .text.HAL_PCD_EP_Close
                0x0000000008003e62       0x94 ./Drivers/STM32F4xx_HAL_Driver/Src/stm32f4xx_hal_pcd.o
                0x0000000008003e62                HAL_PCD_EP_Close
 .text.HAL_PCD_EP_Receive
                0x0000000008003ef6       0x96 ./Drivers/STM32F4xx_HAL_Driver/Src/stm32f4xx_hal_pcd.o
                0x0000000008003ef6                HAL_PCD_EP_Receive
 .text.HAL_PCD_EP_GetRxCount
                0x0000000008003f8c       0x30 ./Drivers/STM32F4xx_HAL_Driver/Src/stm32f4xx_hal_pcd.o
                0x0000000008003f8c                HAL_PCD_EP_GetRxCount
 .text.HAL_PCD_EP_Transmit
                0x0000000008003fbc       0x94 ./Drivers/STM32F4xx_HAL_Driver/Src/stm32f4xx_hal_pcd.o
                0x0000000008003fbc                HAL_PCD_EP_Transmit
 .text.HAL_PCD_EP_SetStall
                0x0000000008004050       0xc8 ./Drivers/STM32F4xx_HAL_Driver/Src/stm32f4xx_hal_pcd.o
                0x0000000008004050                HAL_PCD_EP_SetStall
 .text.HAL_PCD_EP_ClrStall
                0x0000000008004118       0xac ./Drivers/STM32F4xx_HAL_Driver/Src/stm32f4xx_hal_pcd.o
                0x0000000008004118                HAL_PCD_EP_ClrStall
 .text.PCD_WriteEmptyTxFifo
                0x00000000080041c4      0x11a ./Drivers/STM32F4xx_HAL_Driver/Src/stm32f4xx_hal_pcd.o
 *fill*         0x00000000080042de        0x2 
 .text.PCD_EP_OutXfrComplete_int
                0x00000000080042e0      0x218 ./Drivers/STM32F4xx_HAL_Driver/Src/stm32f4xx_hal_pcd.o
 .text.PCD_EP_OutSetupPacket_int
                0x00000000080044f8       0x8c ./Drivers/STM32F4xx_HAL_Driver/Src/stm32f4xx_hal_pcd.o
 .text.HAL_PCDEx_SetTxFiFo
                0x0000000008004584       0x8e ./Drivers/STM32F4xx_HAL_Driver/Src/stm32f4xx_hal_pcd_ex.o
                0x0000000008004584                HAL_PCDEx_SetTxFiFo
 .text.HAL_PCDEx_SetRxFiFo
                0x0000000008004612       0x22 ./Drivers/STM32F4xx_HAL_Driver/Src/stm32f4xx_hal_pcd_ex.o
                0x0000000008004612                HAL_PCDEx_SetRxFiFo
 .text.HAL_PCDEx_LPM_Callback
                0x0000000008004634       0x18 ./Drivers/STM32F4xx_HAL_Driver/Src/stm32f4xx_hal_pcd_ex.o
                0x0000000008004634                HAL_PCDEx_LPM_Callback
 .text.HAL_RCC_OscConfig
                0x000000000800464c      0x4f0 ./Drivers/STM32F4xx_HAL_Driver/Src/stm32f4xx_hal_rcc.o
                0x000000000800464c                HAL_RCC_OscConfig
 .text.HAL_RCC_ClockConfig
                0x0000000008004b3c      0x1cc ./Drivers/STM32F4xx_HAL_Driver/Src/stm32f4xx_hal_rcc.o
                0x0000000008004b3c                HAL_RCC_ClockConfig
 .text.HAL_RCC_GetSysClockFreq
                0x0000000008004d08      0x1c4 ./Drivers/STM32F4xx_HAL_Driver/Src/stm32f4xx_hal_rcc.o
                0x0000000008004d08                HAL_RCC_GetSysClockFreq
 .text.HAL_RCC_GetHCLKFreq
                0x0000000008004ecc       0x18 ./Drivers/STM32F4xx_HAL_Driver/Src/stm32f4xx_hal_rcc.o
                0x0000000008004ecc                HAL_RCC_GetHCLKFreq
 .text.HAL_RCC_GetPCLK1Freq
                0x0000000008004ee4       0x28 ./Drivers/STM32F4xx_HAL_Driver/Src/stm32f4xx_hal_rcc.o
                0x0000000008004ee4                HAL_RCC_GetPCLK1Freq
 .text.HAL_RCC_GetClockConfig
                0x0000000008004f0c       0x64 ./Drivers/STM32F4xx_HAL_Driver/Src/stm32f4xx_hal_rcc.o
                0x0000000008004f0c                HAL_RCC_GetClockConfig
 .text.HAL_RCCEx_PeriphCLKConfig
                0x0000000008004f70      0x1c4 ./Drivers/STM32F4xx_HAL_Driver/Src/stm32f4xx_hal_rcc_ex.o
                0x0000000008004f70                HAL_RCCEx_PeriphCLKConfig
 .text.HAL_RCCEx_GetPeriphCLKFreq
                0x0000000008005134       0xbc ./Drivers/STM32F4xx_HAL_Driver/Src/stm32f4xx_hal_rcc_ex.o
                0x0000000008005134                HAL_RCCEx_GetPeriphCLKFreq
 .text.HAL_SPI_Init
                0x00000000080051f0      0x112 ./Drivers/STM32F4xx_HAL_Driver/Src/stm32f4xx_hal_spi.o
                0x00000000080051f0                HAL_SPI_Init
 .text.HAL_TIM_Base_Init
                0x0000000008005302       0x9e ./Drivers/STM32F4xx_HAL_Driver/Src/stm32f4xx_hal_tim.o
                0x0000000008005302                HAL_TIM_Base_Init
 .text.HAL_TIM_Base_Start_IT
                0x00000000080053a0       0xe0 ./Drivers/STM32F4xx_HAL_Driver/Src/stm32f4xx_hal_tim.o
                0x00000000080053a0                HAL_TIM_Base_Start_IT
 .text.HAL_TIM_PWM_Init
                0x0000000008005480       0x9e ./Drivers/STM32F4xx_HAL_Driver/Src/stm32f4xx_hal_tim.o
                0x0000000008005480                HAL_TIM_PWM_Init
 *fill*         0x000000000800551e        0x2 
 .text.HAL_TIM_PWM_Start
                0x0000000008005520      0x190 ./Drivers/STM32F4xx_HAL_Driver/Src/stm32f4xx_hal_tim.o
                0x0000000008005520                HAL_TIM_PWM_Start
 .text.HAL_TIM_IRQHandler
                0x00000000080056b0      0x210 ./Drivers/STM32F4xx_HAL_Driver/Src/stm32f4xx_hal_tim.o
                0x00000000080056b0                HAL_TIM_IRQHandler
 .text.HAL_TIM_PWM_ConfigChannel
                0x00000000080058c0      0x184 ./Drivers/STM32F4xx_HAL_Driver/Src/stm32f4xx_hal_tim.o
                0x00000000080058c0                HAL_TIM_PWM_ConfigChannel
 .text.HAL_TIM_ConfigClockSource
                0x0000000008005a44      0x18e ./Drivers/STM32F4xx_HAL_Driver/Src/stm32f4xx_hal_tim.o
                0x0000000008005a44                HAL_TIM_ConfigClockSource
 .text.HAL_TIM_OC_DelayElapsedCallback
                0x0000000008005bd2       0x14 ./Drivers/STM32F4xx_HAL_Driver/Src/stm32f4xx_hal_tim.o
                0x0000000008005bd2                HAL_TIM_OC_DelayElapsedCallback
 .text.HAL_TIM_IC_CaptureCallback
                0x0000000008005be6       0x14 ./Drivers/STM32F4xx_HAL_Driver/Src/stm32f4xx_hal_tim.o
                0x0000000008005be6                HAL_TIM_IC_CaptureCallback
 .text.HAL_TIM_PWM_PulseFinishedCallback
                0x0000000008005bfa       0x14 ./Drivers/STM32F4xx_HAL_Driver/Src/stm32f4xx_hal_tim.o
                0x0000000008005bfa                HAL_TIM_PWM_PulseFinishedCallback
 .text.HAL_TIM_TriggerCallback
                0x0000000008005c0e       0x14 ./Drivers/STM32F4xx_HAL_Driver/Src/stm32f4xx_hal_tim.o
                0x0000000008005c0e                HAL_TIM_TriggerCallback
 *fill*         0x0000000008005c22        0x2 
 .text.TIM_Base_SetConfig
                0x0000000008005c24      0x140 ./Drivers/STM32F4xx_HAL_Driver/Src/stm32f4xx_hal_tim.o
                0x0000000008005c24                TIM_Base_SetConfig
 .text.TIM_OC1_SetConfig
                0x0000000008005d64       0xe0 ./Drivers/STM32F4xx_HAL_Driver/Src/stm32f4xx_hal_tim.o
 .text.TIM_OC2_SetConfig
                0x0000000008005e44       0xec ./Drivers/STM32F4xx_HAL_Driver/Src/stm32f4xx_hal_tim.o
                0x0000000008005e44                TIM_OC2_SetConfig
 .text.TIM_OC3_SetConfig
                0x0000000008005f30       0xe8 ./Drivers/STM32F4xx_HAL_Driver/Src/stm32f4xx_hal_tim.o
 .text.TIM_OC4_SetConfig
                0x0000000008006018       0xac ./Drivers/STM32F4xx_HAL_Driver/Src/stm32f4xx_hal_tim.o
 .text.TIM_TI1_ConfigInputStage
                0x00000000080060c4       0x5e ./Drivers/STM32F4xx_HAL_Driver/Src/stm32f4xx_hal_tim.o
 .text.TIM_TI2_ConfigInputStage
                0x0000000008006122       0x60 ./Drivers/STM32F4xx_HAL_Driver/Src/stm32f4xx_hal_tim.o
 .text.TIM_ITRx_SetConfig
                0x0000000008006182       0x36 ./Drivers/STM32F4xx_HAL_Driver/Src/stm32f4xx_hal_tim.o
 .text.TIM_ETR_SetConfig
                0x00000000080061b8       0x40 ./Drivers/STM32F4xx_HAL_Driver/Src/stm32f4xx_hal_tim.o
                0x00000000080061b8                TIM_ETR_SetConfig
 .text.TIM_CCxChannelCmd
                0x00000000080061f8       0x4a ./Drivers/STM32F4xx_HAL_Driver/Src/stm32f4xx_hal_tim.o
                0x00000000080061f8                TIM_CCxChannelCmd
 *fill*         0x0000000008006242        0x2 
 .text.HAL_TIMEx_MasterConfigSynchronization
                0x0000000008006244       0xf8 ./Drivers/STM32F4xx_HAL_Driver/Src/stm32f4xx_hal_tim_ex.o
                0x0000000008006244                HAL_TIMEx_MasterConfigSynchronization
 .text.HAL_TIMEx_CommutCallback
                0x000000000800633c       0x14 ./Drivers/STM32F4xx_HAL_Driver/Src/stm32f4xx_hal_tim_ex.o
                0x000000000800633c                HAL_TIMEx_CommutCallback
 .text.HAL_TIMEx_BreakCallback
                0x0000000008006350       0x14 ./Drivers/STM32F4xx_HAL_Driver/Src/stm32f4xx_hal_tim_ex.o
                0x0000000008006350                HAL_TIMEx_BreakCallback
 .text.USB_CoreInit
                0x0000000008006364       0xc2 ./Drivers/STM32F4xx_HAL_Driver/Src/stm32f4xx_ll_usb.o
                0x0000000008006364                USB_CoreInit
 *fill*         0x0000000008006426        0x2 
 .text.USB_SetTurnaroundTime
                0x0000000008006428      0x144 ./Drivers/STM32F4xx_HAL_Driver/Src/stm32f4xx_ll_usb.o
                0x0000000008006428                USB_SetTurnaroundTime
 .text.USB_EnableGlobalInt
                0x000000000800656c       0x22 ./Drivers/STM32F4xx_HAL_Driver/Src/stm32f4xx_ll_usb.o
                0x000000000800656c                USB_EnableGlobalInt
 .text.USB_DisableGlobalInt
                0x000000000800658e       0x22 ./Drivers/STM32F4xx_HAL_Driver/Src/stm32f4xx_ll_usb.o
                0x000000000800658e                USB_DisableGlobalInt
 .text.USB_SetCurrentMode
                0x00000000080065b0       0x98 ./Drivers/STM32F4xx_HAL_Driver/Src/stm32f4xx_ll_usb.o
                0x00000000080065b0                USB_SetCurrentMode
 .text.USB_DevInit
                0x0000000008006648      0x2c8 ./Drivers/STM32F4xx_HAL_Driver/Src/stm32f4xx_ll_usb.o
                0x0000000008006648                USB_DevInit
 .text.USB_FlushTxFifo
                0x0000000008006910       0x48 ./Drivers/STM32F4xx_HAL_Driver/Src/stm32f4xx_ll_usb.o
                0x0000000008006910                USB_FlushTxFifo
 .text.USB_FlushRxFifo
                0x0000000008006958       0x40 ./Drivers/STM32F4xx_HAL_Driver/Src/stm32f4xx_ll_usb.o
                0x0000000008006958                USB_FlushRxFifo
 .text.USB_SetDevSpeed
                0x0000000008006998       0x32 ./Drivers/STM32F4xx_HAL_Driver/Src/stm32f4xx_ll_usb.o
                0x0000000008006998                USB_SetDevSpeed
 .text.USB_GetDevSpeed
                0x00000000080069ca       0x4a ./Drivers/STM32F4xx_HAL_Driver/Src/stm32f4xx_ll_usb.o
                0x00000000080069ca                USB_GetDevSpeed
 .text.USB_ActivateEndpoint
                0x0000000008006a14      0x10e ./Drivers/STM32F4xx_HAL_Driver/Src/stm32f4xx_ll_usb.o
                0x0000000008006a14                USB_ActivateEndpoint
 *fill*         0x0000000008006b22        0x2 
 .text.USB_DeactivateEndpoint
                0x0000000008006b24      0x1b8 ./Drivers/STM32F4xx_HAL_Driver/Src/stm32f4xx_ll_usb.o
                0x0000000008006b24                USB_DeactivateEndpoint
 .text.USB_EPStartXfer
                0x0000000008006cdc      0x488 ./Drivers/STM32F4xx_HAL_Driver/Src/stm32f4xx_ll_usb.o
                0x0000000008006cdc                USB_EPStartXfer
 .text.USB_EP0StartXfer
                0x0000000008007164      0x2a6 ./Drivers/STM32F4xx_HAL_Driver/Src/stm32f4xx_ll_usb.o
                0x0000000008007164                USB_EP0StartXfer
 .text.USB_WritePacket
                0x000000000800740a       0x7c ./Drivers/STM32F4xx_HAL_Driver/Src/stm32f4xx_ll_usb.o
                0x000000000800740a                USB_WritePacket
 .text.USB_ReadPacket
                0x0000000008007486       0xb0 ./Drivers/STM32F4xx_HAL_Driver/Src/stm32f4xx_ll_usb.o
                0x0000000008007486                USB_ReadPacket
 .text.USB_EPSetStall
                0x0000000008007536       0xdc ./Drivers/STM32F4xx_HAL_Driver/Src/stm32f4xx_ll_usb.o
                0x0000000008007536                USB_EPSetStall
 .text.USB_EPClearStall
                0x0000000008007612       0xcc ./Drivers/STM32F4xx_HAL_Driver/Src/stm32f4xx_ll_usb.o
                0x0000000008007612                USB_EPClearStall
 .text.USB_SetDevAddress
                0x00000000080076de       0x4c ./Drivers/STM32F4xx_HAL_Driver/Src/stm32f4xx_ll_usb.o
                0x00000000080076de                USB_SetDevAddress
 .text.USB_DevConnect
                0x000000000800772a       0x42 ./Drivers/STM32F4xx_HAL_Driver/Src/stm32f4xx_ll_usb.o
                0x000000000800772a                USB_DevConnect
 .text.USB_DevDisconnect
                0x000000000800776c       0x42 ./Drivers/STM32F4xx_HAL_Driver/Src/stm32f4xx_ll_usb.o
                0x000000000800776c                USB_DevDisconnect
 .text.USB_ReadInterrupts
                0x00000000080077ae       0x26 ./Drivers/STM32F4xx_HAL_Driver/Src/stm32f4xx_ll_usb.o
                0x00000000080077ae                USB_ReadInterrupts
 .text.USB_ReadDevAllOutEpInterrupt
                0x00000000080077d4       0x34 ./Drivers/STM32F4xx_HAL_Driver/Src/stm32f4xx_ll_usb.o
                0x00000000080077d4                USB_ReadDevAllOutEpInterrupt
 .text.USB_ReadDevAllInEpInterrupt
                0x0000000008007808       0x34 ./Drivers/STM32F4xx_HAL_Driver/Src/stm32f4xx_ll_usb.o
                0x0000000008007808                USB_ReadDevAllInEpInterrupt
 .text.USB_ReadDevOutEPInterrupt
                0x000000000800783c       0x3c ./Drivers/STM32F4xx_HAL_Driver/Src/stm32f4xx_ll_usb.o
                0x000000000800783c                USB_ReadDevOutEPInterrupt
 .text.USB_ReadDevInEPInterrupt
                0x0000000008007878       0x5c ./Drivers/STM32F4xx_HAL_Driver/Src/stm32f4xx_ll_usb.o
                0x0000000008007878                USB_ReadDevInEPInterrupt
 .text.USB_GetMode
                0x00000000080078d4       0x1c ./Drivers/STM32F4xx_HAL_Driver/Src/stm32f4xx_ll_usb.o
                0x00000000080078d4                USB_GetMode
 .text.USB_ActivateSetup
                0x00000000080078f0       0x46 ./Drivers/STM32F4xx_HAL_Driver/Src/stm32f4xx_ll_usb.o
                0x00000000080078f0                USB_ActivateSetup
 *fill*         0x0000000008007936        0x2 
 .text.USB_EP0_OutStart
                0x0000000008007938       0xbc ./Drivers/STM32F4xx_HAL_Driver/Src/stm32f4xx_ll_usb.o
                0x0000000008007938                USB_EP0_OutStart
 .text.USB_CoreReset
                0x00000000080079f4       0x64 ./Drivers/STM32F4xx_HAL_Driver/Src/stm32f4xx_ll_usb.o
 .text.USBD_CDC_Init
                0x0000000008007a58       0xfe ./Middlewares/ST/STM32_USB_Device_Library/Class/CDC/Src/usbd_cdc.o
 .text.USBD_CDC_DeInit
                0x0000000008007b56       0x74 ./Middlewares/ST/STM32_USB_Device_Library/Class/CDC/Src/usbd_cdc.o
 *fill*         0x0000000008007bca        0x2 
 .text.USBD_CDC_Setup
                0x0000000008007bcc      0x190 ./Middlewares/ST/STM32_USB_Device_Library/Class/CDC/Src/usbd_cdc.o
 .text.USBD_CDC_DataIn
                0x0000000008007d5c       0xca ./Middlewares/ST/STM32_USB_Device_Library/Class/CDC/Src/usbd_cdc.o
 .text.USBD_CDC_DataOut
                0x0000000008007e26       0x56 ./Middlewares/ST/STM32_USB_Device_Library/Class/CDC/Src/usbd_cdc.o
 .text.USBD_CDC_EP0_RxReady
                0x0000000008007e7c       0x5a ./Middlewares/ST/STM32_USB_Device_Library/Class/CDC/Src/usbd_cdc.o
 *fill*         0x0000000008007ed6        0x2 
 .text.USBD_CDC_GetFSCfgDesc
                0x0000000008007ed8       0x20 ./Middlewares/ST/STM32_USB_Device_Library/Class/CDC/Src/usbd_cdc.o
 .text.USBD_CDC_GetHSCfgDesc
                0x0000000008007ef8       0x20 ./Middlewares/ST/STM32_USB_Device_Library/Class/CDC/Src/usbd_cdc.o
 .text.USBD_CDC_GetOtherSpeedCfgDesc
                0x0000000008007f18       0x20 ./Middlewares/ST/STM32_USB_Device_Library/Class/CDC/Src/usbd_cdc.o
 .text.USBD_CDC_GetDeviceQualifierDescriptor
                0x0000000008007f38       0x20 ./Middlewares/ST/STM32_USB_Device_Library/Class/CDC/Src/usbd_cdc.o
                0x0000000008007f38                USBD_CDC_GetDeviceQualifierDescriptor
 .text.USBD_CDC_RegisterInterface
                0x0000000008007f58       0x2a ./Middlewares/ST/STM32_USB_Device_Library/Class/CDC/Src/usbd_cdc.o
                0x0000000008007f58                USBD_CDC_RegisterInterface
 .text.USBD_CDC_SetTxBuffer
                0x0000000008007f82       0x3c ./Middlewares/ST/STM32_USB_Device_Library/Class/CDC/Src/usbd_cdc.o
                0x0000000008007f82                USBD_CDC_SetTxBuffer
 .text.USBD_CDC_SetRxBuffer
                0x0000000008007fbe       0x32 ./Middlewares/ST/STM32_USB_Device_Library/Class/CDC/Src/usbd_cdc.o
                0x0000000008007fbe                USBD_CDC_SetRxBuffer
 .text.USBD_CDC_TransmitPacket
                0x0000000008007ff0       0x60 ./Middlewares/ST/STM32_USB_Device_Library/Class/CDC/Src/usbd_cdc.o
                0x0000000008007ff0                USBD_CDC_TransmitPacket
 .text.USBD_CDC_ReceivePacket
                0x0000000008008050       0x54 ./Middlewares/ST/STM32_USB_Device_Library/Class/CDC/Src/usbd_cdc.o
                0x0000000008008050                USBD_CDC_ReceivePacket
 .text.USBD_Init
                0x00000000080080a4       0x60 ./Middlewares/ST/STM32_USB_Device_Library/Core/Src/usbd_core.o
                0x00000000080080a4                USBD_Init
 .text.USBD_RegisterClass
                0x0000000008008104       0x4e ./Middlewares/ST/STM32_USB_Device_Library/Core/Src/usbd_core.o
                0x0000000008008104                USBD_RegisterClass
 .text.USBD_Start
                0x0000000008008152       0x18 ./Middlewares/ST/STM32_USB_Device_Library/Core/Src/usbd_core.o
                0x0000000008008152                USBD_Start
 .text.USBD_RunTestMode
                0x000000000800816a       0x16 ./Middlewares/ST/STM32_USB_Device_Library/Core/Src/usbd_core.o
                0x000000000800816a                USBD_RunTestMode
 .text.USBD_SetClassConfig
                0x0000000008008180       0x38 ./Middlewares/ST/STM32_USB_Device_Library/Core/Src/usbd_core.o
                0x0000000008008180                USBD_SetClassConfig
 .text.USBD_ClrClassConfig
                0x00000000080081b8       0x30 ./Middlewares/ST/STM32_USB_Device_Library/Core/Src/usbd_core.o
                0x00000000080081b8                USBD_ClrClassConfig
 .text.USBD_LL_SetupStage
                0x00000000080081e8       0xaa ./Middlewares/ST/STM32_USB_Device_Library/Core/Src/usbd_core.o
                0x00000000080081e8                USBD_LL_SetupStage
 .text.USBD_LL_DataOutStage
                0x0000000008008292       0xc6 ./Middlewares/ST/STM32_USB_Device_Library/Core/Src/usbd_core.o
                0x0000000008008292                USBD_LL_DataOutStage
 .text.USBD_LL_DataInStage
                0x0000000008008358      0x12c ./Middlewares/ST/STM32_USB_Device_Library/Core/Src/usbd_core.o
                0x0000000008008358                USBD_LL_DataInStage
 .text.USBD_LL_Reset
                0x0000000008008484       0x9c ./Middlewares/ST/STM32_USB_Device_Library/Core/Src/usbd_core.o
                0x0000000008008484                USBD_LL_Reset
 .text.USBD_LL_SetSpeed
                0x0000000008008520       0x20 ./Middlewares/ST/STM32_USB_Device_Library/Core/Src/usbd_core.o
                0x0000000008008520                USBD_LL_SetSpeed
 .text.USBD_LL_Suspend
                0x0000000008008540       0x2c ./Middlewares/ST/STM32_USB_Device_Library/Core/Src/usbd_core.o
                0x0000000008008540                USBD_LL_Suspend
 .text.USBD_LL_Resume
                0x000000000800856c       0x30 ./Middlewares/ST/STM32_USB_Device_Library/Core/Src/usbd_core.o
                0x000000000800856c                USBD_LL_Resume
 .text.USBD_LL_SOF
                0x000000000800859c       0x44 ./Middlewares/ST/STM32_USB_Device_Library/Core/Src/usbd_core.o
                0x000000000800859c                USBD_LL_SOF
 .text.USBD_LL_IsoINIncomplete
                0x00000000080085e0       0x4c ./Middlewares/ST/STM32_USB_Device_Library/Core/Src/usbd_core.o
                0x00000000080085e0                USBD_LL_IsoINIncomplete
 .text.USBD_LL_IsoOUTIncomplete
                0x000000000800862c       0x4c ./Middlewares/ST/STM32_USB_Device_Library/Core/Src/usbd_core.o
                0x000000000800862c                USBD_LL_IsoOUTIncomplete
 .text.USBD_LL_DevConnected
                0x0000000008008678       0x16 ./Middlewares/ST/STM32_USB_Device_Library/Core/Src/usbd_core.o
                0x0000000008008678                USBD_LL_DevConnected
 .text.USBD_LL_DevDisconnected
                0x000000000800868e       0x38 ./Middlewares/ST/STM32_USB_Device_Library/Core/Src/usbd_core.o
                0x000000000800868e                USBD_LL_DevDisconnected
 .text.SWAPBYTE
                0x00000000080086c6       0x3c ./Middlewares/ST/STM32_USB_Device_Library/Core/Src/usbd_ctlreq.o
 *fill*         0x0000000008008702        0x2 
 .text.USBD_StdDevReq
                0x0000000008008704       0xdc ./Middlewares/ST/STM32_USB_Device_Library/Core/Src/usbd_ctlreq.o
                0x0000000008008704                USBD_StdDevReq
 .text.USBD_StdItfReq
                0x00000000080087e0       0x92 ./Middlewares/ST/STM32_USB_Device_Library/Core/Src/usbd_ctlreq.o
                0x00000000080087e0                USBD_StdItfReq
 .text.USBD_StdEPReq
                0x0000000008008872      0x2c4 ./Middlewares/ST/STM32_USB_Device_Library/Core/Src/usbd_ctlreq.o
                0x0000000008008872                USBD_StdEPReq
 *fill*         0x0000000008008b36        0x2 
 .text.USBD_GetDescriptor
                0x0000000008008b38      0x2d4 ./Middlewares/ST/STM32_USB_Device_Library/Core/Src/usbd_ctlreq.o
 .text.USBD_SetAddress
                0x0000000008008e0c       0x88 ./Middlewares/ST/STM32_USB_Device_Library/Core/Src/usbd_ctlreq.o
 .text.USBD_SetConfig
                0x0000000008008e94      0x14c ./Middlewares/ST/STM32_USB_Device_Library/Core/Src/usbd_ctlreq.o
 .text.USBD_GetConfig
                0x0000000008008fe0       0x6c ./Middlewares/ST/STM32_USB_Device_Library/Core/Src/usbd_ctlreq.o
 .text.USBD_GetStatus
                0x000000000800904c       0x68 ./Middlewares/ST/STM32_USB_Device_Library/Core/Src/usbd_ctlreq.o
 .text.USBD_SetFeature
                0x00000000080090b4       0x28 ./Middlewares/ST/STM32_USB_Device_Library/Core/Src/usbd_ctlreq.o
 .text.USBD_ClrFeature
                0x00000000080090dc       0x44 ./Middlewares/ST/STM32_USB_Device_Library/Core/Src/usbd_ctlreq.o
 .text.USBD_ParseSetupRequest
                0x0000000008009120       0x74 ./Middlewares/ST/STM32_USB_Device_Library/Core/Src/usbd_ctlreq.o
                0x0000000008009120                USBD_ParseSetupRequest
 .text.USBD_CtlError
                0x0000000008009194       0x22 ./Middlewares/ST/STM32_USB_Device_Library/Core/Src/usbd_ctlreq.o
                0x0000000008009194                USBD_CtlError
 .text.USBD_GetString
                0x00000000080091b6       0x8c ./Middlewares/ST/STM32_USB_Device_Library/Core/Src/usbd_ctlreq.o
                0x00000000080091b6                USBD_GetString
 .text.USBD_GetLen
                0x0000000008009242       0x34 ./Middlewares/ST/STM32_USB_Device_Library/Core/Src/usbd_ctlreq.o
 .text.USBD_CtlSendData
                0x0000000008009276       0x36 ./Middlewares/ST/STM32_USB_Device_Library/Core/Src/usbd_ioreq.o
                0x0000000008009276                USBD_CtlSendData
 .text.USBD_CtlContinueSendData
                0x00000000080092ac       0x22 ./Middlewares/ST/STM32_USB_Device_Library/Core/Src/usbd_ioreq.o
                0x00000000080092ac                USBD_CtlContinueSendData
 .text.USBD_CtlPrepareRx
                0x00000000080092ce       0x3a ./Middlewares/ST/STM32_USB_Device_Library/Core/Src/usbd_ioreq.o
                0x00000000080092ce                USBD_CtlPrepareRx
 .text.USBD_CtlContinueRx
                0x0000000008009308       0x22 ./Middlewares/ST/STM32_USB_Device_Library/Core/Src/usbd_ioreq.o
                0x0000000008009308                USBD_CtlContinueRx
 .text.USBD_CtlSendStatus
                0x000000000800932a       0x26 ./Middlewares/ST/STM32_USB_Device_Library/Core/Src/usbd_ioreq.o
                0x000000000800932a                USBD_CtlSendStatus
 .text.USBD_CtlReceiveStatus
                0x0000000008009350       0x26 ./Middlewares/ST/STM32_USB_Device_Library/Core/Src/usbd_ioreq.o
                0x0000000008009350                USBD_CtlReceiveStatus
 *fill*         0x0000000008009376        0x2 
 .text.__NVIC_SetPriority
                0x0000000008009378       0x54 ./Middlewares/Third_Party/FreeRTOS/Source/CMSIS_RTOS_V2/cmsis_os2.o
 .text.SysTick_Handler
                0x00000000080093cc       0x20 ./Middlewares/Third_Party/FreeRTOS/Source/CMSIS_RTOS_V2/cmsis_os2.o
                0x00000000080093cc                SysTick_Handler
 .text.SVC_Setup
                0x00000000080093ec       0x12 ./Middlewares/Third_Party/FreeRTOS/Source/CMSIS_RTOS_V2/cmsis_os2.o
 *fill*         0x00000000080093fe        0x2 
 .text.osKernelInitialize
                0x0000000008009400       0x48 ./Middlewares/Third_Party/FreeRTOS/Source/CMSIS_RTOS_V2/cmsis_os2.o
                0x0000000008009400                osKernelInitialize
 .text.osKernelStart
                0x0000000008009448       0x4c ./Middlewares/Third_Party/FreeRTOS/Source/CMSIS_RTOS_V2/cmsis_os2.o
                0x0000000008009448                osKernelStart
 .text.osThreadNew
                0x0000000008009494      0x124 ./Middlewares/Third_Party/FreeRTOS/Source/CMSIS_RTOS_V2/cmsis_os2.o
                0x0000000008009494                osThreadNew
 .text.osDelay  0x00000000080095b8       0x36 ./Middlewares/Third_Party/FreeRTOS/Source/CMSIS_RTOS_V2/cmsis_os2.o
                0x00000000080095b8                osDelay
 .text.osSemaphoreNew
                0x00000000080095ee      0x112 ./Middlewares/Third_Party/FreeRTOS/Source/CMSIS_RTOS_V2/cmsis_os2.o
                0x00000000080095ee                osSemaphoreNew
 .text.osSemaphoreAcquire
                0x0000000008009700       0xa4 ./Middlewares/Third_Party/FreeRTOS/Source/CMSIS_RTOS_V2/cmsis_os2.o
                0x0000000008009700                osSemaphoreAcquire
 .text.osSemaphoreRelease
                0x00000000080097a4       0x88 ./Middlewares/Third_Party/FreeRTOS/Source/CMSIS_RTOS_V2/cmsis_os2.o
                0x00000000080097a4                osSemaphoreRelease
 .text.osMessageQueueNew
                0x000000000800982c       0xe6 ./Middlewares/Third_Party/FreeRTOS/Source/CMSIS_RTOS_V2/cmsis_os2.o
                0x000000000800982c                osMessageQueueNew
 *fill*         0x0000000008009912        0x2 
 .text.osMessageQueuePut
                0x0000000008009914       0xc0 ./Middlewares/Third_Party/FreeRTOS/Source/CMSIS_RTOS_V2/cmsis_os2.o
                0x0000000008009914                osMessageQueuePut
 .text.osMessageQueueGet
                0x00000000080099d4       0xbc ./Middlewares/Third_Party/FreeRTOS/Source/CMSIS_RTOS_V2/cmsis_os2.o
                0x00000000080099d4                osMessageQueueGet
 .text.vApplicationGetIdleTaskMemory
                0x0000000008009a90       0x34 ./Middlewares/Third_Party/FreeRTOS/Source/CMSIS_RTOS_V2/cmsis_os2.o
                0x0000000008009a90                vApplicationGetIdleTaskMemory
 .text.vApplicationGetTimerTaskMemory
                0x0000000008009ac4       0x34 ./Middlewares/Third_Party/FreeRTOS/Source/CMSIS_RTOS_V2/cmsis_os2.o
                0x0000000008009ac4                vApplicationGetTimerTaskMemory
 .text.vListInitialise
                0x0000000008009af8       0x40 ./Middlewares/Third_Party/FreeRTOS/Source/list.o
                0x0000000008009af8                vListInitialise
 .text.vListInitialiseItem
                0x0000000008009b38       0x1a ./Middlewares/Third_Party/FreeRTOS/Source/list.o
                0x0000000008009b38                vListInitialiseItem
 .text.vListInsertEnd
                0x0000000008009b52       0x48 ./Middlewares/Third_Party/FreeRTOS/Source/list.o
                0x0000000008009b52                vListInsertEnd
 .text.vListInsert
                0x0000000008009b9a       0x72 ./Middlewares/Third_Party/FreeRTOS/Source/list.o
                0x0000000008009b9a                vListInsert
 .text.uxListRemove
                0x0000000008009c0c       0x54 ./Middlewares/Third_Party/FreeRTOS/Source/list.o
                0x0000000008009c0c                uxListRemove
 .text.xQueueGenericReset
                0x0000000008009c60       0xd0 ./Middlewares/Third_Party/FreeRTOS/Source/queue.o
                0x0000000008009c60                xQueueGenericReset
 .text.xQueueGenericCreateStatic
                0x0000000008009d30       0xf0 ./Middlewares/Third_Party/FreeRTOS/Source/queue.o
                0x0000000008009d30                xQueueGenericCreateStatic
 .text.xQueueGenericCreate
                0x0000000008009e20       0x74 ./Middlewares/Third_Party/FreeRTOS/Source/queue.o
                0x0000000008009e20                xQueueGenericCreate
 .text.prvInitialiseNewQueue
                0x0000000008009e94       0x46 ./Middlewares/Third_Party/FreeRTOS/Source/queue.o
 .text.xQueueCreateCountingSemaphoreStatic
                0x0000000008009eda       0x6e ./Middlewares/Third_Party/FreeRTOS/Source/queue.o
                0x0000000008009eda                xQueueCreateCountingSemaphoreStatic
 .text.xQueueCreateCountingSemaphore
                0x0000000008009f48       0x66 ./Middlewares/Third_Party/FreeRTOS/Source/queue.o
                0x0000000008009f48                xQueueCreateCountingSemaphore
 *fill*         0x0000000008009fae        0x2 
 .text.xQueueGenericSend
                0x0000000008009fb0      0x1fc ./Middlewares/Third_Party/FreeRTOS/Source/queue.o
                0x0000000008009fb0                xQueueGenericSend
 .text.xQueueGenericSendFromISR
                0x000000000800a1ac      0x136 ./Middlewares/Third_Party/FreeRTOS/Source/queue.o
                0x000000000800a1ac                xQueueGenericSendFromISR
 .text.xQueueGiveFromISR
                0x000000000800a2e2      0x11a ./Middlewares/Third_Party/FreeRTOS/Source/queue.o
                0x000000000800a2e2                xQueueGiveFromISR
 .text.xQueueReceive
                0x000000000800a3fc      0x1c0 ./Middlewares/Third_Party/FreeRTOS/Source/queue.o
                0x000000000800a3fc                xQueueReceive
 .text.xQueueSemaphoreTake
                0x000000000800a5bc      0x218 ./Middlewares/Third_Party/FreeRTOS/Source/queue.o
                0x000000000800a5bc                xQueueSemaphoreTake
 .text.xQueueReceiveFromISR
                0x000000000800a7d4      0x100 ./Middlewares/Third_Party/FreeRTOS/Source/queue.o
                0x000000000800a7d4                xQueueReceiveFromISR
 .text.vQueueDelete
                0x000000000800a8d4       0x46 ./Middlewares/Third_Party/FreeRTOS/Source/queue.o
                0x000000000800a8d4                vQueueDelete
 .text.prvGetDisinheritPriorityAfterTimeout
                0x000000000800a91a       0x30 ./Middlewares/Third_Party/FreeRTOS/Source/queue.o
 .text.prvCopyDataToQueue
                0x000000000800a94a       0xd4 ./Middlewares/Third_Party/FreeRTOS/Source/queue.o
 .text.prvCopyDataFromQueue
                0x000000000800aa1e       0x4c ./Middlewares/Third_Party/FreeRTOS/Source/queue.o
 .text.prvUnlockQueue
                0x000000000800aa6a       0xa4 ./Middlewares/Third_Party/FreeRTOS/Source/queue.o
 .text.prvIsQueueEmpty
                0x000000000800ab0e       0x2c ./Middlewares/Third_Party/FreeRTOS/Source/queue.o
 .text.prvIsQueueFull
                0x000000000800ab3a       0x30 ./Middlewares/Third_Party/FreeRTOS/Source/queue.o
 *fill*         0x000000000800ab6a        0x2 
 .text.vQueueAddToRegistry
                0x000000000800ab6c       0x54 ./Middlewares/Third_Party/FreeRTOS/Source/queue.o
                0x000000000800ab6c                vQueueAddToRegistry
 .text.vQueueUnregisterQueue
                0x000000000800abc0       0x54 ./Middlewares/Third_Party/FreeRTOS/Source/queue.o
                0x000000000800abc0                vQueueUnregisterQueue
 .text.vQueueWaitForMessageRestricted
                0x000000000800ac14       0x68 ./Middlewares/Third_Party/FreeRTOS/Source/queue.o
                0x000000000800ac14                vQueueWaitForMessageRestricted
 .text.xTaskCreateStatic
                0x000000000800ac7c       0xba ./Middlewares/Third_Party/FreeRTOS/Source/tasks.o
                0x000000000800ac7c                xTaskCreateStatic
 .text.xTaskCreate
                0x000000000800ad36       0x8a ./Middlewares/Third_Party/FreeRTOS/Source/tasks.o
                0x000000000800ad36                xTaskCreate
 .text.prvInitialiseNewTask
                0x000000000800adc0      0x158 ./Middlewares/Third_Party/FreeRTOS/Source/tasks.o
 .text.prvAddNewTaskToReadyList
                0x000000000800af18       0xe0 ./Middlewares/Third_Party/FreeRTOS/Source/tasks.o
 .text.vTaskDelay
                0x000000000800aff8       0x68 ./Middlewares/Third_Party/FreeRTOS/Source/tasks.o
                0x000000000800aff8                vTaskDelay
 .text.eTaskGetState
                0x000000000800b060       0xcc ./Middlewares/Third_Party/FreeRTOS/Source/tasks.o
                0x000000000800b060                eTaskGetState
 .text.vTaskStartScheduler
                0x000000000800b12c       0xe8 ./Middlewares/Third_Party/FreeRTOS/Source/tasks.o
                0x000000000800b12c                vTaskStartScheduler
 .text.vTaskSuspendAll
                0x000000000800b214       0x1c ./Middlewares/Third_Party/FreeRTOS/Source/tasks.o
                0x000000000800b214                vTaskSuspendAll
 .text.xTaskResumeAll
                0x000000000800b230      0x13c ./Middlewares/Third_Party/FreeRTOS/Source/tasks.o
                0x000000000800b230                xTaskResumeAll
 .text.xTaskGetTickCount
                0x000000000800b36c       0x20 ./Middlewares/Third_Party/FreeRTOS/Source/tasks.o
                0x000000000800b36c                xTaskGetTickCount
 .text.uxTaskGetSystemState
                0x000000000800b38c      0x120 ./Middlewares/Third_Party/FreeRTOS/Source/tasks.o
                0x000000000800b38c                uxTaskGetSystemState
 .text.xTaskIncrementTick
                0x000000000800b4ac      0x174 ./Middlewares/Third_Party/FreeRTOS/Source/tasks.o
                0x000000000800b4ac                xTaskIncrementTick
 .text.vTaskSwitchContext
                0x000000000800b620      0x124 ./Middlewares/Third_Party/FreeRTOS/Source/tasks.o
                0x000000000800b620                vTaskSwitchContext
 .text.vTaskPlaceOnEventList
                0x000000000800b744       0x48 ./Middlewares/Third_Party/FreeRTOS/Source/tasks.o
                0x000000000800b744                vTaskPlaceOnEventList
 .text.vTaskPlaceOnEventListRestricted
                0x000000000800b78c       0x58 ./Middlewares/Third_Party/FreeRTOS/Source/tasks.o
                0x000000000800b78c                vTaskPlaceOnEventListRestricted
 .text.xTaskRemoveFromEventList
                0x000000000800b7e4       0xc8 ./Middlewares/Third_Party/FreeRTOS/Source/tasks.o
                0x000000000800b7e4                xTaskRemoveFromEventList
 .text.vTaskInternalSetTimeOutState
                0x000000000800b8ac       0x2c ./Middlewares/Third_Party/FreeRTOS/Source/tasks.o
                0x000000000800b8ac                vTaskInternalSetTimeOutState
 .text.xTaskCheckForTimeOut
                0x000000000800b8d8       0xc4 ./Middlewares/Third_Party/FreeRTOS/Source/tasks.o
                0x000000000800b8d8                xTaskCheckForTimeOut
 .text.vTaskMissedYield
                0x000000000800b99c       0x18 ./Middlewares/Third_Party/FreeRTOS/Source/tasks.o
                0x000000000800b99c                vTaskMissedYield
 .text.prvIdleTask
                0x000000000800b9b4       0x30 ./Middlewares/Third_Party/FreeRTOS/Source/tasks.o
 .text.prvInitialiseTaskLists
                0x000000000800b9e4       0x80 ./Middlewares/Third_Party/FreeRTOS/Source/tasks.o
 .text.prvCheckTasksWaitingTermination
                0x000000000800ba64       0x5c ./Middlewares/Third_Party/FreeRTOS/Source/tasks.o
 .text.vTaskGetInfo
                0x000000000800bac0       0xcc ./Middlewares/Third_Party/FreeRTOS/Source/tasks.o
                0x000000000800bac0                vTaskGetInfo
 .text.prvListTasksWithinSingleList
                0x000000000800bb8c       0xa4 ./Middlewares/Third_Party/FreeRTOS/Source/tasks.o
 .text.prvTaskCheckFreeStackSpace
                0x000000000800bc30       0x38 ./Middlewares/Third_Party/FreeRTOS/Source/tasks.o
 .text.prvDeleteTCB
                0x000000000800bc68       0x68 ./Middlewares/Third_Party/FreeRTOS/Source/tasks.o
 .text.prvResetNextTaskUnblockTime
                0x000000000800bcd0       0x40 ./Middlewares/Third_Party/FreeRTOS/Source/tasks.o
 .text.xTaskGetSchedulerState
                0x000000000800bd10       0x3c ./Middlewares/Third_Party/FreeRTOS/Source/tasks.o
                0x000000000800bd10                xTaskGetSchedulerState
 .text.xTaskPriorityInherit
                0x000000000800bd4c       0xd0 ./Middlewares/Third_Party/FreeRTOS/Source/tasks.o
                0x000000000800bd4c                xTaskPriorityInherit
 .text.xTaskPriorityDisinherit
                0x000000000800be1c       0xdc ./Middlewares/Third_Party/FreeRTOS/Source/tasks.o
                0x000000000800be1c                xTaskPriorityDisinherit
 .text.vTaskPriorityDisinheritAfterTimeout
                0x000000000800bef8      0x104 ./Middlewares/Third_Party/FreeRTOS/Source/tasks.o
                0x000000000800bef8                vTaskPriorityDisinheritAfterTimeout
 .text.prvWriteNameToBuffer
                0x000000000800bffc       0x4a ./Middlewares/Third_Party/FreeRTOS/Source/tasks.o
 *fill*         0x000000000800c046        0x2 
 .text.vTaskList
                0x000000000800c048      0x12c ./Middlewares/Third_Party/FreeRTOS/Source/tasks.o
                0x000000000800c048                vTaskList
 .text.vTaskGetRunTimeStats
                0x000000000800c174      0x108 ./Middlewares/Third_Party/FreeRTOS/Source/tasks.o
                0x000000000800c174                vTaskGetRunTimeStats
 .text.pvTaskIncrementMutexHeldCount
                0x000000000800c27c       0x28 ./Middlewares/Third_Party/FreeRTOS/Source/tasks.o
                0x000000000800c27c                pvTaskIncrementMutexHeldCount
 .text.prvAddCurrentTaskToDelayedList
                0x000000000800c2a4       0xa8 ./Middlewares/Third_Party/FreeRTOS/Source/tasks.o
 .text.xTimerCreateTimerTask
                0x000000000800c34c       0x90 ./Middlewares/Third_Party/FreeRTOS/Source/timers.o
                0x000000000800c34c                xTimerCreateTimerTask
 .text.xTimerGenericCommand
                0x000000000800c3dc       0x9c ./Middlewares/Third_Party/FreeRTOS/Source/timers.o
                0x000000000800c3dc                xTimerGenericCommand
 .text.prvProcessExpiredTimer
                0x000000000800c478       0x98 ./Middlewares/Third_Party/FreeRTOS/Source/timers.o
 .text.prvTimerTask
                0x000000000800c510       0x24 ./Middlewares/Third_Party/FreeRTOS/Source/timers.o
 .text.prvProcessTimerOrBlockTask
                0x000000000800c534       0x9c ./Middlewares/Third_Party/FreeRTOS/Source/timers.o
 .text.prvGetNextExpireTime
                0x000000000800c5d0       0x48 ./Middlewares/Third_Party/FreeRTOS/Source/timers.o
 .text.prvSampleTimeNow
                0x000000000800c618       0x40 ./Middlewares/Third_Party/FreeRTOS/Source/timers.o
 .text.prvInsertTimerInActiveList
                0x000000000800c658       0x84 ./Middlewares/Third_Party/FreeRTOS/Source/timers.o
 .text.prvProcessReceivedCommands
                0x000000000800c6dc      0x1c4 ./Middlewares/Third_Party/FreeRTOS/Source/timers.o
 .text.prvSwitchTimerLists
                0x000000000800c8a0       0xc8 ./Middlewares/Third_Party/FreeRTOS/Source/timers.o
 .text.prvCheckForValidListAndQueue
                0x000000000800c968       0x80 ./Middlewares/Third_Party/FreeRTOS/Source/timers.o
 .text.pxPortInitialiseStack
                0x000000000800c9e8       0x68 ./Middlewares/Third_Party/FreeRTOS/Source/portable/GCC/ARM_CM4F/port.o
                0x000000000800c9e8                pxPortInitialiseStack
 .text.prvTaskExitError
                0x000000000800ca50       0x58 ./Middlewares/Third_Party/FreeRTOS/Source/portable/GCC/ARM_CM4F/port.o
 *fill*         0x000000000800caa8        0x8 
 .text.SVC_Handler
                0x000000000800cab0       0x28 ./Middlewares/Third_Party/FreeRTOS/Source/portable/GCC/ARM_CM4F/port.o
                0x000000000800cab0                SVC_Handler
 .text.prvPortStartFirstTask
                0x000000000800cad8       0x28 ./Middlewares/Third_Party/FreeRTOS/Source/portable/GCC/ARM_CM4F/port.o
 .text.xPortStartScheduler
                0x000000000800cb00      0x144 ./Middlewares/Third_Party/FreeRTOS/Source/portable/GCC/ARM_CM4F/port.o
                0x000000000800cb00                xPortStartScheduler
 .text.vPortEnterCritical
                0x000000000800cc44       0x60 ./Middlewares/Third_Party/FreeRTOS/Source/portable/GCC/ARM_CM4F/port.o
                0x000000000800cc44                vPortEnterCritical
 .text.vPortExitCritical
                0x000000000800cca4       0x54 ./Middlewares/Third_Party/FreeRTOS/Source/portable/GCC/ARM_CM4F/port.o
                0x000000000800cca4                vPortExitCritical
 *fill*         0x000000000800ccf8        0x8 
 .text.PendSV_Handler
                0x000000000800cd00       0x68 ./Middlewares/Third_Party/FreeRTOS/Source/portable/GCC/ARM_CM4F/port.o
                0x000000000800cd00                PendSV_Handler
 .text.xPortSysTickHandler
                0x000000000800cd68       0x44 ./Middlewares/Third_Party/FreeRTOS/Source/portable/GCC/ARM_CM4F/port.o
                0x000000000800cd68                xPortSysTickHandler
 .text.vPortSetupTimerInterrupt
                0x000000000800cdac       0x48 ./Middlewares/Third_Party/FreeRTOS/Source/portable/GCC/ARM_CM4F/port.o
                0x000000000800cdac                vPortSetupTimerInterrupt
 .text.vPortEnableVFP
                0x000000000800cdf4       0x14 ./Middlewares/Third_Party/FreeRTOS/Source/portable/GCC/ARM_CM4F/port.o
 .text.vPortValidateInterruptPriority
                0x000000000800ce08       0x80 ./Middlewares/Third_Party/FreeRTOS/Source/portable/GCC/ARM_CM4F/port.o
                0x000000000800ce08                vPortValidateInterruptPriority
 .text.pvPortMalloc
                0x000000000800ce88      0x198 ./Middlewares/Third_Party/FreeRTOS/Source/portable/MemMang/heap_4.o
                0x000000000800ce88                pvPortMalloc
 .text.vPortFree
                0x000000000800d020       0xc4 ./Middlewares/Third_Party/FreeRTOS/Source/portable/MemMang/heap_4.o
                0x000000000800d020                vPortFree
 .text.xPortGetFreeHeapSize
                0x000000000800d0e4       0x18 ./Middlewares/Third_Party/FreeRTOS/Source/portable/MemMang/heap_4.o
                0x000000000800d0e4                xPortGetFreeHeapSize
 .text.prvHeapInit
                0x000000000800d0fc       0xc4 ./Middlewares/Third_Party/FreeRTOS/Source/portable/MemMang/heap_4.o
 .text.prvInsertBlockIntoFreeList
                0x000000000800d1c0       0xb4 ./Middlewares/Third_Party/FreeRTOS/Source/portable/MemMang/heap_4.o
 .text.MX_USB_DEVICE_Init
                0x000000000800d274       0x60 ./USB_DEVICE/App/usb_device.o
                0x000000000800d274                MX_USB_DEVICE_Init
 .text.CDC_Init_FS
                0x000000000800d2d4       0x28 ./USB_DEVICE/App/usbd_cdc_if.o
 .text.CDC_DeInit_FS
                0x000000000800d2fc       0x10 ./USB_DEVICE/App/usbd_cdc_if.o
 .text.CDC_Control_FS
                0x000000000800d30c       0xbc ./USB_DEVICE/App/usbd_cdc_if.o
 .text.CDC_Receive_FS
                0x000000000800d3c8       0x28 ./USB_DEVICE/App/usbd_cdc_if.o
 .text.CDC_Transmit_FS
                0x000000000800d3f0       0x4c ./USB_DEVICE/App/usbd_cdc_if.o
                0x000000000800d3f0                CDC_Transmit_FS
 .text.CDC_TransmitCplt_FS
                0x000000000800d43c       0x22 ./USB_DEVICE/App/usbd_cdc_if.o
 *fill*         0x000000000800d45e        0x2 
 .text.USBD_FS_DeviceDescriptor
                0x000000000800d460       0x24 ./USB_DEVICE/App/usbd_desc.o
                0x000000000800d460                USBD_FS_DeviceDescriptor
 .text.USBD_FS_LangIDStrDescriptor
                0x000000000800d484       0x24 ./USB_DEVICE/App/usbd_desc.o
                0x000000000800d484                USBD_FS_LangIDStrDescriptor
 .text.USBD_FS_ProductStrDescriptor
                0x000000000800d4a8       0x3c ./USB_DEVICE/App/usbd_desc.o
                0x000000000800d4a8                USBD_FS_ProductStrDescriptor
 .text.USBD_FS_ManufacturerStrDescriptor
                0x000000000800d4e4       0x28 ./USB_DEVICE/App/usbd_desc.o
                0x000000000800d4e4                USBD_FS_ManufacturerStrDescriptor
 .text.USBD_FS_SerialStrDescriptor
                0x000000000800d50c       0x24 ./USB_DEVICE/App/usbd_desc.o
                0x000000000800d50c                USBD_FS_SerialStrDescriptor
 .text.USBD_FS_ConfigStrDescriptor
                0x000000000800d530       0x3c ./USB_DEVICE/App/usbd_desc.o
                0x000000000800d530                USBD_FS_ConfigStrDescriptor
 .text.USBD_FS_InterfaceStrDescriptor
                0x000000000800d56c       0x3c ./USB_DEVICE/App/usbd_desc.o
                0x000000000800d56c                USBD_FS_InterfaceStrDescriptor
 .text.Get_SerialNum
                0x000000000800d5a8       0x58 ./USB_DEVICE/App/usbd_desc.o
 .text.IntToUnicode
                0x000000000800d600       0x7e ./USB_DEVICE/App/usbd_desc.o
 *fill*         0x000000000800d67e        0x2 
 .text.HAL_PCD_MspInit
                0x000000000800d680       0xc4 ./USB_DEVICE/Target/usbd_conf.o
                0x000000000800d680                HAL_PCD_MspInit
 .text.HAL_PCD_SetupStageCallback
                0x000000000800d744       0x24 ./USB_DEVICE/Target/usbd_conf.o
                0x000000000800d744                HAL_PCD_SetupStageCallback
 .text.HAL_PCD_DataOutStageCallback
                0x000000000800d768       0x36 ./USB_DEVICE/Target/usbd_conf.o
                0x000000000800d768                HAL_PCD_DataOutStageCallback
 .text.HAL_PCD_DataInStageCallback
                0x000000000800d79e       0x34 ./USB_DEVICE/Target/usbd_conf.o
                0x000000000800d79e                HAL_PCD_DataInStageCallback
 .text.HAL_PCD_SOFCallback
                0x000000000800d7d2       0x1c ./USB_DEVICE/Target/usbd_conf.o
                0x000000000800d7d2                HAL_PCD_SOFCallback
 .text.HAL_PCD_ResetCallback
                0x000000000800d7ee       0x50 ./USB_DEVICE/Target/usbd_conf.o
                0x000000000800d7ee                HAL_PCD_ResetCallback
 *fill*         0x000000000800d83e        0x2 
 .text.HAL_PCD_SuspendCallback
                0x000000000800d840       0x4c ./USB_DEVICE/Target/usbd_conf.o
                0x000000000800d840                HAL_PCD_SuspendCallback
 .text.HAL_PCD_ResumeCallback
                0x000000000800d88c       0x1c ./USB_DEVICE/Target/usbd_conf.o
                0x000000000800d88c                HAL_PCD_ResumeCallback
 .text.HAL_PCD_ISOOUTIncompleteCallback
                0x000000000800d8a8       0x24 ./USB_DEVICE/Target/usbd_conf.o
                0x000000000800d8a8                HAL_PCD_ISOOUTIncompleteCallback
 .text.HAL_PCD_ISOINIncompleteCallback
                0x000000000800d8cc       0x24 ./USB_DEVICE/Target/usbd_conf.o
                0x000000000800d8cc                HAL_PCD_ISOINIncompleteCallback
 .text.HAL_PCD_ConnectCallback
                0x000000000800d8f0       0x1c ./USB_DEVICE/Target/usbd_conf.o
                0x000000000800d8f0                HAL_PCD_ConnectCallback
 .text.HAL_PCD_DisconnectCallback
                0x000000000800d90c       0x1c ./USB_DEVICE/Target/usbd_conf.o
                0x000000000800d90c                HAL_PCD_DisconnectCallback
 .text.USBD_LL_Init
                0x000000000800d928       0x98 ./USB_DEVICE/Target/usbd_conf.o
                0x000000000800d928                USBD_LL_Init
 .text.USBD_LL_Start
                0x000000000800d9c0       0x36 ./USB_DEVICE/Target/usbd_conf.o
                0x000000000800d9c0                USBD_LL_Start
 .text.USBD_LL_OpenEP
                0x000000000800d9f6       0x4c ./USB_DEVICE/Target/usbd_conf.o
                0x000000000800d9f6                USBD_LL_OpenEP
 .text.USBD_LL_CloseEP
                0x000000000800da42       0x3e ./USB_DEVICE/Target/usbd_conf.o
                0x000000000800da42                USBD_LL_CloseEP
 .text.USBD_LL_StallEP
                0x000000000800da80       0x3e ./USB_DEVICE/Target/usbd_conf.o
                0x000000000800da80                USBD_LL_StallEP
 .text.USBD_LL_ClearStallEP
                0x000000000800dabe       0x3e ./USB_DEVICE/Target/usbd_conf.o
                0x000000000800dabe                USBD_LL_ClearStallEP
 .text.USBD_LL_IsStallEP
                0x000000000800dafc       0x58 ./USB_DEVICE/Target/usbd_conf.o
                0x000000000800dafc                USBD_LL_IsStallEP
 .text.USBD_LL_SetUSBAddress
                0x000000000800db54       0x3e ./USB_DEVICE/Target/usbd_conf.o
                0x000000000800db54                USBD_LL_SetUSBAddress
 .text.USBD_LL_Transmit
                0x000000000800db92       0x42 ./USB_DEVICE/Target/usbd_conf.o
                0x000000000800db92                USBD_LL_Transmit
 .text.USBD_LL_PrepareReceive
                0x000000000800dbd4       0x42 ./USB_DEVICE/Target/usbd_conf.o
                0x000000000800dbd4                USBD_LL_PrepareReceive
 .text.USBD_LL_GetRxDataSize
                0x000000000800dc16       0x26 ./USB_DEVICE/Target/usbd_conf.o
                0x000000000800dc16                USBD_LL_GetRxDataSize
 .text.USBD_static_malloc
                0x000000000800dc3c       0x1c ./USB_DEVICE/Target/usbd_conf.o
                0x000000000800dc3c                USBD_static_malloc
 .text.USBD_static_free
                0x000000000800dc58       0x14 ./USB_DEVICE/Target/usbd_conf.o
                0x000000000800dc58                USBD_static_free
 .text.USBD_Get_USB_Status
                0x000000000800dc6c       0x58 ./USB_DEVICE/Target/usbd_conf.o
                0x000000000800dc6c                USBD_Get_USB_Status
 .text.__errno  0x000000000800dcc4        0xc /home/odemki/Programs/programs/STM32IDE/1/en.en-st-stm32cubeide_1-5-0_8698_20201117_1050_amd64_sh/makeself_dir_5QpOGP/y/plugins/com.st.stm32cube.ide.mcu.externaltools.gnu-tools-for-stm32.9-2020-q2-update.linux64_2.0.0.202105311346/tools/bin/../lib/gcc/arm-none-eabi/9.3.1/../../../../arm-none-eabi/lib/thumb/v7e-m+fp/hard/libc_nano.a(lib_a-errno.o)
                0x000000000800dcc4                __errno
 .text.__libc_init_array
                0x000000000800dcd0       0x48 /home/odemki/Programs/programs/STM32IDE/1/en.en-st-stm32cubeide_1-5-0_8698_20201117_1050_amd64_sh/makeself_dir_5QpOGP/y/plugins/com.st.stm32cube.ide.mcu.externaltools.gnu-tools-for-stm32.9-2020-q2-update.linux64_2.0.0.202105311346/tools/bin/../lib/gcc/arm-none-eabi/9.3.1/../../../../arm-none-eabi/lib/thumb/v7e-m+fp/hard/libc_nano.a(lib_a-init.o)
                0x000000000800dcd0                __libc_init_array
 .text.__itoa   0x000000000800dd18       0x30 /home/odemki/Programs/programs/STM32IDE/1/en.en-st-stm32cubeide_1-5-0_8698_20201117_1050_amd64_sh/makeself_dir_5QpOGP/y/plugins/com.st.stm32cube.ide.mcu.externaltools.gnu-tools-for-stm32.9-2020-q2-update.linux64_2.0.0.202105311346/tools/bin/../lib/gcc/arm-none-eabi/9.3.1/../../../../arm-none-eabi/lib/thumb/v7e-m+fp/hard/libc_nano.a(lib_a-itoa.o)
                0x000000000800dd18                __itoa
 .text.itoa     0x000000000800dd48        0x4 /home/odemki/Programs/programs/STM32IDE/1/en.en-st-stm32cubeide_1-5-0_8698_20201117_1050_amd64_sh/makeself_dir_5QpOGP/y/plugins/com.st.stm32cube.ide.mcu.externaltools.gnu-tools-for-stm32.9-2020-q2-update.linux64_2.0.0.202105311346/tools/bin/../lib/gcc/arm-none-eabi/9.3.1/../../../../arm-none-eabi/lib/thumb/v7e-m+fp/hard/libc_nano.a(lib_a-itoa.o)
                0x000000000800dd48                itoa
 .text.__retarget_lock_acquire_recursive
                0x000000000800dd4c        0x2 /home/odemki/Programs/programs/STM32IDE/1/en.en-st-stm32cubeide_1-5-0_8698_20201117_1050_amd64_sh/makeself_dir_5QpOGP/y/plugins/com.st.stm32cube.ide.mcu.externaltools.gnu-tools-for-stm32.9-2020-q2-update.linux64_2.0.0.202105311346/tools/bin/../lib/gcc/arm-none-eabi/9.3.1/../../../../arm-none-eabi/lib/thumb/v7e-m+fp/hard/libc_nano.a(lib_a-lock.o)
                0x000000000800dd4c                __retarget_lock_acquire_recursive
 .text.__retarget_lock_release_recursive
                0x000000000800dd4e        0x2 /home/odemki/Programs/programs/STM32IDE/1/en.en-st-stm32cubeide_1-5-0_8698_20201117_1050_amd64_sh/makeself_dir_5QpOGP/y/plugins/com.st.stm32cube.ide.mcu.externaltools.gnu-tools-for-stm32.9-2020-q2-update.linux64_2.0.0.202105311346/tools/bin/../lib/gcc/arm-none-eabi/9.3.1/../../../../arm-none-eabi/lib/thumb/v7e-m+fp/hard/libc_nano.a(lib_a-lock.o)
                0x000000000800dd4e                __retarget_lock_release_recursive
 .text.memcpy   0x000000000800dd50       0x1c /home/odemki/Programs/programs/STM32IDE/1/en.en-st-stm32cubeide_1-5-0_8698_20201117_1050_amd64_sh/makeself_dir_5QpOGP/y/plugins/com.st.stm32cube.ide.mcu.externaltools.gnu-tools-for-stm32.9-2020-q2-update.linux64_2.0.0.202105311346/tools/bin/../lib/gcc/arm-none-eabi/9.3.1/../../../../arm-none-eabi/lib/thumb/v7e-m+fp/hard/libc_nano.a(lib_a-memcpy-stub.o)
                0x000000000800dd50                memcpy
 .text.memset   0x000000000800dd6c       0x10 /home/odemki/Programs/programs/STM32IDE/1/en.en-st-stm32cubeide_1-5-0_8698_20201117_1050_amd64_sh/makeself_dir_5QpOGP/y/plugins/com.st.stm32cube.ide.mcu.externaltools.gnu-tools-for-stm32.9-2020-q2-update.linux64_2.0.0.202105311346/tools/bin/../lib/gcc/arm-none-eabi/9.3.1/../../../../arm-none-eabi/lib/thumb/v7e-m+fp/hard/libc_nano.a(lib_a-memset.o)
                0x000000000800dd6c                memset
 .text._malloc_r
                0x000000000800dd7c       0xb4 /home/odemki/Programs/programs/STM32IDE/1/en.en-st-stm32cubeide_1-5-0_8698_20201117_1050_amd64_sh/makeself_dir_5QpOGP/y/plugins/com.st.stm32cube.ide.mcu.externaltools.gnu-tools-for-stm32.9-2020-q2-update.linux64_2.0.0.202105311346/tools/bin/../lib/gcc/arm-none-eabi/9.3.1/../../../../arm-none-eabi/lib/thumb/v7e-m+fp/hard/libc_nano.a(lib_a-nano-mallocr.o)
                0x000000000800dd7c                _malloc_r
 .text.cleanup_glue
                0x000000000800de30       0x1a /home/odemki/Programs/programs/STM32IDE/1/en.en-st-stm32cubeide_1-5-0_8698_20201117_1050_amd64_sh/makeself_dir_5QpOGP/y/plugins/com.st.stm32cube.ide.mcu.externaltools.gnu-tools-for-stm32.9-2020-q2-update.linux64_2.0.0.202105311346/tools/bin/../lib/gcc/arm-none-eabi/9.3.1/../../../../arm-none-eabi/lib/thumb/v7e-m+fp/hard/libc_nano.a(lib_a-reent.o)
                0x000000000800de30                cleanup_glue
 *fill*         0x000000000800de4a        0x2 
 .text._reclaim_reent
                0x000000000800de4c       0xb8 /home/odemki/Programs/programs/STM32IDE/1/en.en-st-stm32cubeide_1-5-0_8698_20201117_1050_amd64_sh/makeself_dir_5QpOGP/y/plugins/com.st.stm32cube.ide.mcu.externaltools.gnu-tools-for-stm32.9-2020-q2-update.linux64_2.0.0.202105311346/tools/bin/../lib/gcc/arm-none-eabi/9.3.1/../../../../arm-none-eabi/lib/thumb/v7e-m+fp/hard/libc_nano.a(lib_a-reent.o)
                0x000000000800de4c                _reclaim_reent
 .text._sbrk_r  0x000000000800df04       0x20 /home/odemki/Programs/programs/STM32IDE/1/en.en-st-stm32cubeide_1-5-0_8698_20201117_1050_amd64_sh/makeself_dir_5QpOGP/y/plugins/com.st.stm32cube.ide.mcu.externaltools.gnu-tools-for-stm32.9-2020-q2-update.linux64_2.0.0.202105311346/tools/bin/../lib/gcc/arm-none-eabi/9.3.1/../../../../arm-none-eabi/lib/thumb/v7e-m+fp/hard/libc_nano.a(lib_a-sbrkr.o)
                0x000000000800df04                _sbrk_r
 .text.sprintf  0x000000000800df24       0x40 /home/odemki/Programs/programs/STM32IDE/1/en.en-st-stm32cubeide_1-5-0_8698_20201117_1050_amd64_sh/makeself_dir_5QpOGP/y/plugins/com.st.stm32cube.ide.mcu.externaltools.gnu-tools-for-stm32.9-2020-q2-update.linux64_2.0.0.202105311346/tools/bin/../lib/gcc/arm-none-eabi/9.3.1/../../../../arm-none-eabi/lib/thumb/v7e-m+fp/hard/libc_nano.a(lib_a-sprintf.o)
                0x000000000800df24                sprintf
                0x000000000800df24                siprintf
 .text.strcat   0x000000000800df64       0x1e /home/odemki/Programs/programs/STM32IDE/1/en.en-st-stm32cubeide_1-5-0_8698_20201117_1050_amd64_sh/makeself_dir_5QpOGP/y/plugins/com.st.stm32cube.ide.mcu.externaltools.gnu-tools-for-stm32.9-2020-q2-update.linux64_2.0.0.202105311346/tools/bin/../lib/gcc/arm-none-eabi/9.3.1/../../../../arm-none-eabi/lib/thumb/v7e-m+fp/hard/libc_nano.a(lib_a-strcat.o)
                0x000000000800df64                strcat
 .text.strcpy   0x000000000800df82       0x10 /home/odemki/Programs/programs/STM32IDE/1/en.en-st-stm32cubeide_1-5-0_8698_20201117_1050_amd64_sh/makeself_dir_5QpOGP/y/plugins/com.st.stm32cube.ide.mcu.externaltools.gnu-tools-for-stm32.9-2020-q2-update.linux64_2.0.0.202105311346/tools/bin/../lib/gcc/arm-none-eabi/9.3.1/../../../../arm-none-eabi/lib/thumb/v7e-m+fp/hard/libc_nano.a(lib_a-strcpy.o)
                0x000000000800df82                strcpy
 *fill*         0x000000000800df92        0x2 
 .text.__utoa   0x000000000800df94       0x84 /home/odemki/Programs/programs/STM32IDE/1/en.en-st-stm32cubeide_1-5-0_8698_20201117_1050_amd64_sh/makeself_dir_5QpOGP/y/plugins/com.st.stm32cube.ide.mcu.externaltools.gnu-tools-for-stm32.9-2020-q2-update.linux64_2.0.0.202105311346/tools/bin/../lib/gcc/arm-none-eabi/9.3.1/../../../../arm-none-eabi/lib/thumb/v7e-m+fp/hard/libc_nano.a(lib_a-utoa.o)
                0x000000000800df94                __utoa
 .text.__malloc_lock
                0x000000000800e018        0xc /home/odemki/Programs/programs/STM32IDE/1/en.en-st-stm32cubeide_1-5-0_8698_20201117_1050_amd64_sh/makeself_dir_5QpOGP/y/plugins/com.st.stm32cube.ide.mcu.externaltools.gnu-tools-for-stm32.9-2020-q2-update.linux64_2.0.0.202105311346/tools/bin/../lib/gcc/arm-none-eabi/9.3.1/../../../../arm-none-eabi/lib/thumb/v7e-m+fp/hard/libc_nano.a(lib_a-mlock.o)
                0x000000000800e018                __malloc_lock
 .text.__malloc_unlock
                0x000000000800e024        0xc /home/odemki/Programs/programs/STM32IDE/1/en.en-st-stm32cubeide_1-5-0_8698_20201117_1050_amd64_sh/makeself_dir_5QpOGP/y/plugins/com.st.stm32cube.ide.mcu.externaltools.gnu-tools-for-stm32.9-2020-q2-update.linux64_2.0.0.202105311346/tools/bin/../lib/gcc/arm-none-eabi/9.3.1/../../../../arm-none-eabi/lib/thumb/v7e-m+fp/hard/libc_nano.a(lib_a-mlock.o)
                0x000000000800e024                __malloc_unlock
 .text._free_r  0x000000000800e030       0xa0 /home/odemki/Programs/programs/STM32IDE/1/en.en-st-stm32cubeide_1-5-0_8698_20201117_1050_amd64_sh/makeself_dir_5QpOGP/y/plugins/com.st.stm32cube.ide.mcu.externaltools.gnu-tools-for-stm32.9-2020-q2-update.linux64_2.0.0.202105311346/tools/bin/../lib/gcc/arm-none-eabi/9.3.1/../../../../arm-none-eabi/lib/thumb/v7e-m+fp/hard/libc_nano.a(lib_a-nano-freer.o)
                0x000000000800e030                _free_r
 .text.__ssputs_r
                0x000000000800e0d0       0xb6 /home/odemki/Programs/programs/STM32IDE/1/en.en-st-stm32cubeide_1-5-0_8698_20201117_1050_amd64_sh/makeself_dir_5QpOGP/y/plugins/com.st.stm32cube.ide.mcu.externaltools.gnu-tools-for-stm32.9-2020-q2-update.linux64_2.0.0.202105311346/tools/bin/../lib/gcc/arm-none-eabi/9.3.1/../../../../arm-none-eabi/lib/thumb/v7e-m+fp/hard/libc_nano.a(lib_a-nano-svfprintf.o)
                0x000000000800e0d0                __ssputs_r
 *fill*         0x000000000800e186        0x2 
 .text._svfprintf_r
                0x000000000800e188      0x200 /home/odemki/Programs/programs/STM32IDE/1/en.en-st-stm32cubeide_1-5-0_8698_20201117_1050_amd64_sh/makeself_dir_5QpOGP/y/plugins/com.st.stm32cube.ide.mcu.externaltools.gnu-tools-for-stm32.9-2020-q2-update.linux64_2.0.0.202105311346/tools/bin/../lib/gcc/arm-none-eabi/9.3.1/../../../../arm-none-eabi/lib/thumb/v7e-m+fp/hard/libc_nano.a(lib_a-nano-svfprintf.o)
                0x000000000800e188                _svfprintf_r
                0x000000000800e188                _svfiprintf_r
 .text._printf_common
                0x000000000800e388       0xda /home/odemki/Programs/programs/STM32IDE/1/en.en-st-stm32cubeide_1-5-0_8698_20201117_1050_amd64_sh/makeself_dir_5QpOGP/y/plugins/com.st.stm32cube.ide.mcu.externaltools.gnu-tools-for-stm32.9-2020-q2-update.linux64_2.0.0.202105311346/tools/bin/../lib/gcc/arm-none-eabi/9.3.1/../../../../arm-none-eabi/lib/thumb/v7e-m+fp/hard/libc_nano.a(lib_a-nano-vfprintf_i.o)
                0x000000000800e388                _printf_common
 *fill*         0x000000000800e462        0x2 
 .text._printf_i
                0x000000000800e464      0x24c /home/odemki/Programs/programs/STM32IDE/1/en.en-st-stm32cubeide_1-5-0_8698_20201117_1050_amd64_sh/makeself_dir_5QpOGP/y/plugins/com.st.stm32cube.ide.mcu.externaltools.gnu-tools-for-stm32.9-2020-q2-update.linux64_2.0.0.202105311346/tools/bin/../lib/gcc/arm-none-eabi/9.3.1/../../../../arm-none-eabi/lib/thumb/v7e-m+fp/hard/libc_nano.a(lib_a-nano-vfprintf_i.o)
                0x000000000800e464                _printf_i
 .text.memmove  0x000000000800e6b0       0x34 /home/odemki/Programs/programs/STM32IDE/1/en.en-st-stm32cubeide_1-5-0_8698_20201117_1050_amd64_sh/makeself_dir_5QpOGP/y/plugins/com.st.stm32cube.ide.mcu.externaltools.gnu-tools-for-stm32.9-2020-q2-update.linux64_2.0.0.202105311346/tools/bin/../lib/gcc/arm-none-eabi/9.3.1/../../../../arm-none-eabi/lib/thumb/v7e-m+fp/hard/libc_nano.a(lib_a-memmove.o)
                0x000000000800e6b0                memmove
 .text._realloc_r
                0x000000000800e6e4       0x4c /home/odemki/Programs/programs/STM32IDE/1/en.en-st-stm32cubeide_1-5-0_8698_20201117_1050_amd64_sh/makeself_dir_5QpOGP/y/plugins/com.st.stm32cube.ide.mcu.externaltools.gnu-tools-for-stm32.9-2020-q2-update.linux64_2.0.0.202105311346/tools/bin/../lib/gcc/arm-none-eabi/9.3.1/../../../../arm-none-eabi/lib/thumb/v7e-m+fp/hard/libc_nano.a(lib_a-nano-reallocr.o)
                0x000000000800e6e4                _realloc_r
 .text._malloc_usable_size_r
                0x000000000800e730       0x10 /home/odemki/Programs/programs/STM32IDE/1/en.en-st-stm32cubeide_1-5-0_8698_20201117_1050_amd64_sh/makeself_dir_5QpOGP/y/plugins/com.st.stm32cube.ide.mcu.externaltools.gnu-tools-for-stm32.9-2020-q2-update.linux64_2.0.0.202105311346/tools/bin/../lib/gcc/arm-none-eabi/9.3.1/../../../../arm-none-eabi/lib/thumb/v7e-m+fp/hard/libc_nano.a(lib_a-nano-msizer.o)
                0x000000000800e730                _malloc_usable_size_r
 *(.glue_7)
 .glue_7        0x000000000800e740        0x0 linker stubs
 *(.glue_7t)
 .glue_7t       0x000000000800e740        0x0 linker stubs
 *(.eh_frame)
 .eh_frame      0x000000000800e740        0x0 /home/odemki/Programs/programs/STM32IDE/1/en.en-st-stm32cubeide_1-5-0_8698_20201117_1050_amd64_sh/makeself_dir_5QpOGP/y/plugins/com.st.stm32cube.ide.mcu.externaltools.gnu-tools-for-stm32.9-2020-q2-update.linux64_2.0.0.202105311346/tools/bin/../lib/gcc/arm-none-eabi/9.3.1/thumb/v7e-m+fp/hard/crtbegin.o
 *(.init)
 .init          0x000000000800e740        0x4 /home/odemki/Programs/programs/STM32IDE/1/en.en-st-stm32cubeide_1-5-0_8698_20201117_1050_amd64_sh/makeself_dir_5QpOGP/y/plugins/com.st.stm32cube.ide.mcu.externaltools.gnu-tools-for-stm32.9-2020-q2-update.linux64_2.0.0.202105311346/tools/bin/../lib/gcc/arm-none-eabi/9.3.1/thumb/v7e-m+fp/hard/crti.o
                0x000000000800e740                _init