Archive member included to satisfy reference by file (symbol)

/home/odemki/Programs/programs/STM32IDE/1/en.en-st-stm32cubeide_1-5-0_8698_20201117_1050_amd64_sh/makeself_dir_5QpOGP/y/plugins/com.st.stm32cube.ide.mcu.externaltools.gnu-tools-for-stm32.9-2020-q2-update.linux64_2.0.0.202105311346/tools/bin/../lib/gcc/arm-none-eabi/9.3.1/../../../../arm-none-eabi/lib/thumb/v7e-m+fp/hard/libc_nano.a(lib_a-errno.o)
                              ./Core/Src/syscalls.o (__errno)
/home/odemki/Programs/programs/STM32IDE/1/en.en-st-stm32cubeide_1-5-0_8698_20201117_1050_amd64_sh/makeself_dir_5QpOGP/y/plugins/com.st.stm32cube.ide.mcu.externaltools.gnu-tools-for-stm32.9-2020-q2-update.linux64_2.0.0.202105311346/tools/bin/../lib/gcc/arm-none-eabi/9.3.1/../../../../arm-none-eabi/lib/thumb/v7e-m+fp/hard/libc_nano.a(lib_a-exit.o)
                              /home/odemki/Programs/programs/STM32IDE/1/en.en-st-stm32cubeide_1-5-0_8698_20201117_1050_amd64_sh/makeself_dir_5QpOGP/y/plugins/com.st.stm32cube.ide.mcu.externaltools.gnu-tools-for-stm32.9-2020-q2-update.linux64_2.0.0.202105311346/tools/bin/../lib/gcc/arm-none-eabi/9.3.1/../../../../arm-none-eabi/lib/thumb/v7e-m+fp/hard/crt0.o (exit)
/home/odemki/Programs/programs/STM32IDE/1/en.en-st-stm32cubeide_1-5-0_8698_20201117_1050_amd64_sh/makeself_dir_5QpOGP/y/plugins/com.st.stm32cube.ide.mcu.externaltools.gnu-tools-for-stm32.9-2020-q2-update.linux64_2.0.0.202105311346/tools/bin/../lib/gcc/arm-none-eabi/9.3.1/../../../../arm-none-eabi/lib/thumb/v7e-m+fp/hard/libc_nano.a(lib_a-findfp.o)
                              ./Middlewares/Third_Party/FreeRTOS/Source/tasks.o (__sf_fake_stderr)
/home/odemki/Programs/programs/STM32IDE/1/en.en-st-stm32cubeide_1-5-0_8698_20201117_1050_amd64_sh/makeself_dir_5QpOGP/y/plugins/com.st.stm32cube.ide.mcu.externaltools.gnu-tools-for-stm32.9-2020-q2-update.linux64_2.0.0.202105311346/tools/bin/../lib/gcc/arm-none-eabi/9.3.1/../../../../arm-none-eabi/lib/thumb/v7e-m+fp/hard/libc_nano.a(lib_a-fwalk.o)
                              /home/odemki/Programs/programs/STM32IDE/1/en.en-st-stm32cubeide_1-5-0_8698_20201117_1050_amd64_sh/makeself_dir_5QpOGP/y/plugins/com.st.stm32cube.ide.mcu.externaltools.gnu-tools-for-stm32.9-2020-q2-update.linux64_2.0.0.202105311346/tools/bin/../lib/gcc/arm-none-eabi/9.3.1/../../../../arm-none-eabi/lib/thumb/v7e-m+fp/hard/libc_nano.a(lib_a-findfp.o) (_fwalk)
/home/odemki/Programs/programs/STM32IDE/1/en.en-st-stm32cubeide_1-5-0_8698_20201117_1050_amd64_sh/makeself_dir_5QpOGP/y/plugins/com.st.stm32cube.ide.mcu.externaltools.gnu-tools-for-stm32.9-2020-q2-update.linux64_2.0.0.202105311346/tools/bin/../lib/gcc/arm-none-eabi/9.3.1/../../../../arm-none-eabi/lib/thumb/v7e-m+fp/hard/libc_nano.a(lib_a-impure.o)
                              /home/odemki/Programs/programs/STM32IDE/1/en.en-st-stm32cubeide_1-5-0_8698_20201117_1050_amd64_sh/makeself_dir_5QpOGP/y/plugins/com.st.stm32cube.ide.mcu.externaltools.gnu-tools-for-stm32.9-2020-q2-update.linux64_2.0.0.202105311346/tools/bin/../lib/gcc/arm-none-eabi/9.3.1/../../../../arm-none-eabi/lib/thumb/v7e-m+fp/hard/libc_nano.a(lib_a-exit.o) (_global_impure_ptr)
/home/odemki/Programs/programs/STM32IDE/1/en.en-st-stm32cubeide_1-5-0_8698_20201117_1050_amd64_sh/makeself_dir_5QpOGP/y/plugins/com.st.stm32cube.ide.mcu.externaltools.gnu-tools-for-stm32.9-2020-q2-update.linux64_2.0.0.202105311346/tools/bin/../lib/gcc/arm-none-eabi/9.3.1/../../../../arm-none-eabi/lib/thumb/v7e-m+fp/hard/libc_nano.a(lib_a-init.o)
                              /home/odemki/Programs/programs/STM32IDE/1/en.en-st-stm32cubeide_1-5-0_8698_20201117_1050_amd64_sh/makeself_dir_5QpOGP/y/plugins/com.st.stm32cube.ide.mcu.externaltools.gnu-tools-for-stm32.9-2020-q2-update.linux64_2.0.0.202105311346/tools/bin/../lib/gcc/arm-none-eabi/9.3.1/../../../../arm-none-eabi/lib/thumb/v7e-m+fp/hard/crt0.o (__libc_init_array)
/home/odemki/Programs/programs/STM32IDE/1/en.en-st-stm32cubeide_1-5-0_8698_20201117_1050_amd64_sh/makeself_dir_5QpOGP/y/plugins/com.st.stm32cube.ide.mcu.externaltools.gnu-tools-for-stm32.9-2020-q2-update.linux64_2.0.0.202105311346/tools/bin/../lib/gcc/arm-none-eabi/9.3.1/../../../../arm-none-eabi/lib/thumb/v7e-m+fp/hard/libc_nano.a(lib_a-itoa.o)
                              ./Core/Src/main.o (itoa)
/home/odemki/Programs/programs/STM32IDE/1/en.en-st-stm32cubeide_1-5-0_8698_20201117_1050_amd64_sh/makeself_dir_5QpOGP/y/plugins/com.st.stm32cube.ide.mcu.externaltools.gnu-tools-for-stm32.9-2020-q2-update.linux64_2.0.0.202105311346/tools/bin/../lib/gcc/arm-none-eabi/9.3.1/../../../../arm-none-eabi/lib/thumb/v7e-m+fp/hard/libc_nano.a(lib_a-lock.o)
[...]
Memory Configuration

Name             Origin             Length             Attributes
CCMRAM           0x0000000010000000 0x0000000000010000 xrw
RAM              0x0000000020000000 0x0000000000020000 xrw
FLASH            0x0000000008000000 0x0000000000100000 xr
*default*        0x0000000000000000 0xffffffffffffffff

Linker script and memory map

LOAD /home/odemki/Programs/programs/STM32IDE/1/en.en-st-stm32cubeide_1-5-0_8698_20201117_1050_amd64_sh/makeself_dir_5QpOGP/y/plugins/com.st.stm32cube.ide.mcu.externaltools.gnu-tools-for-stm32.9-2020-q2-update.linux64_2.0.0.202105311346/tools/bin/../lib/gcc/arm-none-eabi/9.3.1/thumb/v7e-m+fp/hard/crti.o
LOAD /home/odemki/Programs/programs/STM32IDE/1/en.en-st-stm32cubeide_1-5-0_8698_20201117_1050_amd64_sh/makeself_dir_5QpOGP/y/plugins/com.st.stm32cube.ide.mcu.externaltools.gnu-tools-for-stm32.9-2020-q2-update.linux64_2.0.0.202105311346/tools/bin/../lib/gcc/arm-none-eabi/9.3.1/thumb/v7e-m+fp/hard/crtbegin.o
LOAD /home/odemki/Programs/programs/STM32IDE/1/en.en-st-stm32cubeide_1-5-0_8698_20201117_1050_amd64_sh/makeself_dir_5QpOGP/y/plugins/com.st.stm32cube.ide.mcu.externaltools.gnu-tools-for-stm32.9-2020-q2-update.linux64_2.0.0.202105311346/tools/bin/../lib/gcc/arm-none-eabi/9.3.1/../../../../arm-none-eabi/lib/thumb/v7e-m+fp/hard/crt0.o
LOAD ./Core/Src/freertos.o
LOAD ./Core/Src/main.o
LOAD ./Core/Src/stm32f4xx_hal_msp.o
LOAD ./Core/Src/stm32f4xx_hal_timebase_tim.o
LOAD ./Core/Src/stm32f4xx_it.o
LOAD ./Core/Src/syscalls.o
LOAD ./Core/Src/sysmem.o
LOAD ./Core/Src/system_stm32f4xx.o
LOAD ./Core/Startup/startup_stm32f407vgtx.o
LOAD ./Drivers/STM32F4xx_HAL_Driver/Src/stm32f4xx_hal.o
LOAD ./Drivers/STM32F4xx_HAL_Driver/Src/stm32f4xx_hal_adc.o
LOAD ./Drivers/STM32F4xx_HAL_Driver/Src/stm32f4xx_hal_adc_ex.o
LOAD ./Drivers/STM32F4xx_HAL_Driver/Src/stm32f4xx_hal_cortex.o
LOAD ./Drivers/STM32F4xx_HAL_Driver/Src/stm32f4xx_hal_dma.o
LOAD ./Drivers/STM32F4xx_HAL_Driver/Src/stm32f4xx_hal_dma_ex.o
LOAD ./Drivers/STM32F4xx_HAL_Driver/Src/stm32f4xx_hal_exti.o
LOAD ./Drivers/STM32F4xx_HAL_Driver/Src/stm32f4xx_hal_flash.o
LOAD ./Drivers/STM32F4xx_HAL_Driver/Src/stm32f4xx_hal_flash_ex.o
LOAD ./Drivers/STM32F4xx_HAL_Driver/Src/stm32f4xx_hal_flash_ramfunc.o
LOAD ./Drivers/STM32F4xx_HAL_Driver/Src/stm32f4xx_hal_gpio.o
LOAD ./Drivers/STM32F4xx_HAL_Driver/Src/stm32f4xx_hal_i2c.o
LOAD ./Drivers/STM32F4xx_HAL_Driver/Src/stm32f4xx_hal_i2c_ex.o
LOAD ./Drivers/STM32F4xx_HAL_Driver/Src/stm32f4xx_hal_i2s.o
LOAD ./Drivers/STM32F4xx_HAL_Driver/Src/stm32f4xx_hal_i2s_ex.o
LOAD ./Drivers/STM32F4xx_HAL_Driver/Src/stm32f4xx_hal_pcd.o
LOAD ./Drivers/STM32F4xx_HAL_Driver/Src/stm32f4xx_hal_pcd_ex.o
LOAD ./Drivers/STM32F4xx_HAL_Driver/Src/stm32f4xx_hal_pwr.o
LOAD ./Drivers/STM32F4xx_HAL_Driver/Src/stm32f4xx_hal_pwr_ex.o
LOAD ./Drivers/STM32F4xx_HAL_Driver/Src/stm32f4xx_hal_rcc.o
LOAD ./Drivers/STM32F4xx_HAL_Driver/Src/stm32f4xx_hal_rcc_ex.o
LOAD ./Drivers/STM32F4xx_HAL_Driver/Src/stm32f4xx_hal_spi.o
LOAD ./Drivers/STM32F4xx_HAL_Driver/Src/stm32f4xx_hal_tim.o
LOAD ./Drivers/STM32F4xx_HAL_Driver/Src/stm32f4xx_hal_tim_ex.o
LOAD ./Drivers/STM32F4xx_HAL_Driver/Src/stm32f4xx_ll_adc.o
LOAD ./Drivers/STM32F4xx_HAL_Driver/Src/stm32f4xx_ll_usb.o
LOAD ./Middlewares/ST/STM32_USB_Device_Library/Class/CDC/Src/usbd_cdc.o
LOAD ./Middlewares/ST/STM32_USB_Device_Library/Core/Src/usbd_core.o
LOAD ./Middlewares/ST/STM32_USB_Device_Library/Core/Src/usbd_ctlreq.o
LOAD ./Middlewares/ST/STM32_USB_Device_Library/Core/Src/usbd_ioreq.o
LOAD ./Middlewares/Third_Party/FreeRTOS/Source/CMSIS_RTOS_V2/cmsis_os2.o
LOAD ./Middlewares/Third_Party/FreeRTOS/Source/croutine.o
LOAD ./Middlewares/Third_Party/FreeRTOS/Source/event_groups.o
LOAD ./Middlewares/Third_Party/FreeRTOS/Source/list.o
LOAD ./Middlewares/Third_Party/FreeRTOS/Source/queue.o
LOAD ./Middlewares/Third_Party/FreeRTOS/Source/stream_buffer.o
LOAD ./Middlewares/Third_Party/FreeRTOS/Source/tasks.o
LOAD ./Middlewares/Third_Party/FreeRTOS/Source/timers.o
LOAD ./Middlewares/Third_Party/FreeRTOS/Source/portable/GCC/ARM_CM4F/port.o
LOAD ./Middlewares/Third_Party/FreeRTOS/Source/portable/MemMang/heap_4.o
LOAD ./USB_DEVICE/App/usb_device.o
LOAD ./USB_DEVICE/App/usbd_cdc_if.o
LOAD ./USB_DEVICE/App/usbd_desc.o
LOAD ./USB_DEVICE/Target/usbd_conf.o
START GROUP
LOAD /home/odemki/Programs/programs/STM32IDE/1/en.en-st-stm32cubeide_1-5-0_8698_20201117_1050_amd64_sh/makeself_dir_5QpOGP/y/plugins/com.st.stm32cube.ide.mcu.externaltools.gnu-tools-for-stm32.9-2020-q2-update.linux64_2.0.0.202105311346/tools/bin/../lib/gcc/arm-none-eabi/9.3.1/../../../../arm-none-eabi/lib/thumb/v7e-m+fp/hard/libc_nano.a
LOAD /home/odemki/Programs/programs/STM32IDE/1/en.en-st-stm32cubeide_1-5-0_8698_20201117_1050_amd64_sh/makeself_dir_5QpOGP/y/plugins/com.st.stm32cube.ide.mcu.externaltools.gnu-tools-for-stm32.9-2020-q2-update.linux64_2.0.0.202105311346/tools/bin/../lib/gcc/arm-none-eabi/9.3.1/../../../../arm-none-eabi/lib/thumb/v7e-m+fp/hard/libm.a
END GROUP
START GROUP
LOAD /home/odemki/Programs/programs/STM32IDE/1/en.en-st-stm32cubeide_1-5-0_8698_20201117_1050_amd64_sh/makeself_dir_5QpOGP/y/plugins/com.st.stm32cube.ide.mcu.externaltools.gnu-tools-for-stm32.9-2020-q2-update.linux64_2.0.0.202105311346/tools/bin/../lib/gcc/arm-none-eabi/9.3.1/thumb/v7e-m+fp/hard/libgcc.a
LOAD /home/odemki/Programs/programs/STM32IDE/1/en.en-st-stm32cubeide_1-5-0_8698_20201117_1050_amd64_sh/makeself_dir_5QpOGP/y/plugins/com.st.stm32cube.ide.mcu.externaltools.gnu-tools-for-stm32.9-2020-q2-update.linux64_2.0.0.202105311346/tools/bin/../lib/gcc/arm-none-eabi/9.3.1/../../../../arm-none-eabi/lib/thumb/v7e-m+fp/hard/libc_nano.a
END GROUP
START GROUP
LOAD /home/odemki/Programs/programs/STM32IDE/1/en.en-st-stm32cubeide_1-5-0_8698_20201117_1050_amd64_sh/makeself_dir_5QpOGP/y/plugins/com.st.stm32cube.ide.mcu.externaltools.gnu-tools-for-stm32.9-2020-q2-update.linux64_2.0.0.202105311346/tools/bin/../lib/gcc/arm-none-eabi/9.3.1/thumb/v7e-m+fp/hard/libgcc.a
LOAD /home/odemki/Programs/programs/STM32IDE/1/en.en-st-stm32cubeide_1-5-0_8698_20201117_1050_amd64_sh/makeself_dir_5QpOGP/y/plugins/com.st.stm32cube.ide.mcu.externaltools.gnu-tools-for-stm32.9-2020-q2-update.linux64_2.0.0.202105311346/tools/bin/../lib/gcc/arm-none-eabi/9.3.1/../../../../arm-none-eabi/lib/thumb/v7e-m+fp/hard/libc_nano.a
LOAD /home/odemki/Programs/programs/STM32IDE/1/en.en-st-stm32cubeide_1-5-0_8698_20201117_1050_amd64_sh/makeself_dir_5QpOGP/y/plugins/com.st.stm32cube.ide.mcu.externaltools.gnu-tools-for-stm32.9-2020-q2-update.linux64_2.0.0.202105311346/tools/bin/../lib/gcc/arm-none-eabi/9.3.1/../../../../arm-none-eabi/lib/thumb/v7e-m+fp/hard/libnosys.a
END GROUP
START GROUP
LOAD /home/odemki/Programs/programs/STM32IDE/1/en.en-st-stm32cubeide_1-5-0_8698_20201117_1050_amd64_sh/makeself_dir_5QpOGP/y/plugins/com.st.stm32cube.ide.mcu.externaltools.gnu-tools-for-stm32.9-2020-q2-update.linux64_2.0.0.202105311346/tools/bin/../lib/gcc/arm-none-eabi/9.3.1/thumb/v7e-m+fp/hard/libgcc.a
LOAD /home/odemki/Programs/programs/STM32IDE/1/en.en-st-stm32cubeide_1-5-0_8698_20201117_1050_amd64_sh/makeself_dir_5QpOGP/y/plugins/com.st.stm32cube.ide.mcu.externaltools.gnu-tools-for-stm32.9-2020-q2-update.linux64_2.0.0.202105311346/tools/bin/../lib/gcc/arm-none-eabi/9.3.1/../../../../arm-none-eabi/lib/thumb/v7e-m+fp/hard/libc_nano.a
LOAD /home/odemki/Programs/programs/STM32IDE/1/en.en-st-stm32cubeide_1-5-0_8698_20201117_1050_amd64_sh/makeself_dir_5QpOGP/y/plugins/com.st.stm32cube.ide.mcu.externaltools.gnu-tools-for-stm32.9-2020-q2-update.linux64_2.0.0.202105311346/tools/bin/../lib/gcc/arm-none-eabi/9.3.1/../../../../arm-none-eabi/lib/thumb/v7e-m+fp/hard/libnosys.a
END GROUP
LOAD /home/odemki/Programs/programs/STM32IDE/1/en.en-st-stm32cubeide_1-5-0_8698_20201117_1050_amd64_sh/makeself_dir_5QpOGP/y/plugins/com.st.stm32cube.ide.mcu.externaltools.gnu-tools-for-stm32.9-2020-q2-update.linux64_2.0.0.202105311346/tools/bin/../lib/gcc/arm-none-eabi/9.3.1/thumb/v7e-m+fp/hard/crtend.o
LOAD /home/odemki/Programs/programs/STM32IDE/1/en.en-st-stm32cubeide_1-5-0_8698_20201117_1050_amd64_sh/makeself_dir_5QpOGP/y/plugins/com.st.stm32cube.ide.mcu.externaltools.gnu-tools-for-stm32.9-2020-q2-update.linux64_2.0.0.202105311346/tools/bin/../lib/gcc/arm-none-eabi/9.3.1/thumb/v7e-m+fp/hard/crtn.o
                0x0000000020020000                _estack = (ORIGIN (RAM) + LENGTH (RAM))
                0x0000000000000200                _Min_Heap_Size = 0x200
                0x0000000000000400                _Min_Stack_Size = 0x400

.isr_vector     0x0000000008000000      0x188
                0x0000000008000000                . = ALIGN (0x4)
 *(.isr_vector)
 .isr_vector    0x0000000008000000      0x188 ./Core/Startup/startup_stm32f407vgtx.o
                0x0000000008000000                g_pfnVectors
                0x0000000008000188                . = ALIGN (0x4)

.text           0x0000000008000190     0xdf58
                0x0000000008000190                . = ALIGN (0x4)
 *(.text)
 .text          0x0000000008000190       0x40 /home/odemki/Programs/programs/STM32IDE/1/en.en-st-stm32cubeide_1-5-0_8698_20201117_1050_amd64_sh/makeself_dir_5QpOGP/y/plugins/com.st.stm32cube.ide.mcu.externaltools.gnu-tools-for-stm32.9-2020-q2-update.linux64_2.0.0.202105311346/tools/bin/../lib/gcc/arm-none-eabi/9.3.1/thumb/v7e-m+fp/hard/crtbegin.o
 .text          0x00000000080001d0       0x10 /home/odemki/Programs/programs/STM32IDE/1/en.en-st-stm32cubeide_1-5-0_8698_20201117_1050_amd64_sh/makeself_dir_5QpOGP/y/plugins/com.st.stm32cube.ide.mcu.externaltools.gnu-tools-for-stm32.9-2020-q2-update.linux64_2.0.0.202105311346/tools/bin/../lib/gcc/arm-none-eabi/9.3.1/../../../../arm-none-eabi/lib/thumb/v7e-m+fp/hard/libc_nano.a(lib_a-strlen.o)
                0x00000000080001d0                strlen
 .text          0x00000000080001e0       0xa0 /home/odemki/Programs/programs/STM32IDE/1/en.en-st-stm32cubeide_1-5-0_8698_20201117_1050_amd64_sh/makeself_dir_5QpOGP/y/plugins/com.st.stm32cube.ide.mcu.externaltools.gnu-tools-for-stm32.9-2020-q2-update.linux64_2.0.0.202105311346/tools/bin/../lib/gcc/arm-none-eabi/9.3.1/../../../../arm-none-eabi/lib/thumb/v7e-m+fp/hard/libc_nano.a(lib_a-memchr.o)
                0x00000000080001e0                memchr
 .text          0x0000000008000280       0x30 /home/odemki/Programs/programs/STM32IDE/1/en.en-st-stm32cubeide_1-5-0_8698_20201117_1050_amd64_sh/makeself_dir_5QpOGP/y/plugins/com.st.stm32cube.ide.mcu.externaltools.gnu-tools-for-stm32.9-2020-q2-update.linux64_2.0.0.202105311346/tools/bin/../lib/gcc/arm-none-eabi/9.3.1/thumb/v7e-m+fp/hard/libgcc.a(_aeabi_uldivmod.o)
                0x0000000008000280                __aeabi_uldivmod
 .text          0x00000000080002b0      0x2c4 /home/odemki/Programs/programs/STM32IDE/1/en.en-st-stm32cubeide_1-5-0_8698_20201117_1050_amd64_sh/makeself_dir_5QpOGP/y/plugins/com.st.stm32cube.ide.mcu.externaltools.gnu-tools-for-stm32.9-2020-q2-update.linux64_2.0.0.202105311346/tools/bin/../lib/gcc/arm-none-eabi/9.3.1/thumb/v7e-m+fp/hard/libgcc.a(_udivmoddi4.o)
                0x00000000080002b0                __udivmoddi4
 .text          0x0000000008000574        0x4 /home/odemki/Programs/programs/STM32IDE/1/en.en-st-stm32cubeide_1-5-0_8698_20201117_1050_amd64_sh/makeself_dir_5QpOGP/y/plugins/com.st.stm32cube.ide.mcu.externaltools.gnu-tools-for-stm32.9-2020-q2-update.linux64_2.0.0.202105311346/tools/bin/../lib/gcc/arm-none-eabi/9.3.1/thumb/v7e-m+fp/hard/libgcc.a(_dvmd_tls.o)
                0x0000000008000574                __aeabi_ldiv0
                0x0000000008000574                __aeabi_idiv0
 *(.text*)
 .text.configureTimerForRunTimeStats
                0x0000000008000578        0xe ./Core/Src/freertos.o
                0x0000000008000578                configureTimerForRunTimeStats
 .text.getRunTimeCounterValue
                0x0000000008000586       0x10 ./Core/Src/freertos.o
                0x0000000008000586                getRunTimeCounterValue
 .text.vApplicationStackOverflowHook
                0x0000000008000596       0x16 ./Core/Src/freertos.o
                0x0000000008000596                vApplicationStackOverflowHook
 .text.main     0x00000000080005ac      0x138 ./Core/Src/main.o
                0x00000000080005ac                main
 .text.SystemClock_Config
                0x00000000080006e4       0xd4 ./Core/Src/main.o
                0x00000000080006e4                SystemClock_Config
 .text.MX_ADC1_Init
                0x00000000080007b8       0xf0 ./Core/Src/main.o
 .text.MX_I2C1_Init
                0x00000000080008a8       0x5c ./Core/Src/main.o
 .text.MX_I2S3_Init
                0x0000000008000904       0x60 ./Core/Src/main.o
 .text.MX_SPI1_Init
                0x0000000008000964       0x6c ./Core/Src/main.o
 .text.MX_TIM4_Init
                0x00000000080009d0       0xb4 ./Core/Src/main.o
 .text.MX_GPIO_Init
                0x0000000008000a84      0x1f8 ./Core/Src/main.o
 .text.StartDefaultTask
                0x0000000008000c7c       0x14 ./Core/Src/main.o
                0x0000000008000c7c                StartDefaultTask
 .text.StartLED_BLUE_BLINK
                0x0000000008000c90       0x34 ./Core/Src/main.o
                0x0000000008000c90                StartLED_BLUE_BLINK
 .text.StartLED_YELLOW_ADC
                0x0000000008000cc4       0x38 ./Core/Src/main.o
                0x0000000008000cc4                StartLED_YELLOW_ADC
 .text.StartUART_Task
                0x0000000008000cfc       0x34 ./Core/Src/main.o
                0x0000000008000cfc                StartUART_Task
 .text.StartADC_Task
                0x0000000008000d30       0x30 ./Core/Src/main.o
                0x0000000008000d30                StartADC_Task
 .text.StartTeadBtn_Task
                0x0000000008000d60       0x64 ./Core/Src/main.o
                0x0000000008000d60                StartTeadBtn_Task
 .text.StartShowResources
                0x0000000008000dc4      0x12c ./Core/Src/main.o
                0x0000000008000dc4                StartShowResources
 .text.HAL_TIM_PeriodElapsedCallback
                0x0000000008000ef0       0x1e ./Core/Src/main.o
                0x0000000008000ef0                HAL_TIM_PeriodElapsedCallback
 .text.Error_Handler
                0x0000000008000f0e        0xa ./Core/Src/main.o
                0x0000000008000f0e                Error_Handler
 .text.HAL_MspInit
                0x0000000008000f18       0x58 ./Core/Src/stm32f4xx_hal_msp.o
                0x0000000008000f18                HAL_MspInit
 .text.HAL_ADC_MspInit
                0x0000000008000f70       0x88 ./Core/Src/stm32f4xx_hal_msp.o
                0x0000000008000f70                HAL_ADC_MspInit
 .text.HAL_I2C_MspInit
                0x0000000008000ff8       0x90 ./Core/Src/stm32f4xx_hal_msp.o
                0x0000000008000ff8                HAL_I2C_MspInit
 .text.HAL_I2S_MspInit
                0x0000000008001088      0x100 ./Core/Src/stm32f4xx_hal_msp.o
                0x0000000008001088                HAL_I2S_MspInit
 .text.HAL_SPI_MspInit
                0x0000000008001188       0x90 ./Core/Src/stm32f4xx_hal_msp.o
                0x0000000008001188                HAL_SPI_MspInit
 .text.HAL_TIM_PWM_MspInit
                0x0000000008001218       0x44 ./Core/Src/stm32f4xx_hal_msp.o
                0x0000000008001218                HAL_TIM_PWM_MspInit
 .text.HAL_TIM_MspPostInit
                0x000000000800125c       0x74 ./Core/Src/stm32f4xx_hal_msp.o
                0x000000000800125c                HAL_TIM_MspPostInit
 .text.HAL_InitTick
                0x00000000080012d0       0xb4 ./Core/Src/stm32f4xx_hal_timebase_tim.o
                0x00000000080012d0                HAL_InitTick
 .text.NMI_Handler
                0x0000000008001384        0x6 ./Core/Src/stm32f4xx_it.o
                0x0000000008001384                NMI_Handler
 .text.HardFault_Handler
                0x000000000800138a        0x6 ./Core/Src/stm32f4xx_it.o
                0x000000000800138a                HardFault_Handler
 .text.MemManage_Handler
                0x0000000008001390        0x6 ./Core/Src/stm32f4xx_it.o
                0x0000000008001390                MemManage_Handler
 .text.BusFault_Handler
                0x0000000008001396        0x6 ./Core/Src/stm32f4xx_it.o
                0x0000000008001396                BusFault_Handler
 .text.UsageFault_Handler
                0x000000000800139c        0x6 ./Core/Src/stm32f4xx_it.o
                0x000000000800139c                UsageFault_Handler
 .text.DebugMon_Handler
                0x00000000080013a2        0xe ./Core/Src/stm32f4xx_it.o
                0x00000000080013a2                DebugMon_Handler
 .text.TIM2_IRQHandler
                0x00000000080013b0       0x14 ./Core/Src/stm32f4xx_it.o
                0x00000000080013b0                TIM2_IRQHandler
 .text.OTG_FS_IRQHandler
                0x00000000080013c4       0x14 ./Core/Src/stm32f4xx_it.o
                0x00000000080013c4                OTG_FS_IRQHandler
 .text._sbrk    0x00000000080013d8       0x6c ./Core/Src/sysmem.o
                0x00000000080013d8                _sbrk
 .text.SystemInit
                0x0000000008001444       0x24 ./Core/Src/system_stm32f4xx.o
                0x0000000008001444                SystemInit
 .text.Reset_Handler
                0x0000000008001468       0x50 ./Core/Startup/startup_stm32f407vgtx.o
                0x0000000008001468                Reset_Handler
 .text.Default_Handler
                0x00000000080014b8        0x2 ./Core/Startup/startup_stm32f407vgtx.o
                0x00000000080014b8                RTC_Alarm_IRQHandler
                0x00000000080014b8                HASH_RNG_IRQHandler
                0x00000000080014b8                EXTI2_IRQHandler
                0x00000000080014b8                TIM8_CC_IRQHandler
                0x00000000080014b8                TIM1_CC_IRQHandler
                0x00000000080014b8                DMA2_Stream5_IRQHandler
                0x00000000080014b8                DMA1_Stream5_IRQHandler
                0x00000000080014b8                PVD_IRQHandler
                0x00000000080014b8                SDIO_IRQHandler
                0x00000000080014b8                TAMP_STAMP_IRQHandler
                0x00000000080014b8                CAN2_RX1_IRQHandler
                0x00000000080014b8                EXTI3_IRQHandler
                0x00000000080014b8                TIM8_TRG_COM_TIM14_IRQHandler
                0x00000000080014b8                TIM1_UP_TIM10_IRQHandler
                0x00000000080014b8                TIM8_UP_TIM13_IRQHandler
                0x00000000080014b8                I2C3_ER_IRQHandler
                0x00000000080014b8                EXTI0_IRQHandler
                0x00000000080014b8                I2C2_EV_IRQHandler
                0x00000000080014b8                DMA1_Stream2_IRQHandler
                0x00000000080014b8                CAN1_RX0_IRQHandler
                0x00000000080014b8                FPU_IRQHandler
                0x00000000080014b8                OTG_HS_WKUP_IRQHandler
                0x00000000080014b8                CAN2_SCE_IRQHandler
                0x00000000080014b8                DMA2_Stream2_IRQHandler
                0x00000000080014b8                SPI1_IRQHandler
                0x00000000080014b8                TIM6_DAC_IRQHandler
                0x00000000080014b8                TIM1_BRK_TIM9_IRQHandler
                0x00000000080014b8                DCMI_IRQHandler
                0x00000000080014b8                CAN2_RX0_IRQHandler
                0x00000000080014b8                DMA2_Stream3_IRQHandler
                0x00000000080014b8                USART6_IRQHandler
                0x00000000080014b8                USART3_IRQHandler
                0x00000000080014b8                CAN1_RX1_IRQHandler
                0x00000000080014b8                UART5_IRQHandler
                0x00000000080014b8                DMA2_Stream0_IRQHandler
                0x00000000080014b8                TIM4_IRQHandler
                0x00000000080014b8                I2C1_EV_IRQHandler
                0x00000000080014b8                DMA1_Stream6_IRQHandler
                0x00000000080014b8                DMA1_Stream1_IRQHandler
                0x00000000080014b8                UART4_IRQHandler
                0x00000000080014b8                TIM3_IRQHandler
                0x00000000080014b8                RCC_IRQHandler
                0x00000000080014b8                TIM8_BRK_TIM12_IRQHandler
                0x00000000080014b8                Default_Handler
                0x00000000080014b8                EXTI15_10_IRQHandler
                0x00000000080014b8                ADC_IRQHandler
                0x00000000080014b8                DMA1_Stream7_IRQHandler
                0x00000000080014b8                TIM7_IRQHandler
                0x00000000080014b8                CAN2_TX_IRQHandler
                0x00000000080014b8                TIM5_IRQHandler
                0x00000000080014b8                DMA2_Stream7_IRQHandler
                0x00000000080014b8                I2C3_EV_IRQHandler
                0x00000000080014b8                EXTI9_5_IRQHandler
                0x00000000080014b8                RTC_WKUP_IRQHandler
                0x00000000080014b8                ETH_WKUP_IRQHandler
                0x00000000080014b8                SPI2_IRQHandler
                0x00000000080014b8                OTG_HS_EP1_IN_IRQHandler
                0x00000000080014b8                DMA1_Stream0_IRQHandler
                0x00000000080014b8                CAN1_TX_IRQHandler
                0x00000000080014b8                EXTI4_IRQHandler
                0x00000000080014b8                FSMC_IRQHandler
                0x00000000080014b8                ETH_IRQHandler
                0x00000000080014b8                OTG_HS_EP1_OUT_IRQHandler
                0x00000000080014b8                WWDG_IRQHandler
                0x00000000080014b8                OTG_FS_WKUP_IRQHandler
                0x00000000080014b8                TIM1_TRG_COM_TIM11_IRQHandler
                0x00000000080014b8                OTG_HS_IRQHandler
                0x00000000080014b8                EXTI1_IRQHandler
                0x00000000080014b8                USART2_IRQHandler
                0x00000000080014b8                I2C2_ER_IRQHandler
                0x00000000080014b8                DMA2_Stream1_IRQHandler
                0x00000000080014b8                CAN1_SCE_IRQHandler
                0x00000000080014b8                FLASH_IRQHandler
                0x00000000080014b8                DMA2_Stream4_IRQHandler
                0x00000000080014b8                USART1_IRQHandler
                0x00000000080014b8                SPI3_IRQHandler
                0x00000000080014b8                DMA1_Stream4_IRQHandler
                0x00000000080014b8                I2C1_ER_IRQHandler
                0x00000000080014b8                DMA2_Stream6_IRQHandler
                0x00000000080014b8                DMA1_Stream3_IRQHandler
 *fill*         0x00000000080014ba        0x2 
 .text.HAL_Init
                0x00000000080014bc       0x44 ./Drivers/STM32F4xx_HAL_Driver/Src/stm32f4xx_hal.o
                0x00000000080014bc                HAL_Init
 .text.HAL_IncTick
                0x0000000008001500       0x28 ./Drivers/STM32F4xx_HAL_Driver/Src/stm32f4xx_hal.o
                0x0000000008001500                HAL_IncTick
 .text.HAL_GetTick
                0x0000000008001528       0x18 ./Drivers/STM32F4xx_HAL_Driver/Src/stm32f4xx_hal.o
                0x0000000008001528                HAL_GetTick
 .text.HAL_Delay
                0x0000000008001540       0x48 ./Drivers/STM32F4xx_HAL_Driver/Src/stm32f4xx_hal.o
                0x0000000008001540                HAL_Delay
 .text.HAL_ADC_Init
                0x0000000008001588       0x86 ./Drivers/STM32F4xx_HAL_Driver/Src/stm32f4xx_hal_adc.o
                0x0000000008001588                HAL_ADC_Init
 *fill*         0x000000000800160e        0x2 
 .text.HAL_ADC_Start
                0x0000000008001610      0x1a4 ./Drivers/STM32F4xx_HAL_Driver/Src/stm32f4xx_hal_adc.o
                0x0000000008001610                HAL_ADC_Start
 .text.HAL_ADC_GetValue
                0x00000000080017b4       0x1a ./Drivers/STM32F4xx_HAL_Driver/Src/stm32f4xx_hal_adc.o
                0x00000000080017b4                HAL_ADC_GetValue
 *fill*         0x00000000080017ce        0x2 
 .text.HAL_ADC_ConfigChannel
                0x00000000080017d0      0x244 ./Drivers/STM32F4xx_HAL_Driver/Src/stm32f4xx_hal_adc.o
                0x00000000080017d0                HAL_ADC_ConfigChannel
 .text.ADC_Init
                0x0000000008001a14      0x1f8 ./Drivers/STM32F4xx_HAL_Driver/Src/stm32f4xx_hal_adc.o
 .text.HAL_ADCEx_InjectedConfigChannel
                0x0000000008001c0c      0x32c ./Drivers/STM32F4xx_HAL_Driver/Src/stm32f4xx_hal_adc_ex.o
                0x0000000008001c0c                HAL_ADCEx_InjectedConfigChannel
 .text.__NVIC_SetPriorityGrouping
                0x0000000008001f38       0x48 ./Drivers/STM32F4xx_HAL_Driver/Src/stm32f4xx_hal_cortex.o
 .text.__NVIC_GetPriorityGrouping
                0x0000000008001f80       0x1c ./Drivers/STM32F4xx_HAL_Driver/Src/stm32f4xx_hal_cortex.o
 .text.__NVIC_EnableIRQ
                0x0000000008001f9c       0x3c ./Drivers/STM32F4xx_HAL_Driver/Src/stm32f4xx_hal_cortex.o
 .text.__NVIC_SetPriority
                0x0000000008001fd8       0x54 ./Drivers/STM32F4xx_HAL_Driver/Src/stm32f4xx_hal_cortex.o
 .text.NVIC_EncodePriority
                0x000000000800202c       0x66 ./Drivers/STM32F4xx_HAL_Driver/Src/stm32f4xx_hal_cortex.o
 .text.HAL_NVIC_SetPriorityGrouping
                0x0000000008002092       0x16 ./Drivers/STM32F4xx_HAL_Driver/Src/stm32f4xx_hal_cortex.o
                0x0000000008002092                HAL_NVIC_SetPriorityGrouping
 .text.HAL_NVIC_SetPriority
                0x00000000080020a8       0x38 ./Drivers/STM32F4xx_HAL_Driver/Src/stm32f4xx_hal_cortex.o
                0x00000000080020a8                HAL_NVIC_SetPriority
 .text.HAL_NVIC_EnableIRQ
                0x00000000080020e0       0x1c ./Drivers/STM32F4xx_HAL_Driver/Src/stm32f4xx_hal_cortex.o
                0x00000000080020e0                HAL_NVIC_EnableIRQ
 .text.HAL_GPIO_Init
                0x00000000080020fc      0x338 ./Drivers/STM32F4xx_HAL_Driver/Src/stm32f4xx_hal_gpio.o
                0x00000000080020fc                HAL_GPIO_Init
 .text.HAL_GPIO_ReadPin
                0x0000000008002434       0x30 ./Drivers/STM32F4xx_HAL_Driver/Src/stm32f4xx_hal_gpio.o
                0x0000000008002434                HAL_GPIO_ReadPin
 .text.HAL_GPIO_WritePin
                0x0000000008002464       0x32 ./Drivers/STM32F4xx_HAL_Driver/Src/stm32f4xx_hal_gpio.o
                0x0000000008002464                HAL_GPIO_WritePin
 .text.HAL_GPIO_TogglePin
                0x0000000008002496       0x34 ./Drivers/STM32F4xx_HAL_Driver/Src/stm32f4xx_hal_gpio.o
                0x0000000008002496                HAL_GPIO_TogglePin
 *fill*         0x00000000080024ca        0x2 
 .text.HAL_I2C_Init
                0x00000000080024cc      0x288 ./Drivers/STM32F4xx_HAL_Driver/Src/stm32f4xx_hal_i2c.o
                0x00000000080024cc                HAL_I2C_Init
 .text.HAL_I2S_Init
                0x0000000008002754      0x280 ./Drivers/STM32F4xx_HAL_Driver/Src/stm32f4xx_hal_i2s.o
                0x0000000008002754                HAL_I2S_Init
 .text.HAL_I2S_TxCpltCallback
                0x00000000080029d4       0x14 ./Drivers/STM32F4xx_HAL_Driver/Src/stm32f4xx_hal_i2s.o
                0x00000000080029d4                HAL_I2S_TxCpltCallback
 .text.HAL_I2S_RxCpltCallback
                0x00000000080029e8       0x14 ./Drivers/STM32F4xx_HAL_Driver/Src/stm32f4xx_hal_i2s.o
                0x00000000080029e8                HAL_I2S_RxCpltCallback
 .text.HAL_I2S_ErrorCallback
                0x00000000080029fc       0x14 ./Drivers/STM32F4xx_HAL_Driver/Src/stm32f4xx_hal_i2s.o
                0x00000000080029fc                HAL_I2S_ErrorCallback
 .text.I2S_Transmit_IT
                0x0000000008002a10       0x5c ./Drivers/STM32F4xx_HAL_Driver/Src/stm32f4xx_hal_i2s.o
 .text.I2S_Receive_IT
                0x0000000008002a6c       0x5e ./Drivers/STM32F4xx_HAL_Driver/Src/stm32f4xx_hal_i2s.o
 .text.I2S_IRQHandler
                0x0000000008002aca      0x114 ./Drivers/STM32F4xx_HAL_Driver/Src/stm32f4xx_hal_i2s.o
 *fill*         0x0000000008002bde        0x2 
 .text.HAL_I2SEx_FullDuplex_IRQHandler
                0x0000000008002be0      0x2a8 ./Drivers/STM32F4xx_HAL_Driver/Src/stm32f4xx_hal_i2s_ex.o
                0x0000000008002be0                HAL_I2SEx_FullDuplex_IRQHandler
 .text.HAL_I2SEx_TxRxCpltCallback
                0x0000000008002e88       0x14 ./Drivers/STM32F4xx_HAL_Driver/Src/stm32f4xx_hal_i2s_ex.o
                0x0000000008002e88                HAL_I2SEx_TxRxCpltCallback
 .text.I2SEx_TxISR_I2S
                0x0000000008002e9c       0x62 ./Drivers/STM32F4xx_HAL_Driver/Src/stm32f4xx_hal_i2s_ex.o
 *fill*         0x0000000008002efe        0x2 
 .text.I2SEx_TxISR_I2SExt
                0x0000000008002f00       0x98 ./Drivers/STM32F4xx_HAL_Driver/Src/stm32f4xx_hal_i2s_ex.o
 .text.I2SEx_RxISR_I2S
                0x0000000008002f98       0x64 ./Drivers/STM32F4xx_HAL_Driver/Src/stm32f4xx_hal_i2s_ex.o
 .text.I2SEx_RxISR_I2SExt
                0x0000000008002ffc       0x98 ./Drivers/STM32F4xx_HAL_Driver/Src/stm32f4xx_hal_i2s_ex.o
 .text.HAL_PCD_Init
                0x0000000008003094      0x23a ./Drivers/STM32F4xx_HAL_Driver/Src/stm32f4xx_hal_pcd.o
                0x0000000008003094                HAL_PCD_Init
 .text.HAL_PCD_Start
                0x00000000080032ce       0x66 ./Drivers/STM32F4xx_HAL_Driver/Src/stm32f4xx_hal_pcd.o
                0x00000000080032ce                HAL_PCD_Start
 .text.HAL_PCD_IRQHandler
                0x0000000008003334      0x764 ./Drivers/STM32F4xx_HAL_Driver/Src/stm32f4xx_hal_pcd.o
                0x0000000008003334                HAL_PCD_IRQHandler
 .text.HAL_PCD_SetAddress
                0x0000000008003a98       0x4a ./Drivers/STM32F4xx_HAL_Driver/Src/stm32f4xx_hal_pcd.o
                0x0000000008003a98                HAL_PCD_SetAddress
 .text.HAL_PCD_EP_Open
                0x0000000008003ae2       0xd0 ./Drivers/STM32F4xx_HAL_Driver/Src/stm32f4xx_hal_pcd.o
                0x0000000008003ae2                HAL_PCD_EP_Open
 .text.HAL_PCD_EP_Close
                0x0000000008003bb2       0x94 ./Drivers/STM32F4xx_HAL_Driver/Src/stm32f4xx_hal_pcd.o
                0x0000000008003bb2                HAL_PCD_EP_Close
 .text.HAL_PCD_EP_Receive
                0x0000000008003c46       0x96 ./Drivers/STM32F4xx_HAL_Driver/Src/stm32f4xx_hal_pcd.o
                0x0000000008003c46                HAL_PCD_EP_Receive
 .text.HAL_PCD_EP_GetRxCount
                0x0000000008003cdc       0x30 ./Drivers/STM32F4xx_HAL_Driver/Src/stm32f4xx_hal_pcd.o
                0x0000000008003cdc                HAL_PCD_EP_GetRxCount
 .text.HAL_PCD_EP_Transmit
                0x0000000008003d0c       0x94 ./Drivers/STM32F4xx_HAL_Driver/Src/stm32f4xx_hal_pcd.o
                0x0000000008003d0c                HAL_PCD_EP_Transmit
 .text.HAL_PCD_EP_SetStall
                0x0000000008003da0       0xc8 ./Drivers/STM32F4xx_HAL_Driver/Src/stm32f4xx_hal_pcd.o
                0x0000000008003da0                HAL_PCD_EP_SetStall
 .text.HAL_PCD_EP_ClrStall
                0x0000000008003e68       0xac ./Drivers/STM32F4xx_HAL_Driver/Src/stm32f4xx_hal_pcd.o
                0x0000000008003e68                HAL_PCD_EP_ClrStall
 .text.PCD_WriteEmptyTxFifo
                0x0000000008003f14      0x11a ./Drivers/STM32F4xx_HAL_Driver/Src/stm32f4xx_hal_pcd.o
 *fill*         0x000000000800402e        0x2 
 .text.PCD_EP_OutXfrComplete_int
                0x0000000008004030      0x218 ./Drivers/STM32F4xx_HAL_Driver/Src/stm32f4xx_hal_pcd.o
 .text.PCD_EP_OutSetupPacket_int
                0x0000000008004248       0x8c ./Drivers/STM32F4xx_HAL_Driver/Src/stm32f4xx_hal_pcd.o
 .text.HAL_PCDEx_SetTxFiFo
                0x00000000080042d4       0x8e ./Drivers/STM32F4xx_HAL_Driver/Src/stm32f4xx_hal_pcd_ex.o
                0x00000000080042d4                HAL_PCDEx_SetTxFiFo
 .text.HAL_PCDEx_SetRxFiFo
                0x0000000008004362       0x22 ./Drivers/STM32F4xx_HAL_Driver/Src/stm32f4xx_hal_pcd_ex.o
                0x0000000008004362                HAL_PCDEx_SetRxFiFo
 .text.HAL_PCDEx_LPM_Callback
                0x0000000008004384       0x18 ./Drivers/STM32F4xx_HAL_Driver/Src/stm32f4xx_hal_pcd_ex.o
                0x0000000008004384                HAL_PCDEx_LPM_Callback
 .text.HAL_RCC_OscConfig
                0x000000000800439c      0x4f0 ./Drivers/STM32F4xx_HAL_Driver/Src/stm32f4xx_hal_rcc.o
                0x000000000800439c                HAL_RCC_OscConfig
 .text.HAL_RCC_ClockConfig
                0x000000000800488c      0x1cc ./Drivers/STM32F4xx_HAL_Driver/Src/stm32f4xx_hal_rcc.o
                0x000000000800488c                HAL_RCC_ClockConfig
 .text.HAL_RCC_GetSysClockFreq
                0x0000000008004a58      0x1c4 ./Drivers/STM32F4xx_HAL_Driver/Src/stm32f4xx_hal_rcc.o
                0x0000000008004a58                HAL_RCC_GetSysClockFreq
 .text.HAL_RCC_GetHCLKFreq
                0x0000000008004c1c       0x18 ./Drivers/STM32F4xx_HAL_Driver/Src/stm32f4xx_hal_rcc.o
                0x0000000008004c1c                HAL_RCC_GetHCLKFreq
 .text.HAL_RCC_GetPCLK1Freq
                0x0000000008004c34       0x28 ./Drivers/STM32F4xx_HAL_Driver/Src/stm32f4xx_hal_rcc.o
                0x0000000008004c34                HAL_RCC_GetPCLK1Freq
 .text.HAL_RCC_GetClockConfig
                0x0000000008004c5c       0x64 ./Drivers/STM32F4xx_HAL_Driver/Src/stm32f4xx_hal_rcc.o
                0x0000000008004c5c                HAL_RCC_GetClockConfig
 .text.HAL_RCCEx_PeriphCLKConfig
                0x0000000008004cc0      0x1c4 ./Drivers/STM32F4xx_HAL_Driver/Src/stm32f4xx_hal_rcc_ex.o
                0x0000000008004cc0                HAL_RCCEx_PeriphCLKConfig
 .text.HAL_RCCEx_GetPeriphCLKFreq
                0x0000000008004e84       0xbc ./Drivers/STM32F4xx_HAL_Driver/Src/stm32f4xx_hal_rcc_ex.o
                0x0000000008004e84                HAL_RCCEx_GetPeriphCLKFreq
 .text.HAL_SPI_Init
                0x0000000008004f40      0x112 ./Drivers/STM32F4xx_HAL_Driver/Src/stm32f4xx_hal_spi.o
                0x0000000008004f40                HAL_SPI_Init
 .text.HAL_TIM_Base_Init
                0x0000000008005052       0x9e ./Drivers/STM32F4xx_HAL_Driver/Src/stm32f4xx_hal_tim.o
                0x0000000008005052                HAL_TIM_Base_Init
 .text.HAL_TIM_Base_MspInit
                0x00000000080050f0       0x14 ./Drivers/STM32F4xx_HAL_Driver/Src/stm32f4xx_hal_tim.o
                0x00000000080050f0                HAL_TIM_Base_MspInit
 .text.HAL_TIM_Base_Start_IT
                0x0000000008005104       0xe0 ./Drivers/STM32F4xx_HAL_Driver/Src/stm32f4xx_hal_tim.o
                0x0000000008005104                HAL_TIM_Base_Start_IT
 .text.HAL_TIM_PWM_Init
                0x00000000080051e4       0x9e ./Drivers/STM32F4xx_HAL_Driver/Src/stm32f4xx_hal_tim.o
                0x00000000080051e4                HAL_TIM_PWM_Init
 *fill*         0x0000000008005282        0x2 
 .text.HAL_TIM_PWM_Start
                0x0000000008005284      0x190 ./Drivers/STM32F4xx_HAL_Driver/Src/stm32f4xx_hal_tim.o
                0x0000000008005284                HAL_TIM_PWM_Start
 .text.HAL_TIM_IRQHandler
                0x0000000008005414      0x210 ./Drivers/STM32F4xx_HAL_Driver/Src/stm32f4xx_hal_tim.o
                0x0000000008005414                HAL_TIM_IRQHandler
 .text.HAL_TIM_PWM_ConfigChannel
                0x0000000008005624      0x184 ./Drivers/STM32F4xx_HAL_Driver/Src/stm32f4xx_hal_tim.o
                0x0000000008005624                HAL_TIM_PWM_ConfigChannel
 .text.HAL_TIM_OC_DelayElapsedCallback
                0x00000000080057a8       0x14 ./Drivers/STM32F4xx_HAL_Driver/Src/stm32f4xx_hal_tim.o
                0x00000000080057a8                HAL_TIM_OC_DelayElapsedCallback
 .text.HAL_TIM_IC_CaptureCallback
                0x00000000080057bc       0x14 ./Drivers/STM32F4xx_HAL_Driver/Src/stm32f4xx_hal_tim.o
                0x00000000080057bc                HAL_TIM_IC_CaptureCallback
 .text.HAL_TIM_PWM_PulseFinishedCallback
                0x00000000080057d0       0x14 ./Drivers/STM32F4xx_HAL_Driver/Src/stm32f4xx_hal_tim.o
                0x00000000080057d0                HAL_TIM_PWM_PulseFinishedCallback
 .text.HAL_TIM_TriggerCallback
                0x00000000080057e4       0x14 ./Drivers/STM32F4xx_HAL_Driver/Src/stm32f4xx_hal_tim.o
                0x00000000080057e4                HAL_TIM_TriggerCallback
 .text.TIM_Base_SetConfig
                0x00000000080057f8      0x140 ./Drivers/STM32F4xx_HAL_Driver/Src/stm32f4xx_hal_tim.o
                0x00000000080057f8                TIM_Base_SetConfig
 .text.TIM_OC1_SetConfig
                0x0000000008005938       0xe0 ./Drivers/STM32F4xx_HAL_Driver/Src/stm32f4xx_hal_tim.o
 .text.TIM_OC2_SetConfig
                0x0000000008005a18       0xec ./Drivers/STM32F4xx_HAL_Driver/Src/stm32f4xx_hal_tim.o
                0x0000000008005a18                TIM_OC2_SetConfig
 .text.TIM_OC3_SetConfig
                0x0000000008005b04       0xe8 ./Drivers/STM32F4xx_HAL_Driver/Src/stm32f4xx_hal_tim.o
 .text.TIM_OC4_SetConfig
                0x0000000008005bec       0xac ./Drivers/STM32F4xx_HAL_Driver/Src/stm32f4xx_hal_tim.o
 .text.TIM_CCxChannelCmd
                0x0000000008005c98       0x4a ./Drivers/STM32F4xx_HAL_Driver/Src/stm32f4xx_hal_tim.o
                0x0000000008005c98                TIM_CCxChannelCmd
 *fill*         0x0000000008005ce2        0x2 
 .text.HAL_TIMEx_MasterConfigSynchronization
                0x0000000008005ce4       0xf8 ./Drivers/STM32F4xx_HAL_Driver/Src/stm32f4xx_hal_tim_ex.o
                0x0000000008005ce4                HAL_TIMEx_MasterConfigSynchronization
 .text.HAL_TIMEx_CommutCallback
                0x0000000008005ddc       0x14 ./Drivers/STM32F4xx_HAL_Driver/Src/stm32f4xx_hal_tim_ex.o
                0x0000000008005ddc                HAL_TIMEx_CommutCallback
 .text.HAL_TIMEx_BreakCallback
                0x0000000008005df0       0x14 ./Drivers/STM32F4xx_HAL_Driver/Src/stm32f4xx_hal_tim_ex.o
                0x0000000008005df0                HAL_TIMEx_BreakCallback
 .text.USB_CoreInit
                0x0000000008005e04       0xc2 ./Drivers/STM32F4xx_HAL_Driver/Src/stm32f4xx_ll_usb.o
                0x0000000008005e04                USB_CoreInit
 *fill*         0x0000000008005ec6        0x2 
 .text.USB_SetTurnaroundTime
                0x0000000008005ec8      0x144 ./Drivers/STM32F4xx_HAL_Driver/Src/stm32f4xx_ll_usb.o
                0x0000000008005ec8                USB_SetTurnaroundTime
 .text.USB_EnableGlobalInt
                0x000000000800600c       0x22 ./Drivers/STM32F4xx_HAL_Driver/Src/stm32f4xx_ll_usb.o
                0x000000000800600c                USB_EnableGlobalInt
 .text.USB_DisableGlobalInt
                0x000000000800602e       0x22 ./Drivers/STM32F4xx_HAL_Driver/Src/stm32f4xx_ll_usb.o
                0x000000000800602e                USB_DisableGlobalInt
 .text.USB_SetCurrentMode
                0x0000000008006050       0x98 ./Drivers/STM32F4xx_HAL_Driver/Src/stm32f4xx_ll_usb.o
                0x0000000008006050                USB_SetCurrentMode
 .text.USB_DevInit
                0x00000000080060e8      0x2c8 ./Drivers/STM32F4xx_HAL_Driver/Src/stm32f4xx_ll_usb.o
                0x00000000080060e8                USB_DevInit
 .text.USB_FlushTxFifo
                0x00000000080063b0       0x48 ./Drivers/STM32F4xx_HAL_Driver/Src/stm32f4xx_ll_usb.o
                0x00000000080063b0                USB_FlushTxFifo
 .text.USB_FlushRxFifo
                0x00000000080063f8       0x40 ./Drivers/STM32F4xx_HAL_Driver/Src/stm32f4xx_ll_usb.o
                0x00000000080063f8                USB_FlushRxFifo
 .text.USB_SetDevSpeed
                0x0000000008006438       0x32 ./Drivers/STM32F4xx_HAL_Driver/Src/stm32f4xx_ll_usb.o
                0x0000000008006438                USB_SetDevSpeed
 .text.USB_GetDevSpeed
                0x000000000800646a       0x4a ./Drivers/STM32F4xx_HAL_Driver/Src/stm32f4xx_ll_usb.o
                0x000000000800646a                USB_GetDevSpeed
 .text.USB_ActivateEndpoint
                0x00000000080064b4      0x10e ./Drivers/STM32F4xx_HAL_Driver/Src/stm32f4xx_ll_usb.o
                0x00000000080064b4                USB_ActivateEndpoint
 *fill*         0x00000000080065c2        0x2 
 .text.USB_DeactivateEndpoint
                0x00000000080065c4      0x1b8 ./Drivers/STM32F4xx_HAL_Driver/Src/stm32f4xx_ll_usb.o
                0x00000000080065c4                USB_DeactivateEndpoint
 .text.USB_EPStartXfer
                0x000000000800677c      0x488 ./Drivers/STM32F4xx_HAL_Driver/Src/stm32f4xx_ll_usb.o
                0x000000000800677c                USB_EPStartXfer
 .text.USB_EP0StartXfer
                0x0000000008006c04      0x2a6 ./Drivers/STM32F4xx_HAL_Driver/Src/stm32f4xx_ll_usb.o
                0x0000000008006c04                USB_EP0StartXfer
 .text.USB_WritePacket
                0x0000000008006eaa       0x7c ./Drivers/STM32F4xx_HAL_Driver/Src/stm32f4xx_ll_usb.o
                0x0000000008006eaa                USB_WritePacket
 .text.USB_ReadPacket
                0x0000000008006f26       0xb0 ./Drivers/STM32F4xx_HAL_Driver/Src/stm32f4xx_ll_usb.o
                0x0000000008006f26                USB_ReadPacket
 .text.USB_EPSetStall
                0x0000000008006fd6       0xdc ./Drivers/STM32F4xx_HAL_Driver/Src/stm32f4xx_ll_usb.o
                0x0000000008006fd6                USB_EPSetStall
 .text.USB_EPClearStall
                0x00000000080070b2       0xcc ./Drivers/STM32F4xx_HAL_Driver/Src/stm32f4xx_ll_usb.o
                0x00000000080070b2                USB_EPClearStall
 .text.USB_SetDevAddress
                0x000000000800717e       0x4c ./Drivers/STM32F4xx_HAL_Driver/Src/stm32f4xx_ll_usb.o
                0x000000000800717e                USB_SetDevAddress
 .text.USB_DevConnect
                0x00000000080071ca       0x42 ./Drivers/STM32F4xx_HAL_Driver/Src/stm32f4xx_ll_usb.o
                0x00000000080071ca                USB_DevConnect
 .text.USB_DevDisconnect
                0x000000000800720c       0x42 ./Drivers/STM32F4xx_HAL_Driver/Src/stm32f4xx_ll_usb.o
                0x000000000800720c                USB_DevDisconnect
 .text.USB_ReadInterrupts
                0x000000000800724e       0x26 ./Drivers/STM32F4xx_HAL_Driver/Src/stm32f4xx_ll_usb.o
                0x000000000800724e                USB_ReadInterrupts
 .text.USB_ReadDevAllOutEpInterrupt
                0x0000000008007274       0x34 ./Drivers/STM32F4xx_HAL_Driver/Src/stm32f4xx_ll_usb.o
                0x0000000008007274                USB_ReadDevAllOutEpInterrupt
 .text.USB_ReadDevAllInEpInterrupt
                0x00000000080072a8       0x34 ./Drivers/STM32F4xx_HAL_Driver/Src/stm32f4xx_ll_usb.o
                0x00000000080072a8                USB_ReadDevAllInEpInterrupt
 .text.USB_ReadDevOutEPInterrupt
                0x00000000080072dc       0x3c ./Drivers/STM32F4xx_HAL_Driver/Src/stm32f4xx_ll_usb.o
                0x00000000080072dc                USB_ReadDevOutEPInterrupt
 .text.USB_ReadDevInEPInterrupt
                0x0000000008007318       0x5c ./Drivers/STM32F4xx_HAL_Driver/Src/stm32f4xx_ll_usb.o
                0x0000000008007318                USB_ReadDevInEPInterrupt
 .text.USB_GetMode
                0x0000000008007374       0x1c ./Drivers/STM32F4xx_HAL_Driver/Src/stm32f4xx_ll_usb.o
                0x0000000008007374                USB_GetMode
 .text.USB_ActivateSetup
                0x0000000008007390       0x46 ./Drivers/STM32F4xx_HAL_Driver/Src/stm32f4xx_ll_usb.o
                0x0000000008007390                USB_ActivateSetup
 *fill*         0x00000000080073d6        0x2 
 .text.USB_EP0_OutStart
                0x00000000080073d8       0xbc ./Drivers/STM32F4xx_HAL_Driver/Src/stm32f4xx_ll_usb.o
                0x00000000080073d8                USB_EP0_OutStart
 .text.USB_CoreReset
                0x0000000008007494       0x64 ./Drivers/STM32F4xx_HAL_Driver/Src/stm32f4xx_ll_usb.o
 .text.USBD_CDC_Init
                0x00000000080074f8       0xfe ./Middlewares/ST/STM32_USB_Device_Library/Class/CDC/Src/usbd_cdc.o
 .text.USBD_CDC_DeInit
                0x00000000080075f6       0x74 ./Middlewares/ST/STM32_USB_Device_Library/Class/CDC/Src/usbd_cdc.o
 *fill*         0x000000000800766a        0x2 
 .text.USBD_CDC_Setup
                0x000000000800766c      0x190 ./Middlewares/ST/STM32_USB_Device_Library/Class/CDC/Src/usbd_cdc.o
 .text.USBD_CDC_DataIn
                0x00000000080077fc       0xca ./Middlewares/ST/STM32_USB_Device_Library/Class/CDC/Src/usbd_cdc.o
 .text.USBD_CDC_DataOut
                0x00000000080078c6       0x56 ./Middlewares/ST/STM32_USB_Device_Library/Class/CDC/Src/usbd_cdc.o
 .text.USBD_CDC_EP0_RxReady
                0x000000000800791c       0x5a ./Middlewares/ST/STM32_USB_Device_Library/Class/CDC/Src/usbd_cdc.o
 *fill*         0x0000000008007976        0x2 
 .text.USBD_CDC_GetFSCfgDesc
                0x0000000008007978       0x20 ./Middlewares/ST/STM32_USB_Device_Library/Class/CDC/Src/usbd_cdc.o
 .text.USBD_CDC_GetHSCfgDesc
                0x0000000008007998       0x20 ./Middlewares/ST/STM32_USB_Device_Library/Class/CDC/Src/usbd_cdc.o
 .text.USBD_CDC_GetOtherSpeedCfgDesc
                0x00000000080079b8       0x20 ./Middlewares/ST/STM32_USB_Device_Library/Class/CDC/Src/usbd_cdc.o
 .text.USBD_CDC_GetDeviceQualifierDescriptor
                0x00000000080079d8       0x20 ./Middlewares/ST/STM32_USB_Device_Library/Class/CDC/Src/usbd_cdc.o
                0x00000000080079d8                USBD_CDC_GetDeviceQualifierDescriptor
 .text.USBD_CDC_RegisterInterface
                0x00000000080079f8       0x2a ./Middlewares/ST/STM32_USB_Device_Library/Class/CDC/Src/usbd_cdc.o
                0x00000000080079f8                USBD_CDC_RegisterInterface
 .text.USBD_CDC_SetTxBuffer
                0x0000000008007a22       0x3c ./Middlewares/ST/STM32_USB_Device_Library/Class/CDC/Src/usbd_cdc.o
                0x0000000008007a22                USBD_CDC_SetTxBuffer
 .text.USBD_CDC_SetRxBuffer
                0x0000000008007a5e       0x32 ./Middlewares/ST/STM32_USB_Device_Library/Class/CDC/Src/usbd_cdc.o
                0x0000000008007a5e                USBD_CDC_SetRxBuffer
 .text.USBD_CDC_TransmitPacket
                0x0000000008007a90       0x60 ./Middlewares/ST/STM32_USB_Device_Library/Class/CDC/Src/usbd_cdc.o
                0x0000000008007a90                USBD_CDC_TransmitPacket
 .text.USBD_CDC_ReceivePacket
                0x0000000008007af0       0x54 ./Middlewares/ST/STM32_USB_Device_Library/Class/CDC/Src/usbd_cdc.o
                0x0000000008007af0                USBD_CDC_ReceivePacket
 .text.USBD_Init
                0x0000000008007b44       0x60 ./Middlewares/ST/STM32_USB_Device_Library/Core/Src/usbd_core.o
                0x0000000008007b44                USBD_Init
 .text.USBD_RegisterClass
                0x0000000008007ba4       0x4e ./Middlewares/ST/STM32_USB_Device_Library/Core/Src/usbd_core.o
                0x0000000008007ba4                USBD_RegisterClass
 .text.USBD_Start
                0x0000000008007bf2       0x18 ./Middlewares/ST/STM32_USB_Device_Library/Core/Src/usbd_core.o
                0x0000000008007bf2                USBD_Start
 .text.USBD_RunTestMode
                0x0000000008007c0a       0x16 ./Middlewares/ST/STM32_USB_Device_Library/Core/Src/usbd_core.o
                0x0000000008007c0a                USBD_RunTestMode
 .text.USBD_SetClassConfig
                0x0000000008007c20       0x38 ./Middlewares/ST/STM32_USB_Device_Library/Core/Src/usbd_core.o
                0x0000000008007c20                USBD_SetClassConfig
 .text.USBD_ClrClassConfig
                0x0000000008007c58       0x30 ./Middlewares/ST/STM32_USB_Device_Library/Core/Src/usbd_core.o
                0x0000000008007c58                USBD_ClrClassConfig
 .text.USBD_LL_SetupStage
                0x0000000008007c88       0xaa ./Middlewares/ST/STM32_USB_Device_Library/Core/Src/usbd_core.o
                0x0000000008007c88                USBD_LL_SetupStage
 .text.USBD_LL_DataOutStage
                0x0000000008007d32       0xc6 ./Middlewares/ST/STM32_USB_Device_Library/Core/Src/usbd_core.o
                0x0000000008007d32                USBD_LL_DataOutStage
 .text.USBD_LL_DataInStage
                0x0000000008007df8      0x12c ./Middlewares/ST/STM32_USB_Device_Library/Core/Src/usbd_core.o
                0x0000000008007df8                USBD_LL_DataInStage
 .text.USBD_LL_Reset
                0x0000000008007f24       0x9c ./Middlewares/ST/STM32_USB_Device_Library/Core/Src/usbd_core.o
                0x0000000008007f24                USBD_LL_Reset
 .text.USBD_LL_SetSpeed
                0x0000000008007fc0       0x20 ./Middlewares/ST/STM32_USB_Device_Library/Core/Src/usbd_core.o
                0x0000000008007fc0                USBD_LL_SetSpeed
 .text.USBD_LL_Suspend
                0x0000000008007fe0       0x2c ./Middlewares/ST/STM32_USB_Device_Library/Core/Src/usbd_core.o
                0x0000000008007fe0                USBD_LL_Suspend
 .text.USBD_LL_Resume
                0x000000000800800c       0x30 ./Middlewares/ST/STM32_USB_Device_Library/Core/Src/usbd_core.o
                0x000000000800800c                USBD_LL_Resume
 .text.USBD_LL_SOF
                0x000000000800803c       0x44 ./Middlewares/ST/STM32_USB_Device_Library/Core/Src/usbd_core.o
                0x000000000800803c                USBD_LL_SOF
 .text.USBD_LL_IsoINIncomplete
                0x0000000008008080       0x4c ./Middlewares/ST/STM32_USB_Device_Library/Core/Src/usbd_core.o
                0x0000000008008080                USBD_LL_IsoINIncomplete
 .text.USBD_LL_IsoOUTIncomplete
                0x00000000080080cc       0x4c ./Middlewares/ST/STM32_USB_Device_Library/Core/Src/usbd_core.o
                0x00000000080080cc                USBD_LL_IsoOUTIncomplete
 .text.USBD_LL_DevConnected
                0x0000000008008118       0x16 ./Middlewares/ST/STM32_USB_Device_Library/Core/Src/usbd_core.o
                0x0000000008008118                USBD_LL_DevConnected
 .text.USBD_LL_DevDisconnected
                0x000000000800812e       0x38 ./Middlewares/ST/STM32_USB_Device_Library/Core/Src/usbd_core.o
                0x000000000800812e                USBD_LL_DevDisconnected
 .text.SWAPBYTE
                0x0000000008008166       0x3c ./Middlewares/ST/STM32_USB_Device_Library/Core/Src/usbd_ctlreq.o
 *fill*         0x00000000080081a2        0x2 
 .text.USBD_StdDevReq
                0x00000000080081a4       0xdc ./Middlewares/ST/STM32_USB_Device_Library/Core/Src/usbd_ctlreq.o
                0x00000000080081a4                USBD_StdDevReq
 .text.USBD_StdItfReq
                0x0000000008008280       0x92 ./Middlewares/ST/STM32_USB_Device_Library/Core/Src/usbd_ctlreq.o
                0x0000000008008280                USBD_StdItfReq
 .text.USBD_StdEPReq
                0x0000000008008312      0x2c4 ./Middlewares/ST/STM32_USB_Device_Library/Core/Src/usbd_ctlreq.o
                0x0000000008008312                USBD_StdEPReq
 *fill*         0x00000000080085d6        0x2 
 .text.USBD_GetDescriptor
                0x00000000080085d8      0x2d4 ./Middlewares/ST/STM32_USB_Device_Library/Core/Src/usbd_ctlreq.o
 .text.USBD_SetAddress
                0x00000000080088ac       0x88 ./Middlewares/ST/STM32_USB_Device_Library/Core/Src/usbd_ctlreq.o
 .text.USBD_SetConfig
                0x0000000008008934      0x14c ./Middlewares/ST/STM32_USB_Device_Library/Core/Src/usbd_ctlreq.o
 .text.USBD_GetConfig
                0x0000000008008a80       0x6c ./Middlewares/ST/STM32_USB_Device_Library/Core/Src/usbd_ctlreq.o
 .text.USBD_GetStatus
                0x0000000008008aec       0x68 ./Middlewares/ST/STM32_USB_Device_Library/Core/Src/usbd_ctlreq.o
 .text.USBD_SetFeature
                0x0000000008008b54       0x28 ./Middlewares/ST/STM32_USB_Device_Library/Core/Src/usbd_ctlreq.o
 .text.USBD_ClrFeature
                0x0000000008008b7c       0x44 ./Middlewares/ST/STM32_USB_Device_Library/Core/Src/usbd_ctlreq.o
 .text.USBD_ParseSetupRequest
                0x0000000008008bc0       0x74 ./Middlewares/ST/STM32_USB_Device_Library/Core/Src/usbd_ctlreq.o
                0x0000000008008bc0                USBD_ParseSetupRequest
 .text.USBD_CtlError
                0x0000000008008c34       0x22 ./Middlewares/ST/STM32_USB_Device_Library/Core/Src/usbd_ctlreq.o
                0x0000000008008c34                USBD_CtlError
 .text.USBD_GetString
                0x0000000008008c56       0x8c ./Middlewares/ST/STM32_USB_Device_Library/Core/Src/usbd_ctlreq.o
                0x0000000008008c56                USBD_GetString
 .text.USBD_GetLen
                0x0000000008008ce2       0x34 ./Middlewares/ST/STM32_USB_Device_Library/Core/Src/usbd_ctlreq.o
 .text.USBD_CtlSendData
                0x0000000008008d16       0x36 ./Middlewares/ST/STM32_USB_Device_Library/Core/Src/usbd_ioreq.o
                0x0000000008008d16                USBD_CtlSendData
 .text.USBD_CtlContinueSendData
                0x0000000008008d4c       0x22 ./Middlewares/ST/STM32_USB_Device_Library/Core/Src/usbd_ioreq.o
                0x0000000008008d4c                USBD_CtlContinueSendData
 .text.USBD_CtlPrepareRx
                0x0000000008008d6e       0x3a ./Middlewares/ST/STM32_USB_Device_Library/Core/Src/usbd_ioreq.o
                0x0000000008008d6e                USBD_CtlPrepareRx
 .text.USBD_CtlContinueRx
                0x0000000008008da8       0x22 ./Middlewares/ST/STM32_USB_Device_Library/Core/Src/usbd_ioreq.o
                0x0000000008008da8                USBD_CtlContinueRx
 .text.USBD_CtlSendStatus
                0x0000000008008dca       0x26 ./Middlewares/ST/STM32_USB_Device_Library/Core/Src/usbd_ioreq.o
                0x0000000008008dca                USBD_CtlSendStatus
 .text.USBD_CtlReceiveStatus
                0x0000000008008df0       0x26 ./Middlewares/ST/STM32_USB_Device_Library/Core/Src/usbd_ioreq.o
                0x0000000008008df0                USBD_CtlReceiveStatus
 *fill*         0x0000000008008e16        0x2 
 .text.__NVIC_SetPriority
                0x0000000008008e18       0x54 ./Middlewares/Third_Party/FreeRTOS/Source/CMSIS_RTOS_V2/cmsis_os2.o
 .text.SysTick_Handler
                0x0000000008008e6c       0x20 ./Middlewares/Third_Party/FreeRTOS/Source/CMSIS_RTOS_V2/cmsis_os2.o
                0x0000000008008e6c                SysTick_Handler
 .text.SVC_Setup
                0x0000000008008e8c       0x12 ./Middlewares/Third_Party/FreeRTOS/Source/CMSIS_RTOS_V2/cmsis_os2.o
 *fill*         0x0000000008008e9e        0x2 
 .text.osKernelInitialize
                0x0000000008008ea0       0x48 ./Middlewares/Third_Party/FreeRTOS/Source/CMSIS_RTOS_V2/cmsis_os2.o
                0x0000000008008ea0                osKernelInitialize
 .text.osKernelStart
                0x0000000008008ee8       0x4c ./Middlewares/Third_Party/FreeRTOS/Source/CMSIS_RTOS_V2/cmsis_os2.o
                0x0000000008008ee8                osKernelStart
 .text.osThreadNew
                0x0000000008008f34      0x124 ./Middlewares/Third_Party/FreeRTOS/Source/CMSIS_RTOS_V2/cmsis_os2.o
                0x0000000008008f34                osThreadNew
 .text.osDelay  0x0000000008009058       0x36 ./Middlewares/Third_Party/FreeRTOS/Source/CMSIS_RTOS_V2/cmsis_os2.o
                0x0000000008009058                osDelay
 .text.osSemaphoreNew
                0x000000000800908e      0x112 ./Middlewares/Third_Party/FreeRTOS/Source/CMSIS_RTOS_V2/cmsis_os2.o
                0x000000000800908e                osSemaphoreNew
 .text.osSemaphoreAcquire
                0x00000000080091a0       0xa4 ./Middlewares/Third_Party/FreeRTOS/Source/CMSIS_RTOS_V2/cmsis_os2.o
                0x00000000080091a0                osSemaphoreAcquire
 .text.osSemaphoreRelease
                0x0000000008009244       0x88 ./Middlewares/Third_Party/FreeRTOS/Source/CMSIS_RTOS_V2/cmsis_os2.o
                0x0000000008009244                osSemaphoreRelease
 .text.osMessageQueueNew
                0x00000000080092cc       0xe6 ./Middlewares/Third_Party/FreeRTOS/Source/CMSIS_RTOS_V2/cmsis_os2.o
                0x00000000080092cc                osMessageQueueNew
 *fill*         0x00000000080093b2        0x2 
 .text.osMessageQueuePut
                0x00000000080093b4       0xc0 ./Middlewares/Third_Party/FreeRTOS/Source/CMSIS_RTOS_V2/cmsis_os2.o
                0x00000000080093b4                osMessageQueuePut
 .text.osMessageQueueGet
                0x0000000008009474       0xbc ./Middlewares/Third_Party/FreeRTOS/Source/CMSIS_RTOS_V2/cmsis_os2.o
                0x0000000008009474                osMessageQueueGet
 .text.vApplicationGetIdleTaskMemory
                0x0000000008009530       0x34 ./Middlewares/Third_Party/FreeRTOS/Source/CMSIS_RTOS_V2/cmsis_os2.o
                0x0000000008009530                vApplicationGetIdleTaskMemory
 .text.vApplicationGetTimerTaskMemory
                0x0000000008009564       0x34 ./Middlewares/Third_Party/FreeRTOS/Source/CMSIS_RTOS_V2/cmsis_os2.o
                0x0000000008009564                vApplicationGetTimerTaskMemory
 .text.vListInitialise
                0x0000000008009598       0x40 ./Middlewares/Third_Party/FreeRTOS/Source/list.o
                0x0000000008009598                vListInitialise
 .text.vListInitialiseItem
                0x00000000080095d8       0x1a ./Middlewares/Third_Party/FreeRTOS/Source/list.o
                0x00000000080095d8                vListInitialiseItem
 .text.vListInsertEnd
                0x00000000080095f2       0x48 ./Middlewares/Third_Party/FreeRTOS/Source/list.o
                0x00000000080095f2                vListInsertEnd
 .text.vListInsert
                0x000000000800963a       0x72 ./Middlewares/Third_Party/FreeRTOS/Source/list.o
                0x000000000800963a                vListInsert
 .text.uxListRemove
                0x00000000080096ac       0x54 ./Middlewares/Third_Party/FreeRTOS/Source/list.o
                0x00000000080096ac                uxListRemove
 .text.xQueueGenericReset
                0x0000000008009700       0xd0 ./Middlewares/Third_Party/FreeRTOS/Source/queue.o
                0x0000000008009700                xQueueGenericReset
 .text.xQueueGenericCreateStatic
                0x00000000080097d0       0xf0 ./Middlewares/Third_Party/FreeRTOS/Source/queue.o
                0x00000000080097d0                xQueueGenericCreateStatic
 .text.xQueueGenericCreate
                0x00000000080098c0       0x74 ./Middlewares/Third_Party/FreeRTOS/Source/queue.o
                0x00000000080098c0                xQueueGenericCreate
 .text.prvInitialiseNewQueue
                0x0000000008009934       0x46 ./Middlewares/Third_Party/FreeRTOS/Source/queue.o
 .text.xQueueCreateCountingSemaphoreStatic
                0x000000000800997a       0x6e ./Middlewares/Third_Party/FreeRTOS/Source/queue.o
                0x000000000800997a                xQueueCreateCountingSemaphoreStatic
 .text.xQueueCreateCountingSemaphore
                0x00000000080099e8       0x66 ./Middlewares/Third_Party/FreeRTOS/Source/queue.o
                0x00000000080099e8                xQueueCreateCountingSemaphore
 *fill*         0x0000000008009a4e        0x2 
 .text.xQueueGenericSend
                0x0000000008009a50      0x1fc ./Middlewares/Third_Party/FreeRTOS/Source/queue.o
                0x0000000008009a50                xQueueGenericSend
 .text.xQueueGenericSendFromISR
                0x0000000008009c4c      0x136 ./Middlewares/Third_Party/FreeRTOS/Source/queue.o
                0x0000000008009c4c                xQueueGenericSendFromISR
 .text.xQueueGiveFromISR
                0x0000000008009d82      0x11a ./Middlewares/Third_Party/FreeRTOS/Source/queue.o
                0x0000000008009d82                xQueueGiveFromISR
 .text.xQueueReceive
                0x0000000008009e9c      0x1c0 ./Middlewares/Third_Party/FreeRTOS/Source/queue.o
                0x0000000008009e9c                xQueueReceive
 .text.xQueueSemaphoreTake
                0x000000000800a05c      0x218 ./Middlewares/Third_Party/FreeRTOS/Source/queue.o
                0x000000000800a05c                xQueueSemaphoreTake
 .text.xQueueReceiveFromISR
                0x000000000800a274      0x100 ./Middlewares/Third_Party/FreeRTOS/Source/queue.o
                0x000000000800a274                xQueueReceiveFromISR
 .text.vQueueDelete
                0x000000000800a374       0x46 ./Middlewares/Third_Party/FreeRTOS/Source/queue.o
                0x000000000800a374                vQueueDelete
 .text.prvGetDisinheritPriorityAfterTimeout
                0x000000000800a3ba       0x30 ./Middlewares/Third_Party/FreeRTOS/Source/queue.o
 .text.prvCopyDataToQueue
                0x000000000800a3ea       0xd4 ./Middlewares/Third_Party/FreeRTOS/Source/queue.o
 .text.prvCopyDataFromQueue
                0x000000000800a4be       0x4c ./Middlewares/Third_Party/FreeRTOS/Source/queue.o
 .text.prvUnlockQueue
                0x000000000800a50a       0xa4 ./Middlewares/Third_Party/FreeRTOS/Source/queue.o
 .text.prvIsQueueEmpty
                0x000000000800a5ae       0x2c ./Middlewares/Third_Party/FreeRTOS/Source/queue.o
 .text.prvIsQueueFull
                0x000000000800a5da       0x30 ./Middlewares/Third_Party/FreeRTOS/Source/queue.o
 *fill*         0x000000000800a60a        0x2 
 .text.vQueueAddToRegistry
                0x000000000800a60c       0x54 ./Middlewares/Third_Party/FreeRTOS/Source/queue.o
                0x000000000800a60c                vQueueAddToRegistry
 .text.vQueueUnregisterQueue
                0x000000000800a660       0x54 ./Middlewares/Third_Party/FreeRTOS/Source/queue.o
                0x000000000800a660                vQueueUnregisterQueue
 .text.vQueueWaitForMessageRestricted
                0x000000000800a6b4       0x68 ./Middlewares/Third_Party/FreeRTOS/Source/queue.o
                0x000000000800a6b4                vQueueWaitForMessageRestricted
 .text.xTaskCreateStatic
                0x000000000800a71c       0xba ./Middlewares/Third_Party/FreeRTOS/Source/tasks.o
                0x000000000800a71c                xTaskCreateStatic
 .text.xTaskCreate
                0x000000000800a7d6       0x8a ./Middlewares/Third_Party/FreeRTOS/Source/tasks.o
                0x000000000800a7d6                xTaskCreate
 .text.prvInitialiseNewTask
                0x000000000800a860      0x154 ./Middlewares/Third_Party/FreeRTOS/Source/tasks.o
 .text.prvAddNewTaskToReadyList
                0x000000000800a9b4       0xe0 ./Middlewares/Third_Party/FreeRTOS/Source/tasks.o
 .text.vTaskDelay
                0x000000000800aa94       0x68 ./Middlewares/Third_Party/FreeRTOS/Source/tasks.o
                0x000000000800aa94                vTaskDelay
 .text.eTaskGetState
                0x000000000800aafc       0xcc ./Middlewares/Third_Party/FreeRTOS/Source/tasks.o
                0x000000000800aafc                eTaskGetState
 .text.vTaskStartScheduler
                0x000000000800abc8       0xe4 ./Middlewares/Third_Party/FreeRTOS/Source/tasks.o
                0x000000000800abc8                vTaskStartScheduler
 .text.vTaskSuspendAll
                0x000000000800acac       0x1c ./Middlewares/Third_Party/FreeRTOS/Source/tasks.o
                0x000000000800acac                vTaskSuspendAll
 .text.xTaskResumeAll
                0x000000000800acc8      0x13c ./Middlewares/Third_Party/FreeRTOS/Source/tasks.o
                0x000000000800acc8                xTaskResumeAll
 .text.xTaskGetTickCount
                0x000000000800ae04       0x20 ./Middlewares/Third_Party/FreeRTOS/Source/tasks.o
                0x000000000800ae04                xTaskGetTickCount
 .text.uxTaskGetSystemState
                0x000000000800ae24      0x120 ./Middlewares/Third_Party/FreeRTOS/Source/tasks.o
                0x000000000800ae24                uxTaskGetSystemState
 .text.xTaskIncrementTick
                0x000000000800af44      0x174 ./Middlewares/Third_Party/FreeRTOS/Source/tasks.o
                0x000000000800af44                xTaskIncrementTick
 .text.vTaskSwitchContext
                0x000000000800b0b8      0x120 ./Middlewares/Third_Party/FreeRTOS/Source/tasks.o
                0x000000000800b0b8                vTaskSwitchContext
 .text.vTaskPlaceOnEventList
                0x000000000800b1d8       0x48 ./Middlewares/Third_Party/FreeRTOS/Source/tasks.o
                0x000000000800b1d8                vTaskPlaceOnEventList
 .text.vTaskPlaceOnEventListRestricted
                0x000000000800b220       0x58 ./Middlewares/Third_Party/FreeRTOS/Source/tasks.o
                0x000000000800b220                vTaskPlaceOnEventListRestricted
 .text.xTaskRemoveFromEventList
                0x000000000800b278       0xc8 ./Middlewares/Third_Party/FreeRTOS/Source/tasks.o
                0x000000000800b278                xTaskRemoveFromEventList
 .text.vTaskInternalSetTimeOutState
                0x000000000800b340       0x2c ./Middlewares/Third_Party/FreeRTOS/Source/tasks.o
                0x000000000800b340                vTaskInternalSetTimeOutState
 .text.xTaskCheckForTimeOut
                0x000000000800b36c       0xc4 ./Middlewares/Third_Party/FreeRTOS/Source/tasks.o
                0x000000000800b36c                xTaskCheckForTimeOut
 .text.vTaskMissedYield
                0x000000000800b430       0x18 ./Middlewares/Third_Party/FreeRTOS/Source/tasks.o
                0x000000000800b430                vTaskMissedYield
 .text.prvIdleTask
                0x000000000800b448       0x30 ./Middlewares/Third_Party/FreeRTOS/Source/tasks.o
 .text.prvInitialiseTaskLists
                0x000000000800b478       0x80 ./Middlewares/Third_Party/FreeRTOS/Source/tasks.o
 .text.prvCheckTasksWaitingTermination
                0x000000000800b4f8       0x5c ./Middlewares/Third_Party/FreeRTOS/Source/tasks.o
 .text.vTaskGetInfo
                0x000000000800b554       0xcc ./Middlewares/Third_Party/FreeRTOS/Source/tasks.o
                0x000000000800b554                vTaskGetInfo
 .text.prvListTasksWithinSingleList
                0x000000000800b620       0xa4 ./Middlewares/Third_Party/FreeRTOS/Source/tasks.o
 .text.prvTaskCheckFreeStackSpace
                0x000000000800b6c4       0x38 ./Middlewares/Third_Party/FreeRTOS/Source/tasks.o
 .text.prvDeleteTCB
                0x000000000800b6fc       0x68 ./Middlewares/Third_Party/FreeRTOS/Source/tasks.o
 .text.prvResetNextTaskUnblockTime
                0x000000000800b764       0x40 ./Middlewares/Third_Party/FreeRTOS/Source/tasks.o
 .text.xTaskGetSchedulerState
                0x000000000800b7a4       0x3c ./Middlewares/Third_Party/FreeRTOS/Source/tasks.o
                0x000000000800b7a4                xTaskGetSchedulerState
 .text.xTaskPriorityInherit
                0x000000000800b7e0       0xd0 ./Middlewares/Third_Party/FreeRTOS/Source/tasks.o
                0x000000000800b7e0                xTaskPriorityInherit
 .text.xTaskPriorityDisinherit
                0x000000000800b8b0       0xdc ./Middlewares/Third_Party/FreeRTOS/Source/tasks.o
                0x000000000800b8b0                xTaskPriorityDisinherit
 .text.vTaskPriorityDisinheritAfterTimeout
                0x000000000800b98c      0x104 ./Middlewares/Third_Party/FreeRTOS/Source/tasks.o
                0x000000000800b98c                vTaskPriorityDisinheritAfterTimeout
 .text.prvWriteNameToBuffer
                0x000000000800ba90       0x4a ./Middlewares/Third_Party/FreeRTOS/Source/tasks.o
 *fill*         0x000000000800bada        0x2 
 .text.vTaskList
                0x000000000800badc      0x12c ./Middlewares/Third_Party/FreeRTOS/Source/tasks.o
                0x000000000800badc                vTaskList
 .text.pvTaskIncrementMutexHeldCount
                0x000000000800bc08       0x28 ./Middlewares/Third_Party/FreeRTOS/Source/tasks.o
                0x000000000800bc08                pvTaskIncrementMutexHeldCount
 .text.prvAddCurrentTaskToDelayedList
                0x000000000800bc30       0xa8 ./Middlewares/Third_Party/FreeRTOS/Source/tasks.o
 .text.xTimerCreateTimerTask
                0x000000000800bcd8       0x90 ./Middlewares/Third_Party/FreeRTOS/Source/timers.o
                0x000000000800bcd8                xTimerCreateTimerTask
 .text.xTimerGenericCommand
                0x000000000800bd68       0x9c ./Middlewares/Third_Party/FreeRTOS/Source/timers.o
                0x000000000800bd68                xTimerGenericCommand
 .text.prvProcessExpiredTimer
                0x000000000800be04       0x98 ./Middlewares/Third_Party/FreeRTOS/Source/timers.o
 .text.prvTimerTask
                0x000000000800be9c       0x24 ./Middlewares/Third_Party/FreeRTOS/Source/timers.o
 .text.prvProcessTimerOrBlockTask
                0x000000000800bec0       0x9c ./Middlewares/Third_Party/FreeRTOS/Source/timers.o
 .text.prvGetNextExpireTime
                0x000000000800bf5c       0x48 ./Middlewares/Third_Party/FreeRTOS/Source/timers.o
 .text.prvSampleTimeNow
                0x000000000800bfa4       0x40 ./Middlewares/Third_Party/FreeRTOS/Source/timers.o
 .text.prvInsertTimerInActiveList
                0x000000000800bfe4       0x84 ./Middlewares/Third_Party/FreeRTOS/Source/timers.o
 .text.prvProcessReceivedCommands
                0x000000000800c068      0x1c4 ./Middlewares/Third_Party/FreeRTOS/Source/timers.o
 .text.prvSwitchTimerLists
                0x000000000800c22c       0xc8 ./Middlewares/Third_Party/FreeRTOS/Source/timers.o
 .text.prvCheckForValidListAndQueue
                0x000000000800c2f4       0x80 ./Middlewares/Third_Party/FreeRTOS/Source/timers.o
 .text.pxPortInitialiseStack
                0x000000000800c374       0x68 ./Middlewares/Third_Party/FreeRTOS/Source/portable/GCC/ARM_CM4F/port.o
                0x000000000800c374                pxPortInitialiseStack
 .text.prvTaskExitError
                0x000000000800c3dc       0x58 ./Middlewares/Third_Party/FreeRTOS/Source/portable/GCC/ARM_CM4F/port.o
 *fill*         0x000000000800c434        0xc 
 .text.SVC_Handler
                0x000000000800c440       0x28 ./Middlewares/Third_Party/FreeRTOS/Source/portable/GCC/ARM_CM4F/port.o
                0x000000000800c440                SVC_Handler
 .text.prvPortStartFirstTask
                0x000000000800c468       0x28 ./Middlewares/Third_Party/FreeRTOS/Source/portable/GCC/ARM_CM4F/port.o
 .text.xPortStartScheduler
                0x000000000800c490      0x144 ./Middlewares/Third_Party/FreeRTOS/Source/portable/GCC/ARM_CM4F/port.o
                0x000000000800c490                xPortStartScheduler
 .text.vPortEnterCritical
                0x000000000800c5d4       0x60 ./Middlewares/Third_Party/FreeRTOS/Source/portable/GCC/ARM_CM4F/port.o
                0x000000000800c5d4                vPortEnterCritical
 .text.vPortExitCritical
                0x000000000800c634       0x54 ./Middlewares/Third_Party/FreeRTOS/Source/portable/GCC/ARM_CM4F/port.o
                0x000000000800c634                vPortExitCritical
 *fill*         0x000000000800c688        0x8 
 .text.PendSV_Handler
                0x000000000800c690       0x68 ./Middlewares/Third_Party/FreeRTOS/Source/portable/GCC/ARM_CM4F/port.o
                0x000000000800c690                PendSV_Handler
 .text.xPortSysTickHandler
                0x000000000800c6f8       0x44 ./Middlewares/Third_Party/FreeRTOS/Source/portable/GCC/ARM_CM4F/port.o
                0x000000000800c6f8                xPortSysTickHandler
 .text.vPortSetupTimerInterrupt
                0x000000000800c73c       0x48 ./Middlewares/Third_Party/FreeRTOS/Source/portable/GCC/ARM_CM4F/port.o
                0x000000000800c73c                vPortSetupTimerInterrupt
 .text.vPortEnableVFP
                0x000000000800c784       0x14 ./Middlewares/Third_Party/FreeRTOS/Source/portable/GCC/ARM_CM4F/port.o
 .text.vPortValidateInterruptPriority
                0x000000000800c798       0x80 ./Middlewares/Third_Party/FreeRTOS/Source/portable/GCC/ARM_CM4F/port.o
                0x000000000800c798                vPortValidateInterruptPriority
 .text.pvPortMalloc
                0x000000000800c818      0x198 ./Middlewares/Third_Party/FreeRTOS/Source/portable/MemMang/heap_4.o
                0x000000000800c818                pvPortMalloc
 .text.vPortFree
                0x000000000800c9b0       0xc4 ./Middlewares/Third_Party/FreeRTOS/Source/portable/MemMang/heap_4.o
                0x000000000800c9b0                vPortFree
 .text.xPortGetFreeHeapSize
                0x000000000800ca74       0x18 ./Middlewares/Third_Party/FreeRTOS/Source/portable/MemMang/heap_4.o
                0x000000000800ca74                xPortGetFreeHeapSize
 .text.prvHeapInit
                0x000000000800ca8c       0xc4 ./Middlewares/Third_Party/FreeRTOS/Source/portable/MemMang/heap_4.o
 .text.prvInsertBlockIntoFreeList
                0x000000000800cb50       0xb4 ./Middlewares/Third_Party/FreeRTOS/Source/portable/MemMang/heap_4.o
 .text.MX_USB_DEVICE_Init
                0x000000000800cc04       0x60 ./USB_DEVICE/App/usb_device.o
                0x000000000800cc04                MX_USB_DEVICE_Init
 .text.CDC_Init_FS
                0x000000000800cc64       0x28 ./USB_DEVICE/App/usbd_cdc_if.o
 .text.CDC_DeInit_FS
                0x000000000800cc8c       0x10 ./USB_DEVICE/App/usbd_cdc_if.o
 .text.CDC_Control_FS
                0x000000000800cc9c       0xbc ./USB_DEVICE/App/usbd_cdc_if.o
 .text.CDC_Receive_FS
                0x000000000800cd58       0x28 ./USB_DEVICE/App/usbd_cdc_if.o
 .text.CDC_Transmit_FS
                0x000000000800cd80       0x4c ./USB_DEVICE/App/usbd_cdc_if.o
                0x000000000800cd80                CDC_Transmit_FS
 .text.CDC_TransmitCplt_FS
                0x000000000800cdcc       0x22 ./USB_DEVICE/App/usbd_cdc_if.o
 *fill*         0x000000000800cdee        0x2 
 .text.USBD_FS_DeviceDescriptor
                0x000000000800cdf0       0x24 ./USB_DEVICE/App/usbd_desc.o
                0x000000000800cdf0                USBD_FS_DeviceDescriptor
 .text.USBD_FS_LangIDStrDescriptor
                0x000000000800ce14       0x24 ./USB_DEVICE/App/usbd_desc.o
                0x000000000800ce14                USBD_FS_LangIDStrDescriptor
 .text.USBD_FS_ProductStrDescriptor
                0x000000000800ce38       0x3c ./USB_DEVICE/App/usbd_desc.o
                0x000000000800ce38                USBD_FS_ProductStrDescriptor
 .text.USBD_FS_ManufacturerStrDescriptor
                0x000000000800ce74       0x28 ./USB_DEVICE/App/usbd_desc.o
                0x000000000800ce74                USBD_FS_ManufacturerStrDescriptor
 .text.USBD_FS_SerialStrDescriptor
                0x000000000800ce9c       0x24 ./USB_DEVICE/App/usbd_desc.o
                0x000000000800ce9c                USBD_FS_SerialStrDescriptor
 .text.USBD_FS_ConfigStrDescriptor
                0x000000000800cec0       0x3c ./USB_DEVICE/App/usbd_desc.o
                0x000000000800cec0                USBD_FS_ConfigStrDescriptor
 .text.USBD_FS_InterfaceStrDescriptor
                0x000000000800cefc       0x3c ./USB_DEVICE/App/usbd_desc.o
                0x000000000800cefc                USBD_FS_InterfaceStrDescriptor
 .text.Get_SerialNum
                0x000000000800cf38       0x58 ./USB_DEVICE/App/usbd_desc.o
 .text.IntToUnicode
                0x000000000800cf90       0x7e ./USB_DEVICE/App/usbd_desc.o
 *fill*         0x000000000800d00e        0x2 
 .text.HAL_PCD_MspInit
                0x000000000800d010       0xc4 ./USB_DEVICE/Target/usbd_conf.o
                0x000000000800d010                HAL_PCD_MspInit
 .text.HAL_PCD_SetupStageCallback
                0x000000000800d0d4       0x24 ./USB_DEVICE/Target/usbd_conf.o
                0x000000000800d0d4                HAL_PCD_SetupStageCallback
 .text.HAL_PCD_DataOutStageCallback
                0x000000000800d0f8       0x36 ./USB_DEVICE/Target/usbd_conf.o
                0x000000000800d0f8                HAL_PCD_DataOutStageCallback
 .text.HAL_PCD_DataInStageCallback
                0x000000000800d12e       0x34 ./USB_DEVICE/Target/usbd_conf.o
                0x000000000800d12e                HAL_PCD_DataInStageCallback
 .text.HAL_PCD_SOFCallback
                0x000000000800d162       0x1c ./USB_DEVICE/Target/usbd_conf.o
                0x000000000800d162                HAL_PCD_SOFCallback
 .text.HAL_PCD_ResetCallback
                0x000000000800d17e       0x50 ./USB_DEVICE/Target/usbd_conf.o
                0x000000000800d17e                HAL_PCD_ResetCallback
 *fill*         0x000000000800d1ce        0x2 
 .text.HAL_PCD_SuspendCallback
                0x000000000800d1d0       0x4c ./USB_DEVICE/Target/usbd_conf.o
                0x000000000800d1d0                HAL_PCD_SuspendCallback
 .text.HAL_PCD_ResumeCallback
                0x000000000800d21c       0x1c ./USB_DEVICE/Target/usbd_conf.o
                0x000000000800d21c                HAL_PCD_ResumeCallback
 .text.HAL_PCD_ISOOUTIncompleteCallback
                0x000000000800d238       0x24 ./USB_DEVICE/Target/usbd_conf.o
                0x000000000800d238                HAL_PCD_ISOOUTIncompleteCallback
 .text.HAL_PCD_ISOINIncompleteCallback
                0x000000000800d25c       0x24 ./USB_DEVICE/Target/usbd_conf.o
                0x000000000800d25c                HAL_PCD_ISOINIncompleteCallback
 .text.HAL_PCD_ConnectCallback
                0x000000000800d280       0x1c ./USB_DEVICE/Target/usbd_conf.o
                0x000000000800d280                HAL_PCD_ConnectCallback
 .text.HAL_PCD_DisconnectCallback
                0x000000000800d29c       0x1c ./USB_DEVICE/Target/usbd_conf.o
                0x000000000800d29c                HAL_PCD_DisconnectCallback
 .text.USBD_LL_Init
                0x000000000800d2b8       0x98 ./USB_DEVICE/Target/usbd_conf.o
                0x000000000800d2b8                USBD_LL_Init
 .text.USBD_LL_Start
                0x000000000800d350       0x36 ./USB_DEVICE/Target/usbd_conf.o
                0x000000000800d350                USBD_LL_Start
 .text.USBD_LL_OpenEP
                0x000000000800d386       0x4c ./USB_DEVICE/Target/usbd_conf.o
                0x000000000800d386                USBD_LL_OpenEP
 .text.USBD_LL_CloseEP
                0x000000000800d3d2       0x3e ./USB_DEVICE/Target/usbd_conf.o
                0x000000000800d3d2                USBD_LL_CloseEP
 .text.USBD_LL_StallEP
                0x000000000800d410       0x3e ./USB_DEVICE/Target/usbd_conf.o
                0x000000000800d410                USBD_LL_StallEP
 .text.USBD_LL_ClearStallEP
                0x000000000800d44e       0x3e ./USB_DEVICE/Target/usbd_conf.o
                0x000000000800d44e                USBD_LL_ClearStallEP
 .text.USBD_LL_IsStallEP
                0x000000000800d48c       0x58 ./USB_DEVICE/Target/usbd_conf.o
                0x000000000800d48c                USBD_LL_IsStallEP
 .text.USBD_LL_SetUSBAddress
                0x000000000800d4e4       0x3e ./USB_DEVICE/Target/usbd_conf.o
                0x000000000800d4e4                USBD_LL_SetUSBAddress
 .text.USBD_LL_Transmit
                0x000000000800d522       0x42 ./USB_DEVICE/Target/usbd_conf.o
                0x000000000800d522                USBD_LL_Transmit
 .text.USBD_LL_PrepareReceive
                0x000000000800d564       0x42 ./USB_DEVICE/Target/usbd_conf.o
                0x000000000800d564                USBD_LL_PrepareReceive
 .text.USBD_LL_GetRxDataSize
                0x000000000800d5a6       0x26 ./USB_DEVICE/Target/usbd_conf.o
                0x000000000800d5a6                USBD_LL_GetRxDataSize
 .text.USBD_static_malloc
                0x000000000800d5cc       0x1c ./USB_DEVICE/Target/usbd_conf.o
                0x000000000800d5cc                USBD_static_malloc
 .text.USBD_static_free
                0x000000000800d5e8       0x14 ./USB_DEVICE/Target/usbd_conf.o
                0x000000000800d5e8                USBD_static_free
 .text.USBD_Get_USB_Status
                0x000000000800d5fc       0x58 ./USB_DEVICE/Target/usbd_conf.o
                0x000000000800d5fc                USBD_Get_USB_Status
 .text.__errno  0x000000000800d654        0xc /home/odemki/Programs/programs/STM32IDE/1/en.en-st-stm32cubeide_1-5-0_8698_20201117_1050_amd64_sh/makeself_dir_5QpOGP/y/plugins/com.st.stm32cube.ide.mcu.externaltools.gnu-tools-for-stm32.9-2020-q2-update.linux64_2.0.0.202105311346/tools/bin/../lib/gcc/arm-none-eabi/9.3.1/../../../../arm-none-eabi/lib/thumb/v7e-m+fp/hard/libc_nano.a(lib_a-errno.o)
                0x000000000800d654                __errno
 .text.__libc_init_array
                0x000000000800d660       0x48 /home/odemki/Programs/programs/STM32IDE/1/en.en-st-stm32cubeide_1-5-0_8698_20201117_1050_amd64_sh/makeself_dir_5QpOGP/y/plugins/com.st.stm32cube.ide.mcu.externaltools.gnu-tools-for-stm32.9-2020-q2-update.linux64_2.0.0.202105311346/tools/bin/../lib/gcc/arm-none-eabi/9.3.1/../../../../arm-none-eabi/lib/thumb/v7e-m+fp/hard/libc_nano.a(lib_a-init.o)
                0x000000000800d660                __libc_init_array
 .text.__itoa   0x000000000800d6a8       0x30 /home/odemki/Programs/programs/STM32IDE/1/en.en-st-stm32cubeide_1-5-0_8698_20201117_1050_amd64_sh/makeself_dir_5QpOGP/y/plugins/com.st.stm32cube.ide.mcu.externaltools.gnu-tools-for-stm32.9-2020-q2-update.linux64_2.0.0.202105311346/tools/bin/../lib/gcc/arm-none-eabi/9.3.1/../../../../arm-none-eabi/lib/thumb/v7e-m+fp/hard/libc_nano.a(lib_a-itoa.o)
                0x000000000800d6a8                __itoa
 .text.itoa     0x000000000800d6d8        0x4 /home/odemki/Programs/programs/STM32IDE/1/en.en-st-stm32cubeide_1-5-0_8698_20201117_1050_amd64_sh/makeself_dir_5QpOGP/y/plugins/com.st.stm32cube.ide.mcu.externaltools.gnu-tools-for-stm32.9-2020-q2-update.linux64_2.0.0.202105311346/tools/bin/../lib/gcc/arm-none-eabi/9.3.1/../../../../arm-none-eabi/lib/thumb/v7e-m+fp/hard/libc_nano.a(lib_a-itoa.o)
                0x000000000800d6d8                itoa
 .text.__retarget_lock_acquire_recursive
                0x000000000800d6dc        0x2 /home/odemki/Programs/programs/STM32IDE/1/en.en-st-stm32cubeide_1-5-0_8698_20201117_1050_amd64_sh/makeself_dir_5QpOGP/y/plugins/com.st.stm32cube.ide.mcu.externaltools.gnu-tools-for-stm32.9-2020-q2-update.linux64_2.0.0.202105311346/tools/bin/../lib/gcc/arm-none-eabi/9.3.1/../../../../arm-none-eabi/lib/thumb/v7e-m+fp/hard/libc_nano.a(lib_a-lock.o)
                0x000000000800d6dc                __retarget_lock_acquire_recursive
 .text.__retarget_lock_release_recursive
                0x000000000800d6de        0x2 /home/odemki/Programs/programs/STM32IDE/1/en.en-st-stm32cubeide_1-5-0_8698_20201117_1050_amd64_sh/makeself_dir_5QpOGP/y/plugins/com.st.stm32cube.ide.mcu.externaltools.gnu-tools-for-stm32.9-2020-q2-update.linux64_2.0.0.202105311346/tools/bin/../lib/gcc/arm-none-eabi/9.3.1/../../../../arm-none-eabi/lib/thumb/v7e-m+fp/hard/libc_nano.a(lib_a-lock.o)
                0x000000000800d6de                __retarget_lock_release_recursive
 .text.memcpy   0x000000000800d6e0       0x1c /home/odemki/Programs/programs/STM32IDE/1/en.en-st-stm32cubeide_1-5-0_8698_20201117_1050_amd64_sh/makeself_dir_5QpOGP/y/plugins/com.st.stm32cube.ide.mcu.externaltools.gnu-tools-for-stm32.9-2020-q2-update.linux64_2.0.0.202105311346/tools/bin/../lib/gcc/arm-none-eabi/9.3.1/../../../../arm-none-eabi/lib/thumb/v7e-m+fp/hard/libc_nano.a(lib_a-memcpy-stub.o)
                0x000000000800d6e0                memcpy
 .text.memset   0x000000000800d6fc       0x10 /home/odemki/Programs/programs/STM32IDE/1/en.en-st-stm32cubeide_1-5-0_8698_20201117_1050_amd64_sh/makeself_dir_5QpOGP/y/plugins/com.st.stm32cube.ide.mcu.externaltools.gnu-tools-for-stm32.9-2020-q2-update.linux64_2.0.0.202105311346/tools/bin/../lib/gcc/arm-none-eabi/9.3.1/../../../../arm-none-eabi/lib/thumb/v7e-m+fp/hard/libc_nano.a(lib_a-memset.o)
                0x000000000800d6fc                memset
 .text._malloc_r
                0x000000000800d70c       0xb4 /home/odemki/Programs/programs/STM32IDE/1/en.en-st-stm32cubeide_1-5-0_8698_20201117_1050_amd64_sh/makeself_dir_5QpOGP/y/plugins/com.st.stm32cube.ide.mcu.externaltools.gnu-tools-for-stm32.9-2020-q2-update.linux64_2.0.0.202105311346/tools/bin/../lib/gcc/arm-none-eabi/9.3.1/../../../../arm-none-eabi/lib/thumb/v7e-m+fp/hard/libc_nano.a(lib_a-nano-mallocr.o)
                0x000000000800d70c                _malloc_r
 .text.cleanup_glue
                0x000000000800d7c0       0x1a /home/odemki/Programs/programs/STM32IDE/1/en.en-st-stm32cubeide_1-5-0_8698_20201117_1050_amd64_sh/makeself_dir_5QpOGP/y/plugins/com.st.stm32cube.ide.mcu.externaltools.gnu-tools-for-stm32.9-2020-q2-update.linux64_2.0.0.202105311346/tools/bin/../lib/gcc/arm-none-eabi/9.3.1/../../../../arm-none-eabi/lib/thumb/v7e-m+fp/hard/libc_nano.a(lib_a-reent.o)
                0x000000000800d7c0                cleanup_glue
 *fill*         0x000000000800d7da        0x2 
 .text._reclaim_reent
                0x000000000800d7dc       0xb8 /home/odemki/Programs/programs/STM32IDE/1/en.en-st-stm32cubeide_1-5-0_8698_20201117_1050_amd64_sh/makeself_dir_5QpOGP/y/plugins/com.st.stm32cube.ide.mcu.externaltools.gnu-tools-for-stm32.9-2020-q2-update.linux64_2.0.0.202105311346/tools/bin/../lib/gcc/arm-none-eabi/9.3.1/../../../../arm-none-eabi/lib/thumb/v7e-m+fp/hard/libc_nano.a(lib_a-reent.o)
                0x000000000800d7dc                _reclaim_reent
 .text._sbrk_r  0x000000000800d894       0x20 /home/odemki/Programs/programs/STM32IDE/1/en.en-st-stm32cubeide_1-5-0_8698_20201117_1050_amd64_sh/makeself_dir_5QpOGP/y/plugins/com.st.stm32cube.ide.mcu.externaltools.gnu-tools-for-stm32.9-2020-q2-update.linux64_2.0.0.202105311346/tools/bin/../lib/gcc/arm-none-eabi/9.3.1/../../../../arm-none-eabi/lib/thumb/v7e-m+fp/hard/libc_nano.a(lib_a-sbrkr.o)
                0x000000000800d894                _sbrk_r
 .text.sprintf  0x000000000800d8b4       0x40 /home/odemki/Programs/programs/STM32IDE/1/en.en-st-stm32cubeide_1-5-0_8698_20201117_1050_amd64_sh/makeself_dir_5QpOGP/y/plugins/com.st.stm32cube.ide.mcu.externaltools.gnu-tools-for-stm32.9-2020-q2-update.linux64_2.0.0.202105311346/tools/bin/../lib/gcc/arm-none-eabi/9.3.1/../../../../arm-none-eabi/lib/thumb/v7e-m+fp/hard/libc_nano.a(lib_a-sprintf.o)
                0x000000000800d8b4                sprintf
                0x000000000800d8b4                siprintf
 .text.strcat   0x000000000800d8f4       0x1e /home/odemki/Programs/programs/STM32IDE/1/en.en-st-stm32cubeide_1-5-0_8698_20201117_1050_amd64_sh/makeself_dir_5QpOGP/y/plugins/com.st.stm32cube.ide.mcu.externaltools.gnu-tools-for-stm32.9-2020-q2-update.linux64_2.0.0.202105311346/tools/bin/../lib/gcc/arm-none-eabi/9.3.1/../../../../arm-none-eabi/lib/thumb/v7e-m+fp/hard/libc_nano.a(lib_a-strcat.o)
                0x000000000800d8f4                strcat
 .text.strcpy   0x000000000800d912       0x10 /home/odemki/Programs/programs/STM32IDE/1/en.en-st-stm32cubeide_1-5-0_8698_20201117_1050_amd64_sh/makeself_dir_5QpOGP/y/plugins/com.st.stm32cube.ide.mcu.externaltools.gnu-tools-for-stm32.9-2020-q2-update.linux64_2.0.0.202105311346/tools/bin/../lib/gcc/arm-none-eabi/9.3.1/../../../../arm-none-eabi/lib/thumb/v7e-m+fp/hard/libc_nano.a(lib_a-strcpy.o)
                0x000000000800d912                strcpy
 *fill*         0x000000000800d922        0x2 
 .text.__utoa   0x000000000800d924       0x84 /home/odemki/Programs/programs/STM32IDE/1/en.en-st-stm32cubeide_1-5-0_8698_20201117_1050_amd64_sh/makeself_dir_5QpOGP/y/plugins/com.st.stm32cube.ide.mcu.externaltools.gnu-tools-for-stm32.9-2020-q2-update.linux64_2.0.0.202105311346/tools/bin/../lib/gcc/arm-none-eabi/9.3.1/../../../../arm-none-eabi/lib/thumb/v7e-m+fp/hard/libc_nano.a(lib_a-utoa.o)
                0x000000000800d924                __utoa
 .text.__malloc_lock
                0x000000000800d9a8        0xc /home/odemki/Programs/programs/STM32IDE/1/en.en-st-stm32cubeide_1-5-0_8698_20201117_1050_amd64_sh/makeself_dir_5QpOGP/y/plugins/com.st.stm32cube.ide.mcu.externaltools.gnu-tools-for-stm32.9-2020-q2-update.linux64_2.0.0.202105311346/tools/bin/../lib/gcc/arm-none-eabi/9.3.1/../../../../arm-none-eabi/lib/thumb/v7e-m+fp/hard/libc_nano.a(lib_a-mlock.o)
                0x000000000800d9a8                __malloc_lock
 .text.__malloc_unlock
                0x000000000800d9b4        0xc /home/odemki/Programs/programs/STM32IDE/1/en.en-st-stm32cubeide_1-5-0_8698_20201117_1050_amd64_sh/makeself_dir_5QpOGP/y/plugins/com.st.stm32cube.ide.mcu.externaltools.gnu-tools-for-stm32.9-2020-q2-update.linux64_2.0.0.202105311346/tools/bin/../lib/gcc/arm-none-eabi/9.3.1/../../../../arm-none-eabi/lib/thumb/v7e-m+fp/hard/libc_nano.a(lib_a-mlock.o)
                0x000000000800d9b4                __malloc_unlock
 .text._free_r  0x000000000800d9c0       0xa0 /home/odemki/Programs/programs/STM32IDE/1/en.en-st-stm32cubeide_1-5-0_8698_20201117_1050_amd64_sh/makeself_dir_5QpOGP/y/plugins/com.st.stm32cube.ide.mcu.externaltools.gnu-tools-for-stm32.9-2020-q2-update.linux64_2.0.0.202105311346/tools/bin/../lib/gcc/arm-none-eabi/9.3.1/../../../../arm-none-eabi/lib/thumb/v7e-m+fp/hard/libc_nano.a(lib_a-nano-freer.o)
                0x000000000800d9c0                _free_r
 .text.__ssputs_r
                0x000000000800da60       0xb6 /home/odemki/Programs/programs/STM32IDE/1/en.en-st-stm32cubeide_1-5-0_8698_20201117_1050_amd64_sh/makeself_dir_5QpOGP/y/plugins/com.st.stm32cube.ide.mcu.externaltools.gnu-tools-for-stm32.9-2020-q2-update.linux64_2.0.0.202105311346/tools/bin/../lib/gcc/arm-none-eabi/9.3.1/../../../../arm-none-eabi/lib/thumb/v7e-m+fp/hard/libc_nano.a(lib_a-nano-svfprintf.o)
                0x000000000800da60                __ssputs_r
 *fill*         0x000000000800db16        0x2 
 .text._svfprintf_r
                0x000000000800db18      0x200 /home/odemki/Programs/programs/STM32IDE/1/en.en-st-stm32cubeide_1-5-0_8698_20201117_1050_amd64_sh/makeself_dir_5QpOGP/y/plugins/com.st.stm32cube.ide.mcu.externaltools.gnu-tools-for-stm32.9-2020-q2-update.linux64_2.0.0.202105311346/tools/bin/../lib/gcc/arm-none-eabi/9.3.1/../../../../arm-none-eabi/lib/thumb/v7e-m+fp/hard/libc_nano.a(lib_a-nano-svfprintf.o)
                0x000000000800db18                _svfprintf_r
                0x000000000800db18                _svfiprintf_r
 .text._printf_common
                0x000000000800dd18       0xda /home/odemki/Programs/programs/STM32IDE/1/en.en-st-stm32cubeide_1-5-0_8698_20201117_1050_amd64_sh/makeself_dir_5QpOGP/y/plugins/com.st.stm32cube.ide.mcu.externaltools.gnu-tools-for-stm32.9-2020-q2-update.linux64_2.0.0.202105311346/tools/bin/../lib/gcc/arm-none-eabi/9.3.1/../../../../arm-none-eabi/lib/thumb/v7e-m+fp/hard/libc_nano.a(lib_a-nano-vfprintf_i.o)
                0x000000000800dd18                _printf_common
 *fill*         0x000000000800ddf2        0x2 
 .text._printf_i
                0x000000000800ddf4      0x24c /home/odemki/Programs/programs/STM32IDE/1/en.en-st-stm32cubeide_1-5-0_8698_20201117_1050_amd64_sh/makeself_dir_5QpOGP/y/plugins/com.st.stm32cube.ide.mcu.externaltools.gnu-tools-for-stm32.9-2020-q2-update.linux64_2.0.0.202105311346/tools/bin/../lib/gcc/arm-none-eabi/9.3.1/../../../../arm-none-eabi/lib/thumb/v7e-m+fp/hard/libc_nano.a(lib_a-nano-vfprintf_i.o)
                0x000000000800ddf4                _printf_i
 .text.memmove  0x000000000800e040       0x34 /home/odemki/Programs/programs/STM32IDE/1/en.en-st-stm32cubeide_1-5-0_8698_20201117_1050_amd64_sh/makeself_dir_5QpOGP/y/plugins/com.st.stm32cube.ide.mcu.externaltools.gnu-tools-for-stm32.9-2020-q2-update.linux64_2.0.0.202105311346/tools/bin/../lib/gcc/arm-none-eabi/9.3.1/../../../../arm-none-eabi/lib/thumb/v7e-m+fp/hard/libc_nano.a(lib_a-memmove.o)
                0x000000000800e040                memmove
 .text._realloc_r
                0x000000000800e074       0x4c /home/odemki/Programs/programs/STM32IDE/1/en.en-st-stm32cubeide_1-5-0_8698_20201117_1050_amd64_sh/makeself_dir_5QpOGP/y/plugins/com.st.stm32cube.ide.mcu.externaltools.gnu-tools-for-stm32.9-2020-q2-update.linux64_2.0.0.202105311346/tools/bin/../lib/gcc/arm-none-eabi/9.3.1/../../../../arm-none-eabi/lib/thumb/v7e-m+fp/hard/libc_nano.a(lib_a-nano-reallocr.o)
                0x000000000800e074                _realloc_r
 .text._malloc_usable_size_r
                0x000000000800e0c0       0x10 /home/odemki/Programs/programs/STM32IDE/1/en.en-st-stm32cubeide_1-5-0_8698_20201117_1050_amd64_sh/makeself_dir_5QpOGP/y/plugins/com.st.stm32cube.ide.mcu.externaltools.gnu-tools-for-stm32.9-2020-q2-update.linux64_2.0.0.202105311346/tools/bin/../lib/gcc/arm-none-eabi/9.3.1/../../../../arm-none-eabi/lib/thumb/v7e-m+fp/hard/libc_nano.a(lib_a-nano-msizer.o)
                0x000000000800e0c0                _malloc_usable_size_r
 *(.glue_7)
 .glue_7        0x000000000800e0d0        0x0 linker stubs
 *(.glue_7t)
 .glue_7t       0x000000000800e0d0        0x0 linker stubs
 *(.eh_frame)
 .eh_frame      0x000000000800e0d0        0x0 /home/odemki/Programs/programs/STM32IDE/1/en.en-st-stm32cubeide_1-5-0_8698_20201117_1050_amd64_sh/makeself_dir_5QpOGP/y/plugins/com.st.stm32cube.ide.mcu.externaltools.gnu-tools-for-stm32.9-2020-q2-update.linux64_2.0.0.202105311346/tools/bin/../lib/gcc/arm-none-eabi/9.3.1/thumb/v7e-m+fp/hard/crtbegin.o
 *(.init)
 .init          0x000000000800e0d0        0x4 /home/odemki/Programs/programs/STM32IDE/1/en.en-st-stm32cubeide_1-5-0_8698_20201117_1050_amd64_sh/makeself_dir_5QpOGP/y/plugins/com.st.stm32cube.ide.mcu.externaltools.gnu-tools-for-stm32.9-2020-q2-update.linux64_2.0.0.202105311346/tools/bin/../lib/gcc/arm-none-eabi/9.3.1/thumb/v7e-m+fp/hard/crti.o
                0x000000000800e0d0                _init
 .init          0x000000000800e0d4        0x8 /home/odemki/Programs/programs/STM32IDE/1/en.en-st-stm32cubeide_1-5-0_8698_20201117_1050_amd64_sh/makeself_dir_5QpOGP/y/plugins/com.st.stm32cube.ide.mcu.externaltools.gnu-tools-for-stm32.9-2020-q2-update.linux64_2.0.0.202105311346/tools/bin/../lib/gcc/arm-none-eabi/9.3.1/thumb/v7e-m+fp/hard/crtn.o
 *(.fini)
 .fini          0x000000000800e0dc        0x4 /home/odemki/Programs/programs/STM32IDE/1/en.en-st-stm32cubeide_1-5-0_8698_20201117_1050_amd64_sh/makeself_dir_5QpOGP/y/plugins/com.st.stm32cube.ide.mcu.externaltools.gnu-tools-for-stm32.9-2020-q2-update.linux64_2.0.0.202105311346/tools/bin/../lib/gcc/arm-none-eabi/9.3.1/thumb/v7e-m+fp/hard/crti.o
                0x000000000800e0dc                _fini