Archive member included to satisfy reference by file (symbol)

/home/odemki/Programs/programs/STM32IDE/1/en.en-st-stm32cubeide_1-5-0_8698_20201117_1050_amd64_sh/makeself_dir_5QpOGP/y/plugins/com.st.stm32cube.ide.mcu.externaltools.gnu-tools-for-stm32.7-2018-q2-update.linux64_1.5.0.202011040924/tools/bin/../lib/gcc/arm-none-eabi/7.3.1/../../../../arm-none-eabi/lib/thumb/v7e-m/fpv4-sp/hard/libc_nano.a(lib_a-errno.o)
                              Core/Src/syscalls.o (__errno)
/home/odemki/Programs/programs/STM32IDE/1/en.en-st-stm32cubeide_1-5-0_8698_20201117_1050_amd64_sh/makeself_dir_5QpOGP/y/plugins/com.st.stm32cube.ide.mcu.externaltools.gnu-tools-for-stm32.7-2018-q2-update.linux64_1.5.0.202011040924/tools/bin/../lib/gcc/arm-none-eabi/7.3.1/../../../../arm-none-eabi/lib/thumb/v7e-m/fpv4-sp/hard/libc_nano.a(lib_a-exit.o)
                              /home/odemki/Programs/programs/STM32IDE/1/en.en-st-stm32cubeide_1-5-0_8698_20201117_1050_amd64_sh/makeself_dir_5QpOGP/y/plugins/com.st.stm32cube.ide.mcu.externaltools.gnu-tools-for-stm32.7-2018-q2-update.linux64_1.5.0.202011040924/tools/bin/../lib/gcc/arm-none-eabi/7.3.1/../../../../arm-none-eabi/lib/thumb/v7e-m/fpv4-sp/hard/crt0.o (exit)
/home/odemki/Programs/programs/STM32IDE/1/en.en-st-stm32cubeide_1-5-0_8698_20201117_1050_amd64_sh/makeself_dir_5QpOGP/y/plugins/com.st.stm32cube.ide.mcu.externaltools.gnu-tools-for-stm32.7-2018-q2-update.linux64_1.5.0.202011040924/tools/bin/../lib/gcc/arm-none-eabi/7.3.1/../../../../arm-none-eabi/lib/thumb/v7e-m/fpv4-sp/hard/libc_nano.a(lib_a-impure.o)
                              /home/odemki/Programs/programs/STM32IDE/1/en.en-st-stm32cubeide_1-5-0_8698_20201117_1050_amd64_sh/makeself_dir_5QpOGP/y/plugins/com.st.stm32cube.ide.mcu.externaltools.gnu-tools-for-stm32.7-2018-q2-update.linux64_1.5.0.202011040924/tools/bin/../lib/gcc/arm-none-eabi/7.3.1/../../../../arm-none-eabi/lib/thumb/v7e-m/fpv4-sp/hard/libc_nano.a(lib_a-exit.o) (_global_impure_ptr)
/home/odemki/Programs/programs/STM32IDE/1/en.en-st-stm32cubeide_1-5-0_8698_20201117_1050_amd64_sh/makeself_dir_5QpOGP/y/plugins/com.st.stm32cube.ide.mcu.externaltools.gnu-tools-for-stm32.7-2018-q2-update.linux64_1.5.0.202011040924/tools/bin/../lib/gcc/arm-none-eabi/7.3.1/../../../../arm-none-eabi/lib/thumb/v7e-m/fpv4-sp/hard/libc_nano.a(lib_a-init.o)
                              /home/odemki/Programs/programs/STM32IDE/1/en.en-st-stm32cubeide_1-5-0_8698_20201117_1050_amd64_sh/makeself_dir_5QpOGP/y/plugins/com.st.stm32cube.ide.mcu.externaltools.gnu-tools-for-stm32.7-2018-q2-update.linux64_1.5.0.202011040924/tools/bin/../lib/gcc/arm-none-eabi/7.3.1/../../../../arm-none-eabi/lib/thumb/v7e-m/fpv4-sp/hard/crt0.o (__libc_init_array)
/home/odemki/Programs/programs/STM32IDE/1/en.en-st-stm32cubeide_1-5-0_8698_20201117_1050_amd64_sh/makeself_dir_5QpOGP/y/plugins/com.st.stm32cube.ide.mcu.externaltools.gnu-tools-for-stm32.7-2018-q2-update.linux64_1.5.0.202011040924/tools/bin/../lib/gcc/arm-none-eabi/7.3.1/../../../../arm-none-eabi/lib/thumb/v7e-m/fpv4-sp/hard/libc_nano.a(lib_a-malloc.o)
                              Middlewares/ST/STM32_USB_Host_Library/Class/CDC/Src/usbh_cdc.o (malloc)
/home/odemki/Programs/programs/STM32IDE/1/en.en-st-stm32cubeide_1-5-0_8698_20201117_1050_amd64_sh/makeself_dir_5QpOGP/y/plugins/com.st.stm32cube.ide.mcu.externaltools.gnu-tools-for-stm32.7-2018-q2-update.linux64_1.5.0.202011040924/tools/bin/../lib/gcc/arm-none-eabi/7.3.1/../../../../arm-none-eabi/lib/thumb/v7e-m/fpv4-sp/hard/libc_nano.a(lib_a-memcpy-stub.o)
                              Middlewares/Third_Party/FreeRTOS/Source/CMSIS_RTOS_V2/cmsis_os2.o (memcpy)
/home/odemki/Programs/programs/STM32IDE/1/en.en-st-stm32cubeide_1-5-0_8698_20201117_1050_amd64_sh/makeself_dir_5QpOGP/y/plugins/com.st.stm32cube.ide.mcu.externaltools.gnu-tools-for-stm32.7-2018-q2-update.linux64_1.5.0.202011040924/tools/bin/../lib/gcc/arm-none-eabi/7.3.1/../../../../arm-none-eabi/lib/thumb/v7e-m/fpv4-sp/hard/libc_nano.a(lib_a-memset.o)
                              /home/odemki/Programs/programs/STM32IDE/1/en.en-st-stm32cubeide_1-5-0_8698_20201117_1050_amd64_sh/makeself_dir_5QpOGP/y/plugins/com.st.stm32cube.ide.mcu.externaltools.gnu-tools-for-stm32.7-2018-q2-update.linux64_1.5.0.202011040924/tools/bin/../lib/gcc/arm-none-eabi/7.3.1/../../../../arm-none-eabi/lib/thumb/v7e-m/fpv4-sp/hard/crt0.o (memset)
/home/odemki/Programs/programs/STM32IDE/1/en.en-st-stm32cubeide_1-5-0_8698_20201117_1050_amd64_sh/makeself_dir_5QpOGP/y/plugins/com.st.stm32cube.ide.mcu.externaltools.gnu-tools-for-stm32.7-2018-q2-update.linux64_1.5.0.202011040924/tools/bin/../lib/gcc/arm-none-eabi/7.3.1/../../../../arm-none-eabi/lib/thumb/v7e-m/fpv4-sp/hard/libc_nano.a(lib_a-nano-freer.o)
[...]
Memory Configuration

Name             Origin             Length             Attributes
CCMRAM           0x0000000010000000 0x0000000000010000 xrw
RAM              0x0000000020000000 0x0000000000020000 xrw
FLASH            0x0000000008000000 0x0000000000100000 xr
*default*        0x0000000000000000 0xffffffffffffffff

Linker script and memory map

LOAD /home/odemki/Programs/programs/STM32IDE/1/en.en-st-stm32cubeide_1-5-0_8698_20201117_1050_amd64_sh/makeself_dir_5QpOGP/y/plugins/com.st.stm32cube.ide.mcu.externaltools.gnu-tools-for-stm32.7-2018-q2-update.linux64_1.5.0.202011040924/tools/bin/../lib/gcc/arm-none-eabi/7.3.1/thumb/v7e-m/fpv4-sp/hard/crti.o
LOAD /home/odemki/Programs/programs/STM32IDE/1/en.en-st-stm32cubeide_1-5-0_8698_20201117_1050_amd64_sh/makeself_dir_5QpOGP/y/plugins/com.st.stm32cube.ide.mcu.externaltools.gnu-tools-for-stm32.7-2018-q2-update.linux64_1.5.0.202011040924/tools/bin/../lib/gcc/arm-none-eabi/7.3.1/thumb/v7e-m/fpv4-sp/hard/crtbegin.o
LOAD /home/odemki/Programs/programs/STM32IDE/1/en.en-st-stm32cubeide_1-5-0_8698_20201117_1050_amd64_sh/makeself_dir_5QpOGP/y/plugins/com.st.stm32cube.ide.mcu.externaltools.gnu-tools-for-stm32.7-2018-q2-update.linux64_1.5.0.202011040924/tools/bin/../lib/gcc/arm-none-eabi/7.3.1/../../../../arm-none-eabi/lib/thumb/v7e-m/fpv4-sp/hard/crt0.o
LOAD Core/Src/freertos.o
LOAD Core/Src/main.o
LOAD Core/Src/stm32f4xx_hal_msp.o
LOAD Core/Src/stm32f4xx_hal_timebase_tim.o
LOAD Core/Src/stm32f4xx_it.o
LOAD Core/Src/syscalls.o
LOAD Core/Src/sysmem.o
LOAD Core/Src/system_stm32f4xx.o
LOAD Core/Startup/startup_stm32f407vgtx.o
LOAD Drivers/STM32F4xx_HAL_Driver/Src/stm32f4xx_hal.o
LOAD Drivers/STM32F4xx_HAL_Driver/Src/stm32f4xx_hal_cortex.o
LOAD Drivers/STM32F4xx_HAL_Driver/Src/stm32f4xx_hal_dma.o
LOAD Drivers/STM32F4xx_HAL_Driver/Src/stm32f4xx_hal_dma_ex.o
LOAD Drivers/STM32F4xx_HAL_Driver/Src/stm32f4xx_hal_exti.o
LOAD Drivers/STM32F4xx_HAL_Driver/Src/stm32f4xx_hal_flash.o
LOAD Drivers/STM32F4xx_HAL_Driver/Src/stm32f4xx_hal_flash_ex.o
LOAD Drivers/STM32F4xx_HAL_Driver/Src/stm32f4xx_hal_flash_ramfunc.o
LOAD Drivers/STM32F4xx_HAL_Driver/Src/stm32f4xx_hal_gpio.o
LOAD Drivers/STM32F4xx_HAL_Driver/Src/stm32f4xx_hal_hcd.o
LOAD Drivers/STM32F4xx_HAL_Driver/Src/stm32f4xx_hal_i2c.o
LOAD Drivers/STM32F4xx_HAL_Driver/Src/stm32f4xx_hal_i2c_ex.o
LOAD Drivers/STM32F4xx_HAL_Driver/Src/stm32f4xx_hal_i2s.o
LOAD Drivers/STM32F4xx_HAL_Driver/Src/stm32f4xx_hal_i2s_ex.o
LOAD Drivers/STM32F4xx_HAL_Driver/Src/stm32f4xx_hal_pwr.o
LOAD Drivers/STM32F4xx_HAL_Driver/Src/stm32f4xx_hal_pwr_ex.o
LOAD Drivers/STM32F4xx_HAL_Driver/Src/stm32f4xx_hal_rcc.o
LOAD Drivers/STM32F4xx_HAL_Driver/Src/stm32f4xx_hal_rcc_ex.o
LOAD Drivers/STM32F4xx_HAL_Driver/Src/stm32f4xx_hal_spi.o
LOAD Drivers/STM32F4xx_HAL_Driver/Src/stm32f4xx_hal_tim.o
LOAD Drivers/STM32F4xx_HAL_Driver/Src/stm32f4xx_hal_tim_ex.o
LOAD Drivers/STM32F4xx_HAL_Driver/Src/stm32f4xx_ll_usb.o
LOAD Middlewares/ST/STM32_USB_Host_Library/Class/CDC/Src/usbh_cdc.o
LOAD Middlewares/ST/STM32_USB_Host_Library/Core/Src/usbh_core.o
LOAD Middlewares/ST/STM32_USB_Host_Library/Core/Src/usbh_ctlreq.o
LOAD Middlewares/ST/STM32_USB_Host_Library/Core/Src/usbh_ioreq.o
LOAD Middlewares/ST/STM32_USB_Host_Library/Core/Src/usbh_pipes.o
LOAD Middlewares/Third_Party/FreeRTOS/Source/CMSIS_RTOS_V2/cmsis_os2.o
LOAD Middlewares/Third_Party/FreeRTOS/Source/croutine.o
LOAD Middlewares/Third_Party/FreeRTOS/Source/event_groups.o
LOAD Middlewares/Third_Party/FreeRTOS/Source/list.o
LOAD Middlewares/Third_Party/FreeRTOS/Source/queue.o
LOAD Middlewares/Third_Party/FreeRTOS/Source/stream_buffer.o
LOAD Middlewares/Third_Party/FreeRTOS/Source/tasks.o
LOAD Middlewares/Third_Party/FreeRTOS/Source/timers.o
LOAD Middlewares/Third_Party/FreeRTOS/Source/portable/GCC/ARM_CM4F/port.o
LOAD Middlewares/Third_Party/FreeRTOS/Source/portable/MemMang/heap_4.o
LOAD USB_HOST/App/usb_host.o
LOAD USB_HOST/Target/usbh_conf.o
LOAD USB_HOST/Target/usbh_platform.o
START GROUP
LOAD /home/odemki/Programs/programs/STM32IDE/1/en.en-st-stm32cubeide_1-5-0_8698_20201117_1050_amd64_sh/makeself_dir_5QpOGP/y/plugins/com.st.stm32cube.ide.mcu.externaltools.gnu-tools-for-stm32.7-2018-q2-update.linux64_1.5.0.202011040924/tools/bin/../lib/gcc/arm-none-eabi/7.3.1/../../../../arm-none-eabi/lib/thumb/v7e-m/fpv4-sp/hard/libc_nano.a
LOAD /home/odemki/Programs/programs/STM32IDE/1/en.en-st-stm32cubeide_1-5-0_8698_20201117_1050_amd64_sh/makeself_dir_5QpOGP/y/plugins/com.st.stm32cube.ide.mcu.externaltools.gnu-tools-for-stm32.7-2018-q2-update.linux64_1.5.0.202011040924/tools/bin/../lib/gcc/arm-none-eabi/7.3.1/../../../../arm-none-eabi/lib/thumb/v7e-m/fpv4-sp/hard/libm.a
END GROUP
START GROUP
LOAD /home/odemki/Programs/programs/STM32IDE/1/en.en-st-stm32cubeide_1-5-0_8698_20201117_1050_amd64_sh/makeself_dir_5QpOGP/y/plugins/com.st.stm32cube.ide.mcu.externaltools.gnu-tools-for-stm32.7-2018-q2-update.linux64_1.5.0.202011040924/tools/bin/../lib/gcc/arm-none-eabi/7.3.1/thumb/v7e-m/fpv4-sp/hard/libgcc.a
LOAD /home/odemki/Programs/programs/STM32IDE/1/en.en-st-stm32cubeide_1-5-0_8698_20201117_1050_amd64_sh/makeself_dir_5QpOGP/y/plugins/com.st.stm32cube.ide.mcu.externaltools.gnu-tools-for-stm32.7-2018-q2-update.linux64_1.5.0.202011040924/tools/bin/../lib/gcc/arm-none-eabi/7.3.1/../../../../arm-none-eabi/lib/thumb/v7e-m/fpv4-sp/hard/libc_nano.a
END GROUP
START GROUP
LOAD /home/odemki/Programs/programs/STM32IDE/1/en.en-st-stm32cubeide_1-5-0_8698_20201117_1050_amd64_sh/makeself_dir_5QpOGP/y/plugins/com.st.stm32cube.ide.mcu.externaltools.gnu-tools-for-stm32.7-2018-q2-update.linux64_1.5.0.202011040924/tools/bin/../lib/gcc/arm-none-eabi/7.3.1/thumb/v7e-m/fpv4-sp/hard/libgcc.a
LOAD /home/odemki/Programs/programs/STM32IDE/1/en.en-st-stm32cubeide_1-5-0_8698_20201117_1050_amd64_sh/makeself_dir_5QpOGP/y/plugins/com.st.stm32cube.ide.mcu.externaltools.gnu-tools-for-stm32.7-2018-q2-update.linux64_1.5.0.202011040924/tools/bin/../lib/gcc/arm-none-eabi/7.3.1/../../../../arm-none-eabi/lib/thumb/v7e-m/fpv4-sp/hard/libc_nano.a
LOAD /home/odemki/Programs/programs/STM32IDE/1/en.en-st-stm32cubeide_1-5-0_8698_20201117_1050_amd64_sh/makeself_dir_5QpOGP/y/plugins/com.st.stm32cube.ide.mcu.externaltools.gnu-tools-for-stm32.7-2018-q2-update.linux64_1.5.0.202011040924/tools/bin/../lib/gcc/arm-none-eabi/7.3.1/../../../../arm-none-eabi/lib/thumb/v7e-m/fpv4-sp/hard/libnosys.a
END GROUP
START GROUP
LOAD /home/odemki/Programs/programs/STM32IDE/1/en.en-st-stm32cubeide_1-5-0_8698_20201117_1050_amd64_sh/makeself_dir_5QpOGP/y/plugins/com.st.stm32cube.ide.mcu.externaltools.gnu-tools-for-stm32.7-2018-q2-update.linux64_1.5.0.202011040924/tools/bin/../lib/gcc/arm-none-eabi/7.3.1/thumb/v7e-m/fpv4-sp/hard/libgcc.a
LOAD /home/odemki/Programs/programs/STM32IDE/1/en.en-st-stm32cubeide_1-5-0_8698_20201117_1050_amd64_sh/makeself_dir_5QpOGP/y/plugins/com.st.stm32cube.ide.mcu.externaltools.gnu-tools-for-stm32.7-2018-q2-update.linux64_1.5.0.202011040924/tools/bin/../lib/gcc/arm-none-eabi/7.3.1/../../../../arm-none-eabi/lib/thumb/v7e-m/fpv4-sp/hard/libc_nano.a
LOAD /home/odemki/Programs/programs/STM32IDE/1/en.en-st-stm32cubeide_1-5-0_8698_20201117_1050_amd64_sh/makeself_dir_5QpOGP/y/plugins/com.st.stm32cube.ide.mcu.externaltools.gnu-tools-for-stm32.7-2018-q2-update.linux64_1.5.0.202011040924/tools/bin/../lib/gcc/arm-none-eabi/7.3.1/../../../../arm-none-eabi/lib/thumb/v7e-m/fpv4-sp/hard/libnosys.a
END GROUP
LOAD /home/odemki/Programs/programs/STM32IDE/1/en.en-st-stm32cubeide_1-5-0_8698_20201117_1050_amd64_sh/makeself_dir_5QpOGP/y/plugins/com.st.stm32cube.ide.mcu.externaltools.gnu-tools-for-stm32.7-2018-q2-update.linux64_1.5.0.202011040924/tools/bin/../lib/gcc/arm-none-eabi/7.3.1/thumb/v7e-m/fpv4-sp/hard/crtend.o
LOAD /home/odemki/Programs/programs/STM32IDE/1/en.en-st-stm32cubeide_1-5-0_8698_20201117_1050_amd64_sh/makeself_dir_5QpOGP/y/plugins/com.st.stm32cube.ide.mcu.externaltools.gnu-tools-for-stm32.7-2018-q2-update.linux64_1.5.0.202011040924/tools/bin/../lib/gcc/arm-none-eabi/7.3.1/thumb/v7e-m/fpv4-sp/hard/crtn.o
                0x0000000020020000                _estack = (ORIGIN (RAM) + LENGTH (RAM))
                0x0000000000000200                _Min_Heap_Size = 0x200
                0x0000000000000400                _Min_Stack_Size = 0x400

.isr_vector     0x0000000008000000      0x188
                0x0000000008000000                . = ALIGN (0x4)
 *(.isr_vector)
 .isr_vector    0x0000000008000000      0x188 Core/Startup/startup_stm32f407vgtx.o
                0x0000000008000000                g_pfnVectors
                0x0000000008000188                . = ALIGN (0x4)

.text           0x0000000008000190     0xb1e8
                0x0000000008000190                . = ALIGN (0x4)
 *(.text)
 .text          0x0000000008000190       0x40 /home/odemki/Programs/programs/STM32IDE/1/en.en-st-stm32cubeide_1-5-0_8698_20201117_1050_amd64_sh/makeself_dir_5QpOGP/y/plugins/com.st.stm32cube.ide.mcu.externaltools.gnu-tools-for-stm32.7-2018-q2-update.linux64_1.5.0.202011040924/tools/bin/../lib/gcc/arm-none-eabi/7.3.1/thumb/v7e-m/fpv4-sp/hard/crtbegin.o
 .text          0x00000000080001d0       0x30 /home/odemki/Programs/programs/STM32IDE/1/en.en-st-stm32cubeide_1-5-0_8698_20201117_1050_amd64_sh/makeself_dir_5QpOGP/y/plugins/com.st.stm32cube.ide.mcu.externaltools.gnu-tools-for-stm32.7-2018-q2-update.linux64_1.5.0.202011040924/tools/bin/../lib/gcc/arm-none-eabi/7.3.1/thumb/v7e-m/fpv4-sp/hard/libgcc.a(_aeabi_uldivmod.o)
                0x00000000080001d0                __aeabi_uldivmod
 .text          0x0000000008000200      0x2cc /home/odemki/Programs/programs/STM32IDE/1/en.en-st-stm32cubeide_1-5-0_8698_20201117_1050_amd64_sh/makeself_dir_5QpOGP/y/plugins/com.st.stm32cube.ide.mcu.externaltools.gnu-tools-for-stm32.7-2018-q2-update.linux64_1.5.0.202011040924/tools/bin/../lib/gcc/arm-none-eabi/7.3.1/thumb/v7e-m/fpv4-sp/hard/libgcc.a(_udivmoddi4.o)
                0x0000000008000200                __udivmoddi4
 .text          0x00000000080004cc        0x4 /home/odemki/Programs/programs/STM32IDE/1/en.en-st-stm32cubeide_1-5-0_8698_20201117_1050_amd64_sh/makeself_dir_5QpOGP/y/plugins/com.st.stm32cube.ide.mcu.externaltools.gnu-tools-for-stm32.7-2018-q2-update.linux64_1.5.0.202011040924/tools/bin/../lib/gcc/arm-none-eabi/7.3.1/thumb/v7e-m/fpv4-sp/hard/libgcc.a(_dvmd_tls.o)
                0x00000000080004cc                __aeabi_ldiv0
                0x00000000080004cc                __aeabi_idiv0
 *(.text*)
 .text.main     0x00000000080004d0       0x98 Core/Src/main.o
                0x00000000080004d0                main
 .text.SystemClock_Config
                0x0000000008000568      0x104 Core/Src/main.o
                0x0000000008000568                SystemClock_Config
 .text.MX_I2C1_Init
                0x000000000800066c       0x5c Core/Src/main.o
 .text.MX_I2S3_Init
                0x00000000080006c8       0x60 Core/Src/main.o
 .text.MX_SPI1_Init
                0x0000000008000728       0x6c Core/Src/main.o
 .text.MX_GPIO_Init
                0x0000000008000794      0x1fc Core/Src/main.o
 .text.StartDefaultTask
                0x0000000008000990       0x14 Core/Src/main.o
                0x0000000008000990                StartDefaultTask
 .text.Start_LED_2_Task
                0x00000000080009a4       0x20 Core/Src/main.o
                0x00000000080009a4                Start_LED_2_Task
 .text.Start_LED_1_Task
                0x00000000080009c4       0x20 Core/Src/main.o
                0x00000000080009c4                Start_LED_1_Task
 .text.Start_Button_Task
                0x00000000080009e4       0x40 Core/Src/main.o
                0x00000000080009e4                Start_Button_Task
 .text.HAL_TIM_PeriodElapsedCallback
                0x0000000008000a24       0x1e Core/Src/main.o
                0x0000000008000a24                HAL_TIM_PeriodElapsedCallback
 .text.Error_Handler
                0x0000000008000a42        0x8 Core/Src/main.o
                0x0000000008000a42                Error_Handler
 *fill*         0x0000000008000a4a        0x2 
 .text.HAL_MspInit
                0x0000000008000a4c       0x58 Core/Src/stm32f4xx_hal_msp.o
                0x0000000008000a4c                HAL_MspInit
 .text.HAL_I2C_MspInit
                0x0000000008000aa4       0x90 Core/Src/stm32f4xx_hal_msp.o
                0x0000000008000aa4                HAL_I2C_MspInit
 .text.HAL_I2S_MspInit
                0x0000000008000b34       0xd0 Core/Src/stm32f4xx_hal_msp.o
                0x0000000008000b34                HAL_I2S_MspInit
 .text.HAL_SPI_MspInit
                0x0000000008000c04       0x90 Core/Src/stm32f4xx_hal_msp.o
                0x0000000008000c04                HAL_SPI_MspInit
 .text.HAL_InitTick
                0x0000000008000c94       0xb4 Core/Src/stm32f4xx_hal_timebase_tim.o
                0x0000000008000c94                HAL_InitTick
 .text.NMI_Handler
                0x0000000008000d48        0x6 Core/Src/stm32f4xx_it.o
                0x0000000008000d48                NMI_Handler
 .text.HardFault_Handler
                0x0000000008000d4e        0x6 Core/Src/stm32f4xx_it.o
                0x0000000008000d4e                HardFault_Handler
 .text.MemManage_Handler
                0x0000000008000d54        0x6 Core/Src/stm32f4xx_it.o
                0x0000000008000d54                MemManage_Handler
 .text.BusFault_Handler
                0x0000000008000d5a        0x6 Core/Src/stm32f4xx_it.o
                0x0000000008000d5a                BusFault_Handler
 .text.UsageFault_Handler
                0x0000000008000d60        0x6 Core/Src/stm32f4xx_it.o
                0x0000000008000d60                UsageFault_Handler
 .text.DebugMon_Handler
                0x0000000008000d66        0xe Core/Src/stm32f4xx_it.o
                0x0000000008000d66                DebugMon_Handler
 .text.TIM2_IRQHandler
                0x0000000008000d74       0x14 Core/Src/stm32f4xx_it.o
                0x0000000008000d74                TIM2_IRQHandler
 .text.OTG_FS_IRQHandler
                0x0000000008000d88       0x14 Core/Src/stm32f4xx_it.o
                0x0000000008000d88                OTG_FS_IRQHandler
 .text._sbrk    0x0000000008000d9c       0x6c Core/Src/sysmem.o
                0x0000000008000d9c                _sbrk
 .text.SystemInit
                0x0000000008000e08       0x2c Core/Src/system_stm32f4xx.o
                0x0000000008000e08                SystemInit
 .text.Reset_Handler
                0x0000000008000e34       0x50 Core/Startup/startup_stm32f407vgtx.o
                0x0000000008000e34                Reset_Handler
 .text.Default_Handler
                0x0000000008000e84        0x2 Core/Startup/startup_stm32f407vgtx.o
                0x0000000008000e84                RTC_Alarm_IRQHandler
                0x0000000008000e84                HASH_RNG_IRQHandler
                0x0000000008000e84                EXTI2_IRQHandler
                0x0000000008000e84                TIM8_CC_IRQHandler
                0x0000000008000e84                TIM1_CC_IRQHandler
                0x0000000008000e84                DMA2_Stream5_IRQHandler
                0x0000000008000e84                DMA1_Stream5_IRQHandler
                0x0000000008000e84                PVD_IRQHandler
                0x0000000008000e84                SDIO_IRQHandler
                0x0000000008000e84                TAMP_STAMP_IRQHandler
                0x0000000008000e84                CAN2_RX1_IRQHandler
                0x0000000008000e84                EXTI3_IRQHandler
                0x0000000008000e84                TIM8_TRG_COM_TIM14_IRQHandler
                0x0000000008000e84                TIM1_UP_TIM10_IRQHandler
                0x0000000008000e84                TIM8_UP_TIM13_IRQHandler
                0x0000000008000e84                I2C3_ER_IRQHandler
                0x0000000008000e84                EXTI0_IRQHandler
                0x0000000008000e84                I2C2_EV_IRQHandler
                0x0000000008000e84                DMA1_Stream2_IRQHandler
                0x0000000008000e84                CAN1_RX0_IRQHandler
                0x0000000008000e84                FPU_IRQHandler
                0x0000000008000e84                OTG_HS_WKUP_IRQHandler
                0x0000000008000e84                CAN2_SCE_IRQHandler
                0x0000000008000e84                DMA2_Stream2_IRQHandler
                0x0000000008000e84                SPI1_IRQHandler
                0x0000000008000e84                TIM6_DAC_IRQHandler
                0x0000000008000e84                TIM1_BRK_TIM9_IRQHandler
                0x0000000008000e84                DCMI_IRQHandler
                0x0000000008000e84                CAN2_RX0_IRQHandler
                0x0000000008000e84                DMA2_Stream3_IRQHandler
                0x0000000008000e84                USART6_IRQHandler
                0x0000000008000e84                USART3_IRQHandler
                0x0000000008000e84                CAN1_RX1_IRQHandler
                0x0000000008000e84                UART5_IRQHandler
                0x0000000008000e84                DMA2_Stream0_IRQHandler
                0x0000000008000e84                TIM4_IRQHandler
                0x0000000008000e84                I2C1_EV_IRQHandler
                0x0000000008000e84                DMA1_Stream6_IRQHandler
                0x0000000008000e84                DMA1_Stream1_IRQHandler
                0x0000000008000e84                UART4_IRQHandler
                0x0000000008000e84                TIM3_IRQHandler
                0x0000000008000e84                RCC_IRQHandler
                0x0000000008000e84                TIM8_BRK_TIM12_IRQHandler
                0x0000000008000e84                Default_Handler
                0x0000000008000e84                EXTI15_10_IRQHandler
                0x0000000008000e84                ADC_IRQHandler
                0x0000000008000e84                DMA1_Stream7_IRQHandler
                0x0000000008000e84                TIM7_IRQHandler
                0x0000000008000e84                CAN2_TX_IRQHandler
                0x0000000008000e84                TIM5_IRQHandler
                0x0000000008000e84                DMA2_Stream7_IRQHandler
                0x0000000008000e84                I2C3_EV_IRQHandler
                0x0000000008000e84                EXTI9_5_IRQHandler
                0x0000000008000e84                RTC_WKUP_IRQHandler
                0x0000000008000e84                ETH_WKUP_IRQHandler
                0x0000000008000e84                SPI2_IRQHandler
                0x0000000008000e84                OTG_HS_EP1_IN_IRQHandler
                0x0000000008000e84                DMA1_Stream0_IRQHandler
                0x0000000008000e84                CAN1_TX_IRQHandler
                0x0000000008000e84                EXTI4_IRQHandler
                0x0000000008000e84                FSMC_IRQHandler
                0x0000000008000e84                ETH_IRQHandler
                0x0000000008000e84                OTG_HS_EP1_OUT_IRQHandler
                0x0000000008000e84                WWDG_IRQHandler
                0x0000000008000e84                OTG_FS_WKUP_IRQHandler
                0x0000000008000e84                TIM1_TRG_COM_TIM11_IRQHandler
                0x0000000008000e84                OTG_HS_IRQHandler
                0x0000000008000e84                EXTI1_IRQHandler
                0x0000000008000e84                USART2_IRQHandler
                0x0000000008000e84                I2C2_ER_IRQHandler
                0x0000000008000e84                DMA2_Stream1_IRQHandler
                0x0000000008000e84                CAN1_SCE_IRQHandler
                0x0000000008000e84                FLASH_IRQHandler
                0x0000000008000e84                DMA2_Stream4_IRQHandler
                0x0000000008000e84                USART1_IRQHandler
                0x0000000008000e84                SPI3_IRQHandler
                0x0000000008000e84                DMA1_Stream4_IRQHandler
                0x0000000008000e84                I2C1_ER_IRQHandler
                0x0000000008000e84                DMA2_Stream6_IRQHandler
                0x0000000008000e84                DMA1_Stream3_IRQHandler
 *fill*         0x0000000008000e86        0x2 
 .text.HAL_Init
                0x0000000008000e88       0x44 Drivers/STM32F4xx_HAL_Driver/Src/stm32f4xx_hal.o
                0x0000000008000e88                HAL_Init
 .text.HAL_IncTick
                0x0000000008000ecc       0x28 Drivers/STM32F4xx_HAL_Driver/Src/stm32f4xx_hal.o
                0x0000000008000ecc                HAL_IncTick
 .text.HAL_GetTick
                0x0000000008000ef4       0x18 Drivers/STM32F4xx_HAL_Driver/Src/stm32f4xx_hal.o
                0x0000000008000ef4                HAL_GetTick
 .text.HAL_Delay
                0x0000000008000f0c       0x44 Drivers/STM32F4xx_HAL_Driver/Src/stm32f4xx_hal.o
                0x0000000008000f0c                HAL_Delay
 .text.__NVIC_SetPriorityGrouping
                0x0000000008000f50       0x48 Drivers/STM32F4xx_HAL_Driver/Src/stm32f4xx_hal_cortex.o
 .text.__NVIC_GetPriorityGrouping
                0x0000000008000f98       0x1c Drivers/STM32F4xx_HAL_Driver/Src/stm32f4xx_hal_cortex.o
 .text.__NVIC_EnableIRQ
                0x0000000008000fb4       0x3c Drivers/STM32F4xx_HAL_Driver/Src/stm32f4xx_hal_cortex.o
 .text.__NVIC_SetPriority
                0x0000000008000ff0       0x54 Drivers/STM32F4xx_HAL_Driver/Src/stm32f4xx_hal_cortex.o
 .text.NVIC_EncodePriority
                0x0000000008001044       0x66 Drivers/STM32F4xx_HAL_Driver/Src/stm32f4xx_hal_cortex.o
 .text.HAL_NVIC_SetPriorityGrouping
                0x00000000080010aa       0x16 Drivers/STM32F4xx_HAL_Driver/Src/stm32f4xx_hal_cortex.o
                0x00000000080010aa                HAL_NVIC_SetPriorityGrouping
 .text.HAL_NVIC_SetPriority
                0x00000000080010c0       0x38 Drivers/STM32F4xx_HAL_Driver/Src/stm32f4xx_hal_cortex.o
                0x00000000080010c0                HAL_NVIC_SetPriority
 .text.HAL_NVIC_EnableIRQ
                0x00000000080010f8       0x1c Drivers/STM32F4xx_HAL_Driver/Src/stm32f4xx_hal_cortex.o
                0x00000000080010f8                HAL_NVIC_EnableIRQ
 .text.HAL_GPIO_Init
                0x0000000008001114      0x334 Drivers/STM32F4xx_HAL_Driver/Src/stm32f4xx_hal_gpio.o
                0x0000000008001114                HAL_GPIO_Init
 .text.HAL_GPIO_ReadPin
                0x0000000008001448       0x30 Drivers/STM32F4xx_HAL_Driver/Src/stm32f4xx_hal_gpio.o
                0x0000000008001448                HAL_GPIO_ReadPin
 .text.HAL_GPIO_WritePin
                0x0000000008001478       0x32 Drivers/STM32F4xx_HAL_Driver/Src/stm32f4xx_hal_gpio.o
                0x0000000008001478                HAL_GPIO_WritePin
 .text.HAL_GPIO_TogglePin
                0x00000000080014aa       0x36 Drivers/STM32F4xx_HAL_Driver/Src/stm32f4xx_hal_gpio.o
                0x00000000080014aa                HAL_GPIO_TogglePin
 .text.HAL_HCD_Init
                0x00000000080014e0       0xc4 Drivers/STM32F4xx_HAL_Driver/Src/stm32f4xx_hal_hcd.o
                0x00000000080014e0                HAL_HCD_Init
 .text.HAL_HCD_HC_Init
                0x00000000080015a4      0x130 Drivers/STM32F4xx_HAL_Driver/Src/stm32f4xx_hal_hcd.o
                0x00000000080015a4                HAL_HCD_HC_Init
 .text.HAL_HCD_HC_Halt
                0x00000000080016d4       0x46 Drivers/STM32F4xx_HAL_Driver/Src/stm32f4xx_hal_hcd.o
                0x00000000080016d4                HAL_HCD_HC_Halt
 *fill*         0x000000000800171a        0x2 
 .text.HAL_HCD_HC_SubmitRequest
                0x000000000800171c      0x2e4 Drivers/STM32F4xx_HAL_Driver/Src/stm32f4xx_hal_hcd.o
                0x000000000800171c                HAL_HCD_HC_SubmitRequest
 .text.HAL_HCD_IRQHandler
                0x0000000008001a00      0x208 Drivers/STM32F4xx_HAL_Driver/Src/stm32f4xx_hal_hcd.o
                0x0000000008001a00                HAL_HCD_IRQHandler
 .text.HAL_HCD_Start
                0x0000000008001c08       0x46 Drivers/STM32F4xx_HAL_Driver/Src/stm32f4xx_hal_hcd.o
                0x0000000008001c08                HAL_HCD_Start
 .text.HAL_HCD_Stop
                0x0000000008001c4e       0x3a Drivers/STM32F4xx_HAL_Driver/Src/stm32f4xx_hal_hcd.o
                0x0000000008001c4e                HAL_HCD_Stop
 .text.HAL_HCD_ResetPort
                0x0000000008001c88       0x1c Drivers/STM32F4xx_HAL_Driver/Src/stm32f4xx_hal_hcd.o
                0x0000000008001c88                HAL_HCD_ResetPort
 .text.HAL_HCD_HC_GetURBState
                0x0000000008001ca4       0x2a Drivers/STM32F4xx_HAL_Driver/Src/stm32f4xx_hal_hcd.o
                0x0000000008001ca4                HAL_HCD_HC_GetURBState
 .text.HAL_HCD_HC_GetXferCount
                0x0000000008001cce       0x2a Drivers/STM32F4xx_HAL_Driver/Src/stm32f4xx_hal_hcd.o
                0x0000000008001cce                HAL_HCD_HC_GetXferCount
 .text.HAL_HCD_GetCurrentFrame
                0x0000000008001cf8       0x1c Drivers/STM32F4xx_HAL_Driver/Src/stm32f4xx_hal_hcd.o
                0x0000000008001cf8                HAL_HCD_GetCurrentFrame
 .text.HAL_HCD_GetCurrentSpeed
                0x0000000008001d14       0x1c Drivers/STM32F4xx_HAL_Driver/Src/stm32f4xx_hal_hcd.o
                0x0000000008001d14                HAL_HCD_GetCurrentSpeed
 .text.HCD_HC_IN_IRQHandler
                0x0000000008001d30      0x86a Drivers/STM32F4xx_HAL_Driver/Src/stm32f4xx_hal_hcd.o
 .text.HCD_HC_OUT_IRQHandler
                0x000000000800259a      0x6ea Drivers/STM32F4xx_HAL_Driver/Src/stm32f4xx_hal_hcd.o
 .text.HCD_RXQLVL_IRQHandler
                0x0000000008002c84      0x158 Drivers/STM32F4xx_HAL_Driver/Src/stm32f4xx_hal_hcd.o
 .text.HCD_Port_IRQHandler
                0x0000000008002ddc       0xe6 Drivers/STM32F4xx_HAL_Driver/Src/stm32f4xx_hal_hcd.o
 *fill*         0x0000000008002ec2        0x2 
 .text.HAL_I2C_Init
                0x0000000008002ec4      0x270 Drivers/STM32F4xx_HAL_Driver/Src/stm32f4xx_hal_i2c.o
                0x0000000008002ec4                HAL_I2C_Init
 .text.HAL_I2S_Init
                0x0000000008003134      0x280 Drivers/STM32F4xx_HAL_Driver/Src/stm32f4xx_hal_i2s.o
                0x0000000008003134                HAL_I2S_Init
 .text.HAL_I2S_TxCpltCallback
                0x00000000080033b4       0x14 Drivers/STM32F4xx_HAL_Driver/Src/stm32f4xx_hal_i2s.o
                0x00000000080033b4                HAL_I2S_TxCpltCallback
 .text.HAL_I2S_RxCpltCallback
                0x00000000080033c8       0x14 Drivers/STM32F4xx_HAL_Driver/Src/stm32f4xx_hal_i2s.o
                0x00000000080033c8                HAL_I2S_RxCpltCallback
 .text.HAL_I2S_ErrorCallback
                0x00000000080033dc       0x14 Drivers/STM32F4xx_HAL_Driver/Src/stm32f4xx_hal_i2s.o
                0x00000000080033dc                HAL_I2S_ErrorCallback
 .text.I2S_Transmit_IT
                0x00000000080033f0       0x5c Drivers/STM32F4xx_HAL_Driver/Src/stm32f4xx_hal_i2s.o
 .text.I2S_Receive_IT
                0x000000000800344c       0x5e Drivers/STM32F4xx_HAL_Driver/Src/stm32f4xx_hal_i2s.o
 .text.I2S_IRQHandler
                0x00000000080034aa      0x114 Drivers/STM32F4xx_HAL_Driver/Src/stm32f4xx_hal_i2s.o
 *fill*         0x00000000080035be        0x2 
 .text.HAL_I2SEx_FullDuplex_IRQHandler
                0x00000000080035c0      0x2a8 Drivers/STM32F4xx_HAL_Driver/Src/stm32f4xx_hal_i2s_ex.o
                0x00000000080035c0                HAL_I2SEx_FullDuplex_IRQHandler
 .text.HAL_I2SEx_TxRxCpltCallback
                0x0000000008003868       0x14 Drivers/STM32F4xx_HAL_Driver/Src/stm32f4xx_hal_i2s_ex.o
                0x0000000008003868                HAL_I2SEx_TxRxCpltCallback
 .text.I2SEx_TxISR_I2S
                0x000000000800387c       0x62 Drivers/STM32F4xx_HAL_Driver/Src/stm32f4xx_hal_i2s_ex.o
 *fill*         0x00000000080038de        0x2 
 .text.I2SEx_TxISR_I2SExt
                0x00000000080038e0       0x98 Drivers/STM32F4xx_HAL_Driver/Src/stm32f4xx_hal_i2s_ex.o
 .text.I2SEx_RxISR_I2S
                0x0000000008003978       0x64 Drivers/STM32F4xx_HAL_Driver/Src/stm32f4xx_hal_i2s_ex.o
 .text.I2SEx_RxISR_I2SExt
                0x00000000080039dc       0x98 Drivers/STM32F4xx_HAL_Driver/Src/stm32f4xx_hal_i2s_ex.o
 .text.HAL_RCC_OscConfig
                0x0000000008003a74      0x4e0 Drivers/STM32F4xx_HAL_Driver/Src/stm32f4xx_hal_rcc.o
                0x0000000008003a74                HAL_RCC_OscConfig
 .text.HAL_RCC_ClockConfig
                0x0000000008003f54      0x1cc Drivers/STM32F4xx_HAL_Driver/Src/stm32f4xx_hal_rcc.o
                0x0000000008003f54                HAL_RCC_ClockConfig
 .text.HAL_RCC_GetSysClockFreq
                0x0000000008004120      0x1b0 Drivers/STM32F4xx_HAL_Driver/Src/stm32f4xx_hal_rcc.o
                0x0000000008004120                HAL_RCC_GetSysClockFreq
 .text.HAL_RCC_GetHCLKFreq
                0x00000000080042d0       0x18 Drivers/STM32F4xx_HAL_Driver/Src/stm32f4xx_hal_rcc.o
                0x00000000080042d0                HAL_RCC_GetHCLKFreq
 .text.HAL_RCC_GetPCLK1Freq
                0x00000000080042e8       0x28 Drivers/STM32F4xx_HAL_Driver/Src/stm32f4xx_hal_rcc.o
                0x00000000080042e8                HAL_RCC_GetPCLK1Freq
 .text.HAL_RCC_GetClockConfig
                0x0000000008004310       0x64 Drivers/STM32F4xx_HAL_Driver/Src/stm32f4xx_hal_rcc.o
                0x0000000008004310                HAL_RCC_GetClockConfig
 .text.HAL_RCCEx_PeriphCLKConfig
                0x0000000008004374      0x1c4 Drivers/STM32F4xx_HAL_Driver/Src/stm32f4xx_hal_rcc_ex.o
                0x0000000008004374                HAL_RCCEx_PeriphCLKConfig
 .text.HAL_RCCEx_GetPeriphCLKFreq
                0x0000000008004538       0xb8 Drivers/STM32F4xx_HAL_Driver/Src/stm32f4xx_hal_rcc_ex.o
                0x0000000008004538                HAL_RCCEx_GetPeriphCLKFreq
 .text.HAL_SPI_Init
                0x00000000080045f0       0xc8 Drivers/STM32F4xx_HAL_Driver/Src/stm32f4xx_hal_spi.o
                0x00000000080045f0                HAL_SPI_Init
 .text.HAL_TIM_Base_Init
                0x00000000080046b8       0x56 Drivers/STM32F4xx_HAL_Driver/Src/stm32f4xx_hal_tim.o
                0x00000000080046b8                HAL_TIM_Base_Init
 .text.HAL_TIM_Base_MspInit
                0x000000000800470e       0x14 Drivers/STM32F4xx_HAL_Driver/Src/stm32f4xx_hal_tim.o
                0x000000000800470e                HAL_TIM_Base_MspInit
 .text.HAL_TIM_Base_Start_IT
                0x0000000008004722       0x48 Drivers/STM32F4xx_HAL_Driver/Src/stm32f4xx_hal_tim.o
                0x0000000008004722                HAL_TIM_Base_Start_IT
 .text.HAL_TIM_IRQHandler
                0x000000000800476a      0x210 Drivers/STM32F4xx_HAL_Driver/Src/stm32f4xx_hal_tim.o
                0x000000000800476a                HAL_TIM_IRQHandler
 .text.HAL_TIM_OC_DelayElapsedCallback
                0x000000000800497a       0x14 Drivers/STM32F4xx_HAL_Driver/Src/stm32f4xx_hal_tim.o
                0x000000000800497a                HAL_TIM_OC_DelayElapsedCallback
 .text.HAL_TIM_IC_CaptureCallback
                0x000000000800498e       0x14 Drivers/STM32F4xx_HAL_Driver/Src/stm32f4xx_hal_tim.o
                0x000000000800498e                HAL_TIM_IC_CaptureCallback
 .text.HAL_TIM_PWM_PulseFinishedCallback
                0x00000000080049a2       0x14 Drivers/STM32F4xx_HAL_Driver/Src/stm32f4xx_hal_tim.o
                0x00000000080049a2                HAL_TIM_PWM_PulseFinishedCallback
 .text.HAL_TIM_TriggerCallback
                0x00000000080049b6       0x14 Drivers/STM32F4xx_HAL_Driver/Src/stm32f4xx_hal_tim.o
                0x00000000080049b6                HAL_TIM_TriggerCallback
 *fill*         0x00000000080049ca        0x2 
 .text.TIM_Base_SetConfig
                0x00000000080049cc      0x140 Drivers/STM32F4xx_HAL_Driver/Src/stm32f4xx_hal_tim.o
                0x00000000080049cc                TIM_Base_SetConfig
 .text.HAL_TIMEx_CommutCallback
                0x0000000008004b0c       0x14 Drivers/STM32F4xx_HAL_Driver/Src/stm32f4xx_hal_tim_ex.o
                0x0000000008004b0c                HAL_TIMEx_CommutCallback
 .text.HAL_TIMEx_BreakCallback
                0x0000000008004b20       0x14 Drivers/STM32F4xx_HAL_Driver/Src/stm32f4xx_hal_tim_ex.o
                0x0000000008004b20                HAL_TIMEx_BreakCallback
 .text.USB_CoreInit
                0x0000000008004b34       0xc2 Drivers/STM32F4xx_HAL_Driver/Src/stm32f4xx_ll_usb.o
                0x0000000008004b34                USB_CoreInit
 .text.USB_EnableGlobalInt
                0x0000000008004bf6       0x22 Drivers/STM32F4xx_HAL_Driver/Src/stm32f4xx_ll_usb.o
                0x0000000008004bf6                USB_EnableGlobalInt
 .text.USB_DisableGlobalInt
                0x0000000008004c18       0x22 Drivers/STM32F4xx_HAL_Driver/Src/stm32f4xx_ll_usb.o
                0x0000000008004c18                USB_DisableGlobalInt
 .text.USB_SetCurrentMode
                0x0000000008004c3a       0x54 Drivers/STM32F4xx_HAL_Driver/Src/stm32f4xx_ll_usb.o
                0x0000000008004c3a                USB_SetCurrentMode
 *fill*         0x0000000008004c8e        0x2 
 .text.USB_FlushTxFifo
                0x0000000008004c90       0x4c Drivers/STM32F4xx_HAL_Driver/Src/stm32f4xx_ll_usb.o
                0x0000000008004c90                USB_FlushTxFifo
 .text.USB_FlushRxFifo
                0x0000000008004cdc       0x44 Drivers/STM32F4xx_HAL_Driver/Src/stm32f4xx_ll_usb.o
                0x0000000008004cdc                USB_FlushRxFifo
 .text.USB_WritePacket
                0x0000000008004d20       0x6a Drivers/STM32F4xx_HAL_Driver/Src/stm32f4xx_ll_usb.o
                0x0000000008004d20                USB_WritePacket
 .text.USB_ReadPacket
                0x0000000008004d8a       0x52 Drivers/STM32F4xx_HAL_Driver/Src/stm32f4xx_ll_usb.o
                0x0000000008004d8a                USB_ReadPacket
 .text.USB_ReadInterrupts
                0x0000000008004ddc       0x26 Drivers/STM32F4xx_HAL_Driver/Src/stm32f4xx_ll_usb.o
                0x0000000008004ddc                USB_ReadInterrupts
 .text.USB_GetMode
                0x0000000008004e02       0x1c Drivers/STM32F4xx_HAL_Driver/Src/stm32f4xx_ll_usb.o
                0x0000000008004e02                USB_GetMode
 *fill*         0x0000000008004e1e        0x2 
 .text.USB_CoreReset
                0x0000000008004e20       0x68 Drivers/STM32F4xx_HAL_Driver/Src/stm32f4xx_ll_usb.o
 .text.USB_HostInit
                0x0000000008004e88      0x178 Drivers/STM32F4xx_HAL_Driver/Src/stm32f4xx_ll_usb.o
                0x0000000008004e88                USB_HostInit
 .text.USB_InitFSLSPClkSel
                0x0000000008005000       0x74 Drivers/STM32F4xx_HAL_Driver/Src/stm32f4xx_ll_usb.o
                0x0000000008005000                USB_InitFSLSPClkSel
 .text.USB_ResetPort
                0x0000000008005074       0x54 Drivers/STM32F4xx_HAL_Driver/Src/stm32f4xx_ll_usb.o
                0x0000000008005074                USB_ResetPort
 .text.USB_DriveVbus
                0x00000000080050c8       0x72 Drivers/STM32F4xx_HAL_Driver/Src/stm32f4xx_ll_usb.o
                0x00000000080050c8                USB_DriveVbus
 .text.USB_GetHostSpeed
                0x000000000800513a       0x2e Drivers/STM32F4xx_HAL_Driver/Src/stm32f4xx_ll_usb.o
                0x000000000800513a                USB_GetHostSpeed
 .text.USB_GetCurrentFrame
                0x0000000008005168       0x22 Drivers/STM32F4xx_HAL_Driver/Src/stm32f4xx_ll_usb.o
                0x0000000008005168                USB_GetCurrentFrame
 *fill*         0x000000000800518a        0x2 
 .text.USB_HC_Init
                0x000000000800518c      0x214 Drivers/STM32F4xx_HAL_Driver/Src/stm32f4xx_ll_usb.o
                0x000000000800518c                USB_HC_Init
 .text.USB_HC_StartXfer
                0x00000000080053a0      0x28c Drivers/STM32F4xx_HAL_Driver/Src/stm32f4xx_ll_usb.o
                0x00000000080053a0                USB_HC_StartXfer
 .text.USB_HC_ReadInterrupt
                0x000000000800562c       0x22 Drivers/STM32F4xx_HAL_Driver/Src/stm32f4xx_ll_usb.o
                0x000000000800562c                USB_HC_ReadInterrupt
 .text.USB_HC_Halt
                0x000000000800564e      0x1fe Drivers/STM32F4xx_HAL_Driver/Src/stm32f4xx_ll_usb.o
                0x000000000800564e                USB_HC_Halt
 .text.USB_DoPing
                0x000000000800584c       0x78 Drivers/STM32F4xx_HAL_Driver/Src/stm32f4xx_ll_usb.o
                0x000000000800584c                USB_DoPing
 .text.USB_StopHost
                0x00000000080058c4      0x10c Drivers/STM32F4xx_HAL_Driver/Src/stm32f4xx_ll_usb.o
                0x00000000080058c4                USB_StopHost
 .text.USBH_CDC_InterfaceInit
                0x00000000080059d0      0x2ac Middlewares/ST/STM32_USB_Host_Library/Class/CDC/Src/usbh_cdc.o
 .text.USBH_CDC_InterfaceDeInit
                0x0000000008005c7c       0xb2 Middlewares/ST/STM32_USB_Host_Library/Class/CDC/Src/usbh_cdc.o
 .text.USBH_CDC_ClassRequest
                0x0000000008005d2e       0x3e Middlewares/ST/STM32_USB_Host_Library/Class/CDC/Src/usbh_cdc.o
 .text.USBH_CDC_Process
                0x0000000008005d6c      0x12c Middlewares/ST/STM32_USB_Host_Library/Class/CDC/Src/usbh_cdc.o
 .text.USBH_CDC_SOFProcess
                0x0000000008005e98       0x16 Middlewares/ST/STM32_USB_Host_Library/Class/CDC/Src/usbh_cdc.o
 .text.GetLineCoding
                0x0000000008005eae       0x3e Middlewares/ST/STM32_USB_Host_Library/Class/CDC/Src/usbh_cdc.o
 .text.SetLineCoding
                0x0000000008005eec       0x3e Middlewares/ST/STM32_USB_Host_Library/Class/CDC/Src/usbh_cdc.o
 .text.CDC_ProcessTransmission
                0x0000000008005f2a      0x128 Middlewares/ST/STM32_USB_Host_Library/Class/CDC/Src/usbh_cdc.o
 .text.CDC_ProcessReception
                0x0000000008006052       0xd2 Middlewares/ST/STM32_USB_Host_Library/Class/CDC/Src/usbh_cdc.o
 .text.USBH_CDC_TransmitCallback
                0x0000000008006124       0x14 Middlewares/ST/STM32_USB_Host_Library/Class/CDC/Src/usbh_cdc.o
                0x0000000008006124                USBH_CDC_TransmitCallback
 .text.USBH_CDC_ReceiveCallback
                0x0000000008006138       0x14 Middlewares/ST/STM32_USB_Host_Library/Class/CDC/Src/usbh_cdc.o
                0x0000000008006138                USBH_CDC_ReceiveCallback
 .text.USBH_CDC_LineCodingChanged
                0x000000000800614c       0x14 Middlewares/ST/STM32_USB_Host_Library/Class/CDC/Src/usbh_cdc.o
                0x000000000800614c                USBH_CDC_LineCodingChanged
 .text.USBH_Init
                0x0000000008006160       0xb8 Middlewares/ST/STM32_USB_Host_Library/Core/Src/usbh_core.o
                0x0000000008006160                USBH_Init
 .text.DeInitStateMachine
                0x0000000008006218       0xa8 Middlewares/ST/STM32_USB_Host_Library/Core/Src/usbh_core.o
 .text.USBH_RegisterClass
                0x00000000080062c0       0x54 Middlewares/ST/STM32_USB_Host_Library/Core/Src/usbh_core.o
                0x00000000080062c0                USBH_RegisterClass
 .text.USBH_SelectInterface
                0x0000000008006314       0x38 Middlewares/ST/STM32_USB_Host_Library/Core/Src/usbh_core.o
                0x0000000008006314                USBH_SelectInterface
 .text.USBH_FindInterface
                0x000000000800634c       0x8c Middlewares/ST/STM32_USB_Host_Library/Core/Src/usbh_core.o
                0x000000000800634c                USBH_FindInterface
 .text.USBH_Start
                0x00000000080063d8       0x20 Middlewares/ST/STM32_USB_Host_Library/Core/Src/usbh_core.o
                0x00000000080063d8                USBH_Start
 .text.USBH_Process
                0x00000000080063f8      0x4c4 Middlewares/ST/STM32_USB_Host_Library/Core/Src/usbh_core.o
                0x00000000080063f8                USBH_Process
 .text.USBH_HandleEnum
                0x00000000080068bc      0x458 Middlewares/ST/STM32_USB_Host_Library/Core/Src/usbh_core.o
 .text.USBH_LL_SetTimer
                0x0000000008006d14       0x1e Middlewares/ST/STM32_USB_Host_Library/Core/Src/usbh_core.o
                0x0000000008006d14                USBH_LL_SetTimer
 .text.USBH_LL_IncTimer
                0x0000000008006d32       0x24 Middlewares/ST/STM32_USB_Host_Library/Core/Src/usbh_core.o
                0x0000000008006d32                USBH_LL_IncTimer
 .text.USBH_HandleSof
                0x0000000008006d56       0x30 Middlewares/ST/STM32_USB_Host_Library/Core/Src/usbh_core.o
 .text.USBH_LL_PortEnabled
                0x0000000008006d86       0x34 Middlewares/ST/STM32_USB_Host_Library/Core/Src/usbh_core.o
                0x0000000008006d86                USBH_LL_PortEnabled
 .text.USBH_LL_PortDisabled
                0x0000000008006dba       0x1c Middlewares/ST/STM32_USB_Host_Library/Core/Src/usbh_core.o
                0x0000000008006dba                USBH_LL_PortDisabled
 .text.USBH_LL_Connect
                0x0000000008006dd6       0x46 Middlewares/ST/STM32_USB_Host_Library/Core/Src/usbh_core.o
                0x0000000008006dd6                USBH_LL_Connect
 .text.USBH_LL_Disconnect
                0x0000000008006e1c       0x64 Middlewares/ST/STM32_USB_Host_Library/Core/Src/usbh_core.o
                0x0000000008006e1c                USBH_LL_Disconnect
 .text.USBH_Process_OS
                0x0000000008006e80       0x2e Middlewares/ST/STM32_USB_Host_Library/Core/Src/usbh_core.o
 .text.USBH_LL_NotifyURBChange
                0x0000000008006eae       0x2e Middlewares/ST/STM32_USB_Host_Library/Core/Src/usbh_core.o
                0x0000000008006eae                USBH_LL_NotifyURBChange
 .text.USBH_Get_DevDesc
                0x0000000008006edc       0x50 Middlewares/ST/STM32_USB_Host_Library/Core/Src/usbh_ctlreq.o
                0x0000000008006edc                USBH_Get_DevDesc
 .text.USBH_Get_CfgDesc
                0x0000000008006f2c       0x48 Middlewares/ST/STM32_USB_Host_Library/Core/Src/usbh_ctlreq.o
                0x0000000008006f2c                USBH_Get_CfgDesc
 .text.USBH_Get_StringDesc
                0x0000000008006f74       0x56 Middlewares/ST/STM32_USB_Host_Library/Core/Src/usbh_ctlreq.o
                0x0000000008006f74                USBH_Get_StringDesc
 .text.USBH_GetDescriptor
                0x0000000008006fca       0x6a Middlewares/ST/STM32_USB_Host_Library/Core/Src/usbh_ctlreq.o
                0x0000000008006fca                USBH_GetDescriptor
 .text.USBH_SetAddress
                0x0000000008007034       0x48 Middlewares/ST/STM32_USB_Host_Library/Core/Src/usbh_ctlreq.o
                0x0000000008007034                USBH_SetAddress
 .text.USBH_SetCfg
                0x000000000800707c       0x46 Middlewares/ST/STM32_USB_Host_Library/Core/Src/usbh_ctlreq.o
                0x000000000800707c                USBH_SetCfg
 .text.USBH_SetFeature
                0x00000000080070c2       0x48 Middlewares/ST/STM32_USB_Host_Library/Core/Src/usbh_ctlreq.o
                0x00000000080070c2                USBH_SetFeature
 .text.USBH_ClrFeature
                0x000000000800710a       0x48 Middlewares/ST/STM32_USB_Host_Library/Core/Src/usbh_ctlreq.o
                0x000000000800710a                USBH_ClrFeature
 .text.USBH_ParseDevDesc
                0x0000000008007152       0xe0 Middlewares/ST/STM32_USB_Host_Library/Core/Src/usbh_ctlreq.o
 .text.USBH_ParseCfgDesc
                0x0000000008007232      0x144 Middlewares/ST/STM32_USB_Host_Library/Core/Src/usbh_ctlreq.o
 .text.USBH_ParseInterfaceDesc
                0x0000000008007376       0x5e Middlewares/ST/STM32_USB_Host_Library/Core/Src/usbh_ctlreq.o
 .text.USBH_ParseEPDesc
                0x00000000080073d4       0x5a Middlewares/ST/STM32_USB_Host_Library/Core/Src/usbh_ctlreq.o
 .text.USBH_ParseStringDesc
                0x000000000800742e       0x66 Middlewares/ST/STM32_USB_Host_Library/Core/Src/usbh_ctlreq.o
 .text.USBH_GetNextDesc
                0x0000000008007494       0x36 Middlewares/ST/STM32_USB_Host_Library/Core/Src/usbh_ctlreq.o
                0x0000000008007494                USBH_GetNextDesc
 .text.USBH_CtlReq
                0x00000000080074ca       0xb2 Middlewares/ST/STM32_USB_Host_Library/Core/Src/usbh_ctlreq.o
                0x00000000080074ca                USBH_CtlReq
 .text.USBH_HandleControl
                0x000000000800757c      0x494 Middlewares/ST/STM32_USB_Host_Library/Core/Src/usbh_ctlreq.o
 .text.USBH_CtlSendSetup
                0x0000000008007a10       0x34 Middlewares/ST/STM32_USB_Host_Library/Core/Src/usbh_ioreq.o
                0x0000000008007a10                USBH_CtlSendSetup
 .text.USBH_CtlSendData
                0x0000000008007a44       0x4a Middlewares/ST/STM32_USB_Host_Library/Core/Src/usbh_ioreq.o
                0x0000000008007a44                USBH_CtlSendData
 .text.USBH_CtlReceiveData
                0x0000000008007a8e       0x3c Middlewares/ST/STM32_USB_Host_Library/Core/Src/usbh_ioreq.o
                0x0000000008007a8e                USBH_CtlReceiveData
 .text.USBH_BulkSendData
                0x0000000008007aca       0x4a Middlewares/ST/STM32_USB_Host_Library/Core/Src/usbh_ioreq.o
                0x0000000008007aca                USBH_BulkSendData
 .text.USBH_BulkReceiveData
                0x0000000008007b14       0x3c Middlewares/ST/STM32_USB_Host_Library/Core/Src/usbh_ioreq.o
                0x0000000008007b14                USBH_BulkReceiveData
 .text.USBH_OpenPipe
                0x0000000008007b50       0x3e Middlewares/ST/STM32_USB_Host_Library/Core/Src/usbh_pipes.o
                0x0000000008007b50                USBH_OpenPipe
 .text.USBH_ClosePipe
                0x0000000008007b8e       0x20 Middlewares/ST/STM32_USB_Host_Library/Core/Src/usbh_pipes.o
                0x0000000008007b8e                USBH_ClosePipe
 .text.USBH_AllocPipe
                0x0000000008007bae       0x42 Middlewares/ST/STM32_USB_Host_Library/Core/Src/usbh_pipes.o
                0x0000000008007bae                USBH_AllocPipe
 .text.USBH_FreePipe
                0x0000000008007bf0       0x3c Middlewares/ST/STM32_USB_Host_Library/Core/Src/usbh_pipes.o
                0x0000000008007bf0                USBH_FreePipe
 .text.USBH_GetFreePipe
                0x0000000008007c2c       0x48 Middlewares/ST/STM32_USB_Host_Library/Core/Src/usbh_pipes.o
 .text.SVC_Setup
                0x0000000008007c74        0xe Middlewares/Third_Party/FreeRTOS/Source/CMSIS_RTOS_V2/cmsis_os2.o
 *fill*         0x0000000008007c82        0x2 
 .text.osKernelInitialize
                0x0000000008007c84       0x68 Middlewares/Third_Party/FreeRTOS/Source/CMSIS_RTOS_V2/cmsis_os2.o
                0x0000000008007c84                osKernelInitialize
 .text.osKernelStart
                0x0000000008007cec       0x6c Middlewares/Third_Party/FreeRTOS/Source/CMSIS_RTOS_V2/cmsis_os2.o
                0x0000000008007cec                osKernelStart
 .text.osThreadNew
                0x0000000008007d58      0x14c Middlewares/Third_Party/FreeRTOS/Source/CMSIS_RTOS_V2/cmsis_os2.o
                0x0000000008007d58                osThreadNew
 .text.osDelay  0x0000000008007ea4       0x5c Middlewares/Third_Party/FreeRTOS/Source/CMSIS_RTOS_V2/cmsis_os2.o
                0x0000000008007ea4                osDelay
 .text.osMessageQueueNew
                0x0000000008007f00      0x10c Middlewares/Third_Party/FreeRTOS/Source/CMSIS_RTOS_V2/cmsis_os2.o
                0x0000000008007f00                osMessageQueueNew
 .text.osMessageQueuePut
                0x000000000800800c       0xe8 Middlewares/Third_Party/FreeRTOS/Source/CMSIS_RTOS_V2/cmsis_os2.o
                0x000000000800800c                osMessageQueuePut
 .text.osMessageQueueGet
                0x00000000080080f4       0xe4 Middlewares/Third_Party/FreeRTOS/Source/CMSIS_RTOS_V2/cmsis_os2.o
                0x00000000080080f4                osMessageQueueGet
 .text.vApplicationGetIdleTaskMemory
                0x00000000080081d8       0x34 Middlewares/Third_Party/FreeRTOS/Source/CMSIS_RTOS_V2/cmsis_os2.o
                0x00000000080081d8                vApplicationGetIdleTaskMemory
 .text.vApplicationGetTimerTaskMemory
                0x000000000800820c       0x34 Middlewares/Third_Party/FreeRTOS/Source/CMSIS_RTOS_V2/cmsis_os2.o
                0x000000000800820c                vApplicationGetTimerTaskMemory
 .text.vListInitialise
                0x0000000008008240       0x40 Middlewares/Third_Party/FreeRTOS/Source/list.o
                0x0000000008008240                vListInitialise
 .text.vListInitialiseItem
                0x0000000008008280       0x1a Middlewares/Third_Party/FreeRTOS/Source/list.o
                0x0000000008008280                vListInitialiseItem
 .text.vListInsertEnd
                0x000000000800829a       0x48 Middlewares/Third_Party/FreeRTOS/Source/list.o
                0x000000000800829a                vListInsertEnd
 .text.vListInsert
                0x00000000080082e2       0x72 Middlewares/Third_Party/FreeRTOS/Source/list.o
                0x00000000080082e2                vListInsert
 .text.uxListRemove
                0x0000000008008354       0x54 Middlewares/Third_Party/FreeRTOS/Source/list.o
                0x0000000008008354                uxListRemove
 .text.xQueueGenericReset
                0x00000000080083a8       0xd0 Middlewares/Third_Party/FreeRTOS/Source/queue.o
                0x00000000080083a8                xQueueGenericReset
 .text.xQueueGenericCreateStatic
                0x0000000008008478       0xe6 Middlewares/Third_Party/FreeRTOS/Source/queue.o
                0x0000000008008478                xQueueGenericCreateStatic
 .text.xQueueGenericCreate
                0x000000000800855e       0x7e Middlewares/Third_Party/FreeRTOS/Source/queue.o
                0x000000000800855e                xQueueGenericCreate
 .text.prvInitialiseNewQueue
                0x00000000080085dc       0x46 Middlewares/Third_Party/FreeRTOS/Source/queue.o
 *fill*         0x0000000008008622        0x2 
 .text.xQueueGenericSend
                0x0000000008008624      0x1f4 Middlewares/Third_Party/FreeRTOS/Source/queue.o
                0x0000000008008624                xQueueGenericSend
 .text.xQueueGenericSendFromISR
                0x0000000008008818      0x128 Middlewares/Third_Party/FreeRTOS/Source/queue.o
                0x0000000008008818                xQueueGenericSendFromISR
 .text.xQueueReceive
                0x0000000008008940      0x1b8 Middlewares/Third_Party/FreeRTOS/Source/queue.o
                0x0000000008008940                xQueueReceive
 .text.xQueueReceiveFromISR
                0x0000000008008af8       0xfa Middlewares/Third_Party/FreeRTOS/Source/queue.o
                0x0000000008008af8                xQueueReceiveFromISR
 .text.prvCopyDataToQueue
                0x0000000008008bf2       0xd4 Middlewares/Third_Party/FreeRTOS/Source/queue.o
 .text.prvCopyDataFromQueue
                0x0000000008008cc6       0x4c Middlewares/Third_Party/FreeRTOS/Source/queue.o
 .text.prvUnlockQueue
                0x0000000008008d12       0xa4 Middlewares/Third_Party/FreeRTOS/Source/queue.o
 .text.prvIsQueueEmpty
                0x0000000008008db6       0x2c Middlewares/Third_Party/FreeRTOS/Source/queue.o
 .text.prvIsQueueFull
                0x0000000008008de2       0x30 Middlewares/Third_Party/FreeRTOS/Source/queue.o
 *fill*         0x0000000008008e12        0x2 
 .text.vQueueAddToRegistry
                0x0000000008008e14       0x50 Middlewares/Third_Party/FreeRTOS/Source/queue.o
                0x0000000008008e14                vQueueAddToRegistry
 .text.vQueueWaitForMessageRestricted
                0x0000000008008e64       0x68 Middlewares/Third_Party/FreeRTOS/Source/queue.o
                0x0000000008008e64                vQueueWaitForMessageRestricted
 .text.xTaskCreateStatic
                0x0000000008008ecc       0xb4 Middlewares/Third_Party/FreeRTOS/Source/tasks.o
                0x0000000008008ecc                xTaskCreateStatic
 .text.xTaskCreate
                0x0000000008008f80       0x8a Middlewares/Third_Party/FreeRTOS/Source/tasks.o
                0x0000000008008f80                xTaskCreate
 .text.prvInitialiseNewTask
                0x000000000800900a      0x11c Middlewares/Third_Party/FreeRTOS/Source/tasks.o
 *fill*         0x0000000008009126        0x2 
 .text.prvAddNewTaskToReadyList
                0x0000000008009128       0xe0 Middlewares/Third_Party/FreeRTOS/Source/tasks.o
 .text.vTaskDelay
                0x0000000008009208       0x68 Middlewares/Third_Party/FreeRTOS/Source/tasks.o
                0x0000000008009208                vTaskDelay
 .text.vTaskStartScheduler
                0x0000000008009270       0xc8 Middlewares/Third_Party/FreeRTOS/Source/tasks.o
                0x0000000008009270                vTaskStartScheduler
 .text.vTaskSuspendAll
                0x0000000008009338       0x1c Middlewares/Third_Party/FreeRTOS/Source/tasks.o
                0x0000000008009338                vTaskSuspendAll
 .text.xTaskResumeAll
                0x0000000008009354      0x138 Middlewares/Third_Party/FreeRTOS/Source/tasks.o
                0x0000000008009354                xTaskResumeAll
 .text.xTaskGetTickCount
                0x000000000800948c       0x20 Middlewares/Third_Party/FreeRTOS/Source/tasks.o
                0x000000000800948c                xTaskGetTickCount
 .text.xTaskIncrementTick
                0x00000000080094ac      0x170 Middlewares/Third_Party/FreeRTOS/Source/tasks.o
                0x00000000080094ac                xTaskIncrementTick
 .text.vTaskSwitchContext
                0x000000000800961c       0xb8 Middlewares/Third_Party/FreeRTOS/Source/tasks.o
                0x000000000800961c                vTaskSwitchContext
 .text.vTaskPlaceOnEventList
                0x00000000080096d4       0x48 Middlewares/Third_Party/FreeRTOS/Source/tasks.o
                0x00000000080096d4                vTaskPlaceOnEventList
 .text.vTaskPlaceOnEventListRestricted
                0x000000000800971c       0x54 Middlewares/Third_Party/FreeRTOS/Source/tasks.o
                0x000000000800971c                vTaskPlaceOnEventListRestricted
 .text.xTaskRemoveFromEventList
                0x0000000008009770       0xc4 Middlewares/Third_Party/FreeRTOS/Source/tasks.o
                0x0000000008009770                xTaskRemoveFromEventList
 .text.vTaskInternalSetTimeOutState
                0x0000000008009834       0x2c Middlewares/Third_Party/FreeRTOS/Source/tasks.o
                0x0000000008009834                vTaskInternalSetTimeOutState
 .text.xTaskCheckForTimeOut
                0x0000000008009860       0xc0 Middlewares/Third_Party/FreeRTOS/Source/tasks.o
                0x0000000008009860                xTaskCheckForTimeOut
 .text.vTaskMissedYield
                0x0000000008009920       0x18 Middlewares/Third_Party/FreeRTOS/Source/tasks.o
                0x0000000008009920                vTaskMissedYield
 .text.prvIdleTask
                0x0000000008009938       0x30 Middlewares/Third_Party/FreeRTOS/Source/tasks.o
 .text.prvInitialiseTaskLists
                0x0000000008009968       0x80 Middlewares/Third_Party/FreeRTOS/Source/tasks.o
 .text.prvCheckTasksWaitingTermination
                0x00000000080099e8       0x58 Middlewares/Third_Party/FreeRTOS/Source/tasks.o
 .text.prvDeleteTCB
                0x0000000008009a40       0x5c Middlewares/Third_Party/FreeRTOS/Source/tasks.o
 .text.prvResetNextTaskUnblockTime
                0x0000000008009a9c       0x40 Middlewares/Third_Party/FreeRTOS/Source/tasks.o
 .text.xTaskGetSchedulerState
                0x0000000008009adc       0x3c Middlewares/Third_Party/FreeRTOS/Source/tasks.o
                0x0000000008009adc                xTaskGetSchedulerState
 .text.xTaskPriorityDisinherit
                0x0000000008009b18       0xd8 Middlewares/Third_Party/FreeRTOS/Source/tasks.o
                0x0000000008009b18                xTaskPriorityDisinherit
 .text.prvAddCurrentTaskToDelayedList
                0x0000000008009bf0       0xa8 Middlewares/Third_Party/FreeRTOS/Source/tasks.o
 .text.xTimerCreateTimerTask
                0x0000000008009c98       0x90 Middlewares/Third_Party/FreeRTOS/Source/timers.o
                0x0000000008009c98                xTimerCreateTimerTask
 .text.xTimerGenericCommand
                0x0000000008009d28       0x98 Middlewares/Third_Party/FreeRTOS/Source/timers.o
                0x0000000008009d28                xTimerGenericCommand
 .text.prvProcessExpiredTimer
                0x0000000008009dc0       0x98 Middlewares/Third_Party/FreeRTOS/Source/timers.o
 .text.prvTimerTask
                0x0000000008009e58       0x24 Middlewares/Third_Party/FreeRTOS/Source/timers.o
 .text.prvProcessTimerOrBlockTask
                0x0000000008009e7c       0x9c Middlewares/Third_Party/FreeRTOS/Source/timers.o
 .text.prvGetNextExpireTime
                0x0000000008009f18       0x48 Middlewares/Third_Party/FreeRTOS/Source/timers.o
 .text.prvSampleTimeNow
                0x0000000008009f60       0x40 Middlewares/Third_Party/FreeRTOS/Source/timers.o
 .text.prvInsertTimerInActiveList
                0x0000000008009fa0       0x84 Middlewares/Third_Party/FreeRTOS/Source/timers.o
 .text.prvProcessReceivedCommands
                0x000000000800a024      0x1b8 Middlewares/Third_Party/FreeRTOS/Source/timers.o
 .text.prvSwitchTimerLists
                0x000000000800a1dc       0xc8 Middlewares/Third_Party/FreeRTOS/Source/timers.o
 .text.prvCheckForValidListAndQueue
                0x000000000800a2a4       0x80 Middlewares/Third_Party/FreeRTOS/Source/timers.o
 .text.pxPortInitialiseStack
                0x000000000800a324       0x68 Middlewares/Third_Party/FreeRTOS/Source/portable/GCC/ARM_CM4F/port.o
                0x000000000800a324                pxPortInitialiseStack
 .text.prvTaskExitError
                0x000000000800a38c       0x54 Middlewares/Third_Party/FreeRTOS/Source/portable/GCC/ARM_CM4F/port.o
 .text.SVC_Handler
                0x000000000800a3e0       0x28 Middlewares/Third_Party/FreeRTOS/Source/portable/GCC/ARM_CM4F/port.o
                0x000000000800a3e0                SVC_Handler
 .text.prvPortStartFirstTask
                0x000000000800a408       0x28 Middlewares/Third_Party/FreeRTOS/Source/portable/GCC/ARM_CM4F/port.o
 .text.xPortStartScheduler
                0x000000000800a430      0x13c Middlewares/Third_Party/FreeRTOS/Source/portable/GCC/ARM_CM4F/port.o
                0x000000000800a430                xPortStartScheduler
 .text.vPortEnterCritical
                0x000000000800a56c       0x5c Middlewares/Third_Party/FreeRTOS/Source/portable/GCC/ARM_CM4F/port.o
                0x000000000800a56c                vPortEnterCritical
 .text.vPortExitCritical
                0x000000000800a5c8       0x50 Middlewares/Third_Party/FreeRTOS/Source/portable/GCC/ARM_CM4F/port.o
                0x000000000800a5c8                vPortExitCritical
 *fill*         0x000000000800a618        0x8 
 .text.PendSV_Handler
                0x000000000800a620       0x68 Middlewares/Third_Party/FreeRTOS/Source/portable/GCC/ARM_CM4F/port.o
                0x000000000800a620                PendSV_Handler
 .text.SysTick_Handler
                0x000000000800a688       0x40 Middlewares/Third_Party/FreeRTOS/Source/portable/GCC/ARM_CM4F/port.o
                0x000000000800a688                SysTick_Handler
 .text.vPortSetupTimerInterrupt
                0x000000000800a6c8       0x48 Middlewares/Third_Party/FreeRTOS/Source/portable/GCC/ARM_CM4F/port.o
                0x000000000800a6c8                vPortSetupTimerInterrupt
 .text.vPortEnableVFP
                0x000000000800a710       0x14 Middlewares/Third_Party/FreeRTOS/Source/portable/GCC/ARM_CM4F/port.o
 .text.vPortValidateInterruptPriority
                0x000000000800a724       0x7c Middlewares/Third_Party/FreeRTOS/Source/portable/GCC/ARM_CM4F/port.o
                0x000000000800a724                vPortValidateInterruptPriority
 .text.pvPortMalloc
                0x000000000800a7a0      0x184 Middlewares/Third_Party/FreeRTOS/Source/portable/MemMang/heap_4.o
                0x000000000800a7a0                pvPortMalloc
 .text.vPortFree
                0x000000000800a924       0xb0 Middlewares/Third_Party/FreeRTOS/Source/portable/MemMang/heap_4.o
                0x000000000800a924                vPortFree
 .text.prvHeapInit
                0x000000000800a9d4       0xc4 Middlewares/Third_Party/FreeRTOS/Source/portable/MemMang/heap_4.o
 .text.prvInsertBlockIntoFreeList
                0x000000000800aa98       0xb4 Middlewares/Third_Party/FreeRTOS/Source/portable/MemMang/heap_4.o
 .text.MX_USB_HOST_Init
                0x000000000800ab4c       0x4c USB_HOST/App/usb_host.o
                0x000000000800ab4c                MX_USB_HOST_Init
 .text.USBH_UserProcess
                0x000000000800ab98       0x5c USB_HOST/App/usb_host.o
 .text.HAL_HCD_MspInit
                0x000000000800abf4       0xc4 USB_HOST/Target/usbh_conf.o
                0x000000000800abf4                HAL_HCD_MspInit
 .text.HAL_HCD_SOF_Callback
                0x000000000800acb8       0x1c USB_HOST/Target/usbh_conf.o
                0x000000000800acb8                HAL_HCD_SOF_Callback
 .text.HAL_HCD_Connect_Callback
                0x000000000800acd4       0x1c USB_HOST/Target/usbh_conf.o
                0x000000000800acd4                HAL_HCD_Connect_Callback
 .text.HAL_HCD_Disconnect_Callback
                0x000000000800acf0       0x1c USB_HOST/Target/usbh_conf.o
                0x000000000800acf0                HAL_HCD_Disconnect_Callback
 .text.HAL_HCD_HC_NotifyURBChange_Callback
                0x000000000800ad0c       0x24 USB_HOST/Target/usbh_conf.o
                0x000000000800ad0c                HAL_HCD_HC_NotifyURBChange_Callback
 .text.HAL_HCD_PortEnabled_Callback
                0x000000000800ad30       0x1c USB_HOST/Target/usbh_conf.o
                0x000000000800ad30                HAL_HCD_PortEnabled_Callback
 .text.HAL_HCD_PortDisabled_Callback
                0x000000000800ad4c       0x1c USB_HOST/Target/usbh_conf.o
                0x000000000800ad4c                HAL_HCD_PortDisabled_Callback
 .text.USBH_LL_Init
                0x000000000800ad68       0x78 USB_HOST/Target/usbh_conf.o
                0x000000000800ad68                USBH_LL_Init
 .text.USBH_LL_Start
                0x000000000800ade0       0x36 USB_HOST/Target/usbh_conf.o
                0x000000000800ade0                USBH_LL_Start
 .text.USBH_LL_Stop
                0x000000000800ae16       0x36 USB_HOST/Target/usbh_conf.o
                0x000000000800ae16                USBH_LL_Stop
 .text.USBH_LL_GetSpeed
                0x000000000800ae4c       0x4a USB_HOST/Target/usbh_conf.o
                0x000000000800ae4c                USBH_LL_GetSpeed
 .text.USBH_LL_ResetPort
                0x000000000800ae96       0x36 USB_HOST/Target/usbh_conf.o
                0x000000000800ae96                USBH_LL_ResetPort
 .text.USBH_LL_GetLastXferSize
                0x000000000800aecc       0x26 USB_HOST/Target/usbh_conf.o
                0x000000000800aecc                USBH_LL_GetLastXferSize
 .text.USBH_LL_OpenPipe
                0x000000000800aef2       0x5e USB_HOST/Target/usbh_conf.o
                0x000000000800aef2                USBH_LL_OpenPipe
 .text.USBH_LL_ClosePipe
                0x000000000800af50       0x3e USB_HOST/Target/usbh_conf.o
                0x000000000800af50                USBH_LL_ClosePipe
 .text.USBH_LL_SubmitURB
                0x000000000800af8e       0x62 USB_HOST/Target/usbh_conf.o
                0x000000000800af8e                USBH_LL_SubmitURB
 .text.USBH_LL_GetURBState
                0x000000000800aff0       0x26 USB_HOST/Target/usbh_conf.o
                0x000000000800aff0                USBH_LL_GetURBState
 .text.USBH_LL_DriverVBUS
                0x000000000800b016       0x2e USB_HOST/Target/usbh_conf.o
                0x000000000800b016                USBH_LL_DriverVBUS
 .text.USBH_LL_SetToggle
                0x000000000800b044       0x66 USB_HOST/Target/usbh_conf.o
                0x000000000800b044                USBH_LL_SetToggle
 .text.USBH_Delay
                0x000000000800b0aa       0x16 USB_HOST/Target/usbh_conf.o
                0x000000000800b0aa                USBH_Delay
 .text.USBH_Get_USB_Status
                0x000000000800b0c0       0x58 USB_HOST/Target/usbh_conf.o
                0x000000000800b0c0                USBH_Get_USB_Status
 .text.MX_DriverVbusFS
                0x000000000800b118       0x38 USB_HOST/Target/usbh_platform.o
                0x000000000800b118                MX_DriverVbusFS
 .text.__errno  0x000000000800b150        0xc /home/odemki/Programs/programs/STM32IDE/1/en.en-st-stm32cubeide_1-5-0_8698_20201117_1050_amd64_sh/makeself_dir_5QpOGP/y/plugins/com.st.stm32cube.ide.mcu.externaltools.gnu-tools-for-stm32.7-2018-q2-update.linux64_1.5.0.202011040924/tools/bin/../lib/gcc/arm-none-eabi/7.3.1/../../../../arm-none-eabi/lib/thumb/v7e-m/fpv4-sp/hard/libc_nano.a(lib_a-errno.o)
                0x000000000800b150                __errno
 .text.__libc_init_array
                0x000000000800b15c       0x48 /home/odemki/Programs/programs/STM32IDE/1/en.en-st-stm32cubeide_1-5-0_8698_20201117_1050_amd64_sh/makeself_dir_5QpOGP/y/plugins/com.st.stm32cube.ide.mcu.externaltools.gnu-tools-for-stm32.7-2018-q2-update.linux64_1.5.0.202011040924/tools/bin/../lib/gcc/arm-none-eabi/7.3.1/../../../../arm-none-eabi/lib/thumb/v7e-m/fpv4-sp/hard/libc_nano.a(lib_a-init.o)
                0x000000000800b15c                __libc_init_array
 .text.malloc   0x000000000800b1a4       0x10 /home/odemki/Programs/programs/STM32IDE/1/en.en-st-stm32cubeide_1-5-0_8698_20201117_1050_amd64_sh/makeself_dir_5QpOGP/y/plugins/com.st.stm32cube.ide.mcu.externaltools.gnu-tools-for-stm32.7-2018-q2-update.linux64_1.5.0.202011040924/tools/bin/../lib/gcc/arm-none-eabi/7.3.1/../../../../arm-none-eabi/lib/thumb/v7e-m/fpv4-sp/hard/libc_nano.a(lib_a-malloc.o)
                0x000000000800b1a4                malloc
 .text.free     0x000000000800b1b4       0x10 /home/odemki/Programs/programs/STM32IDE/1/en.en-st-stm32cubeide_1-5-0_8698_20201117_1050_amd64_sh/makeself_dir_5QpOGP/y/plugins/com.st.stm32cube.ide.mcu.externaltools.gnu-tools-for-stm32.7-2018-q2-update.linux64_1.5.0.202011040924/tools/bin/../lib/gcc/arm-none-eabi/7.3.1/../../../../arm-none-eabi/lib/thumb/v7e-m/fpv4-sp/hard/libc_nano.a(lib_a-malloc.o)
                0x000000000800b1b4                free
 .text.memcpy   0x000000000800b1c4       0x16 /home/odemki/Programs/programs/STM32IDE/1/en.en-st-stm32cubeide_1-5-0_8698_20201117_1050_amd64_sh/makeself_dir_5QpOGP/y/plugins/com.st.stm32cube.ide.mcu.externaltools.gnu-tools-for-stm32.7-2018-q2-update.linux64_1.5.0.202011040924/tools/bin/../lib/gcc/arm-none-eabi/7.3.1/../../../../arm-none-eabi/lib/thumb/v7e-m/fpv4-sp/hard/libc_nano.a(lib_a-memcpy-stub.o)
                0x000000000800b1c4                memcpy
 .text.memset   0x000000000800b1da       0x10 /home/odemki/Programs/programs/STM32IDE/1/en.en-st-stm32cubeide_1-5-0_8698_20201117_1050_amd64_sh/makeself_dir_5QpOGP/y/plugins/com.st.stm32cube.ide.mcu.externaltools.gnu-tools-for-stm32.7-2018-q2-update.linux64_1.5.0.202011040924/tools/bin/../lib/gcc/arm-none-eabi/7.3.1/../../../../arm-none-eabi/lib/thumb/v7e-m/fpv4-sp/hard/libc_nano.a(lib_a-memset.o)
                0x000000000800b1da                memset
 *fill*         0x000000000800b1ea        0x2 
 .text._free_r  0x000000000800b1ec       0x9c /home/odemki/Programs/programs/STM32IDE/1/en.en-st-stm32cubeide_1-5-0_8698_20201117_1050_amd64_sh/makeself_dir_5QpOGP/y/plugins/com.st.stm32cube.ide.mcu.externaltools.gnu-tools-for-stm32.7-2018-q2-update.linux64_1.5.0.202011040924/tools/bin/../lib/gcc/arm-none-eabi/7.3.1/../../../../arm-none-eabi/lib/thumb/v7e-m/fpv4-sp/hard/libc_nano.a(lib_a-nano-freer.o)
                0x000000000800b1ec                _free_r
 .text._malloc_r
                0x000000000800b288       0xb4 /home/odemki/Programs/programs/STM32IDE/1/en.en-st-stm32cubeide_1-5-0_8698_20201117_1050_amd64_sh/makeself_dir_5QpOGP/y/plugins/com.st.stm32cube.ide.mcu.externaltools.gnu-tools-for-stm32.7-2018-q2-update.linux64_1.5.0.202011040924/tools/bin/../lib/gcc/arm-none-eabi/7.3.1/../../../../arm-none-eabi/lib/thumb/v7e-m/fpv4-sp/hard/libc_nano.a(lib_a-nano-mallocr.o)
                0x000000000800b288                _malloc_r
 .text._sbrk_r  0x000000000800b33c       0x20 /home/odemki/Programs/programs/STM32IDE/1/en.en-st-stm32cubeide_1-5-0_8698_20201117_1050_amd64_sh/makeself_dir_5QpOGP/y/plugins/com.st.stm32cube.ide.mcu.externaltools.gnu-tools-for-stm32.7-2018-q2-update.linux64_1.5.0.202011040924/tools/bin/../lib/gcc/arm-none-eabi/7.3.1/../../../../arm-none-eabi/lib/thumb/v7e-m/fpv4-sp/hard/libc_nano.a(lib_a-sbrkr.o)
                0x000000000800b33c                _sbrk_r
 .text.__malloc_lock
                0x000000000800b35c        0x2 /home/odemki/Programs/programs/STM32IDE/1/en.en-st-stm32cubeide_1-5-0_8698_20201117_1050_amd64_sh/makeself_dir_5QpOGP/y/plugins/com.st.stm32cube.ide.mcu.externaltools.gnu-tools-for-stm32.7-2018-q2-update.linux64_1.5.0.202011040924/tools/bin/../lib/gcc/arm-none-eabi/7.3.1/../../../../arm-none-eabi/lib/thumb/v7e-m/fpv4-sp/hard/libc_nano.a(lib_a-mlock.o)
                0x000000000800b35c                __malloc_lock
 .text.__malloc_unlock
                0x000000000800b35e        0x2 /home/odemki/Programs/programs/STM32IDE/1/en.en-st-stm32cubeide_1-5-0_8698_20201117_1050_amd64_sh/makeself_dir_5QpOGP/y/plugins/com.st.stm32cube.ide.mcu.externaltools.gnu-tools-for-stm32.7-2018-q2-update.linux64_1.5.0.202011040924/tools/bin/../lib/gcc/arm-none-eabi/7.3.1/../../../../arm-none-eabi/lib/thumb/v7e-m/fpv4-sp/hard/libc_nano.a(lib_a-mlock.o)
                0x000000000800b35e                __malloc_unlock
 *(.glue_7)
 .glue_7        0x000000000800b360        0x0 linker stubs
 *(.glue_7t)
 .glue_7t       0x000000000800b360        0x0 linker stubs
 *(.eh_frame)
 .eh_frame      0x000000000800b360        0x0 /home/odemki/Programs/programs/STM32IDE/1/en.en-st-stm32cubeide_1-5-0_8698_20201117_1050_amd64_sh/makeself_dir_5QpOGP/y/plugins/com.st.stm32cube.ide.mcu.externaltools.gnu-tools-for-stm32.7-2018-q2-update.linux64_1.5.0.202011040924/tools/bin/../lib/gcc/arm-none-eabi/7.3.1/thumb/v7e-m/fpv4-sp/hard/crtbegin.o
 *(.init)
 .init          0x000000000800b360        0x4 /home/odemki/Programs/programs/STM32IDE/1/en.en-st-stm32cubeide_1-5-0_8698_20201117_1050_amd64_sh/makeself_dir_5QpOGP/y/plugins/com.st.stm32cube.ide.mcu.externaltools.gnu-tools-for-stm32.7-2018-q2-update.linux64_1.5.0.202011040924/tools/bin/../lib/gcc/arm-none-eabi/7.3.1/thumb/v7e-m/fpv4-sp/hard/crti.o
                0x000000000800b360                _init
 .init          0x000000000800b364        0x8 /home/odemki/Programs/programs/STM32IDE/1/en.en-st-stm32cubeide_1-5-0_8698_20201117_1050_amd64_sh/makeself_dir_5QpOGP/y/plugins/com.st.stm32cube.ide.mcu.externaltools.gnu-tools-for-stm32.7-2018-q2-update.linux64_1.5.0.202011040924/tools/bin/../lib/gcc/arm-none-eabi/7.3.1/thumb/v7e-m/fpv4-sp/hard/crtn.o
 *(.fini)
 .fini          0x000000000800b36c        0x4 /home/odemki/Programs/programs/STM32IDE/1/en.en-st-stm32cubeide_1-5-0_8698_20201117_1050_amd64_sh/makeself_dir_5QpOGP/y/plugins/com.st.stm32cube.ide.mcu.externaltools.gnu-tools-for-stm32.7-2018-q2-update.linux64_1.5.0.202011040924/tools/bin/../lib/gcc/arm-none-eabi/7.3.1/thumb/v7e-m/fpv4-sp/hard/crti.o
                0x000000000800b36c                _fini
 .fini          0x000000000800b370        0x8 /home/odemki/Programs/programs/STM32IDE/1/en.en-st-stm32cubeide_1-5-0_8698_20201117_1050_amd64_sh/makeself_dir_5QpOGP/y/plugins/com.st.stm32cube.ide.mcu.externaltools.gnu-tools-for-stm32.7-2018-q2-update.linux64_1.5.0.202011040924/tools/bin/../lib/gcc/arm-none-eabi/7.3.1/thumb/v7e-m/fpv4-sp/hard/crtn.o
                0x000000000800b378                . = ALIGN (0x4)
                0x000000000800b378                _etext = .

.vfp11_veneer   0x000000000800b378        0x0
 .vfp11_veneer  0x000000000800b378        0x0 linker stubs

.v4_bx          0x000000000800b378        0x0
 .v4_bx         0x000000000800b378        0x0 linker stubs

.iplt           0x000000000800b378        0x0
 .iplt          0x000000000800b378        0x0 /home/odemki/Programs/programs/STM32IDE/1/en.en-st-stm32cubeide_1-5-0_8698_20201117_1050_amd64_sh/makeself_dir_5QpOGP/y/plugins/com.st.stm32cube.ide.mcu.externaltools.gnu-tools-for-stm32.7-2018-q2-update.linux64_1.5.0.202011040924/tools/bin/../lib/gcc/arm-none-eabi/7.3.1/thumb/v7e-m/fpv4-sp/hard/crtbegin.o

.rodata         0x000000000800b378      0x100
                0x000000000800b378                . = ALIGN (0x4)
 *(.rodata)
 .rodata        0x000000000800b378       0x30 Core/Src/main.o
 .rodata        0x000000000800b3a8        0x4 Middlewares/ST/STM32_USB_Host_Library/Class/CDC/Src/usbh_cdc.o
 .rodata        0x000000000800b3ac        0xb Middlewares/ST/STM32_USB_Host_Library/Core/Src/usbh_core.o
 *fill*         0x000000000800b3b7        0x1 
 .rodata        0x000000000800b3b8        0x5 Middlewares/Third_Party/FreeRTOS/Source/tasks.o
 *fill*         0x000000000800b3bd        0x3 
 .rodata        0x000000000800b3c0        0xd Middlewares/Third_Party/FreeRTOS/Source/timers.o
 *(.rodata*)
 *fill*         0x000000000800b3cd        0x3 
 .rodata.defaultTask_attributes
                0x000000000800b3d0       0x24 Core/Src/main.o
                0x000000000800b3d0                defaultTask_attributes
 .rodata.LED_2_Task_attributes
                0x000000000800b3f4       0x24 Core/Src/main.o
                0x000000000800b3f4                LED_2_Task_attributes
 .rodata.LED_1_Task_attributes
                0x000000000800b418       0x24 Core/Src/main.o
                0x000000000800b418                LED_1_Task_attributes
 .rodata.Button_Task_attributes
                0x000000000800b43c       0x24 Core/Src/main.o
                0x000000000800b43c                Button_Task_attributes
 .rodata.AHBPrescTable
                0x000000000800b460       0x10 Core/Src/system_stm32f4xx.o
                0x000000000800b460                AHBPrescTable
 .rodata.APBPrescTable
                0x000000000800b470        0x8 Core/Src/system_stm32f4xx.o
                0x000000000800b470                APBPrescTable
                0x000000000800b478                . = ALIGN (0x4)

.ARM.extab      0x000000000800b478        0x0
                0x000000000800b478                . = ALIGN (0x4)
 *(.ARM.extab* .gnu.linkonce.armextab.*)
                0x000000000800b478                . = ALIGN (0x4)

.ARM            0x000000000800b478        0x8
                0x000000000800b478                . = ALIGN (0x4)
                0x000000000800b478                __exidx_start = .
 *(.ARM.exidx*)
 .ARM.exidx     0x000000000800b478        0x8 /home/odemki/Programs/programs/STM32IDE/1/en.en-st-stm32cubeide_1-5-0_8698_20201117_1050_amd64_sh/makeself_dir_5QpOGP/y/plugins/com.st.stm32cube.ide.mcu.externaltools.gnu-tools-for-stm32.7-2018-q2-update.linux64_1.5.0.202011040924/tools/bin/../lib/gcc/arm-none-eabi/7.3.1/thumb/v7e-m/fpv4-sp/hard/libgcc.a(_udivmoddi4.o)
                0x000000000800b480                __exidx_end = .
                0x000000000800b480                . = ALIGN (0x4)

.rel.dyn        0x000000000800b480        0x0
 .rel.iplt      0x000000000800b480        0x0 /home/odemki/Programs/programs/STM32IDE/1/en.en-st-stm32cubeide_1-5-0_8698_20201117_1050_amd64_sh/makeself_dir_5QpOGP/y/plugins/com.st.stm32cube.ide.mcu.externaltools.gnu-tools-for-stm32.7-2018-q2-update.linux64_1.5.0.202011040924/tools/bin/../lib/gcc/arm-none-eabi/7.3.1/thumb/v7e-m/fpv4-sp/hard/crtbegin.o

.preinit_array  0x000000000800b480        0x0
                0x000000000800b480                . = ALIGN (0x4)
                0x000000000800b480                PROVIDE (__preinit_array_start = .)
 *(.preinit_array*)
                0x000000000800b480                PROVIDE (__preinit_array_end = .)
                0x000000000800b480                . = ALIGN (0x4)

.init_array     0x000000000800b480        0x4
                0x000000000800b480                . = ALIGN (0x4)
                0x000000000800b480                PROVIDE (__init_array_start = .)
 *(SORT_BY_NAME(.init_array.*))
 *(.init_array*)
 .init_array    0x000000000800b480        0x4 /home/odemki/Programs/programs/STM32IDE/1/en.en-st-stm32cubeide_1-5-0_8698_20201117_1050_amd64_sh/makeself_dir_5QpOGP/y/plugins/com.st.stm32cube.ide.mcu.externaltools.gnu-tools-for-stm32.7-2018-q2-update.linux64_1.5.0.202011040924/tools/bin/../lib/gcc/arm-none-eabi/7.3.1/thumb/v7e-m/fpv4-sp/hard/crtbegin.o
                0x000000000800b484                PROVIDE (__init_array_end = .)
                0x000000000800b484                . = ALIGN (0x4)

.fini_array     0x000000000800b484        0x4
                0x000000000800b484                . = ALIGN (0x4)
                [!provide]                        PROVIDE (__fini_array_start = .)
 *(SORT_BY_NAME(.fini_array.*))
 *(.fini_array*)
 .fini_array    0x000000000800b484        0x4 /home/odemki/Programs/programs/STM32IDE/1/en.en-st-stm32cubeide_1-5-0_8698_20201117_1050_amd64_sh/makeself_dir_5QpOGP/y/plugins/com.st.stm32cube.ide.mcu.externaltools.gnu-tools-for-stm32.7-2018-q2-update.linux64_1.5.0.202011040924/tools/bin/../lib/gcc/arm-none-eabi/7.3.1/thumb/v7e-m/fpv4-sp/hard/crtbegin.o
                [!provide]                        PROVIDE (__fini_array_end = .)
                0x000000000800b488                . = ALIGN (0x4)
                0x000000000800b488                _sidata = LOADADDR (.data)

.data           0x0000000020000000       0x94 load address 0x000000000800b488
                0x0000000020000000                . = ALIGN (0x4)
                0x0000000020000000                _sdata = .
 *(.data)
 *(.data*)
 .data.SystemCoreClock
                0x0000000020000000        0x4 Core/Src/system_stm32f4xx.o
                0x0000000020000000                SystemCoreClock
 .data.uwTickPrio
                0x0000000020000004        0x4 Drivers/STM32F4xx_HAL_Driver/Src/stm32f4xx_hal.o
                0x0000000020000004                uwTickPrio
 .data.uwTickFreq
                0x0000000020000008        0x1 Drivers/STM32F4xx_HAL_Driver/Src/stm32f4xx_hal.o
                0x0000000020000008                uwTickFreq
 *fill*         0x0000000020000009        0x3 
 .data.CDC_Class
                0x000000002000000c       0x20 Middlewares/ST/STM32_USB_Host_Library/Class/CDC/Src/usbh_cdc.o
                0x000000002000000c                CDC_Class
 .data.uxCriticalNesting
                0x000000002000002c        0x4 Middlewares/Third_Party/FreeRTOS/Source/portable/GCC/ARM_CM4F/port.o
 .data._impure_ptr
                0x0000000020000030        0x4 /home/odemki/Programs/programs/STM32IDE/1/en.en-st-stm32cubeide_1-5-0_8698_20201117_1050_amd64_sh/makeself_dir_5QpOGP/y/plugins/com.st.stm32cube.ide.mcu.externaltools.gnu-tools-for-stm32.7-2018-q2-update.linux64_1.5.0.202011040924/tools/bin/../lib/gcc/arm-none-eabi/7.3.1/../../../../arm-none-eabi/lib/thumb/v7e-m/fpv4-sp/hard/libc_nano.a(lib_a-impure.o)
                0x0000000020000030                _impure_ptr
 .data.impure_data
                0x0000000020000034       0x60 /home/odemki/Programs/programs/STM32IDE/1/en.en-st-stm32cubeide_1-5-0_8698_20201117_1050_amd64_sh/makeself_dir_5QpOGP/y/plugins/com.st.stm32cube.ide.mcu.externaltools.gnu-tools-for-stm32.7-2018-q2-update.linux64_1.5.0.202011040924/tools/bin/../lib/gcc/arm-none-eabi/7.3.1/../../../../arm-none-eabi/lib/thumb/v7e-m/fpv4-sp/hard/libc_nano.a(lib_a-impure.o)
 *(.RamFunc)
 *(.RamFunc*)
                0x0000000020000094                . = ALIGN (0x4)
                0x0000000020000094                _edata = .

.igot.plt       0x0000000020000094        0x0 load address 0x000000000800b51c
 .igot.plt      0x0000000020000094        0x0 /home/odemki/Programs/programs/STM32IDE/1/en.en-st-stm32cubeide_1-5-0_8698_20201117_1050_amd64_sh/makeself_dir_5QpOGP/y/plugins/com.st.stm32cube.ide.mcu.externaltools.gnu-tools-for-stm32.7-2018-q2-update.linux64_1.5.0.202011040924/tools/bin/../lib/gcc/arm-none-eabi/7.3.1/thumb/v7e-m/fpv4-sp/hard/crtbegin.o
                0x0000000020000094                . = ALIGN (0x4)

.bss            0x0000000020000094     0x5190 load address 0x000000000800b51c
                0x0000000020000094                _sbss = .
                0x0000000020000094                __bss_start__ = _sbss
 *(.bss)
 .bss           0x0000000020000094       0x1c /home/odemki/Programs/programs/STM32IDE/1/en.en-st-stm32cubeide_1-5-0_8698_20201117_1050_amd64_sh/makeself_dir_5QpOGP/y/plugins/com.st.stm32cube.ide.mcu.externaltools.gnu-tools-for-stm32.7-2018-q2-update.linux64_1.5.0.202011040924/tools/bin/../lib/gcc/arm-none-eabi/7.3.1/thumb/v7e-m/fpv4-sp/hard/crtbegin.o
 *(.bss*)
 .bss.__sbrk_heap_end
                0x00000000200000b0        0x4 Core/Src/sysmem.o
 .bss.tmpreg.8930
                0x00000000200000b4        0x4 Drivers/STM32F4xx_HAL_Driver/Src/stm32f4xx_ll_usb.o
 .bss.KernelState
                0x00000000200000b8        0x4 Middlewares/Third_Party/FreeRTOS/Source/CMSIS_RTOS_V2/cmsis_os2.o
 .bss.Idle_TCB  0x00000000200000bc       0x5c Middlewares/Third_Party/FreeRTOS/Source/CMSIS_RTOS_V2/cmsis_os2.o
 .bss.Idle_Stack
                0x0000000020000118      0x200 Middlewares/Third_Party/FreeRTOS/Source/CMSIS_RTOS_V2/cmsis_os2.o
 .bss.Timer_TCB
                0x0000000020000318       0x5c Middlewares/Third_Party/FreeRTOS/Source/CMSIS_RTOS_V2/cmsis_os2.o
 .bss.Timer_Stack
                0x0000000020000374      0x400 Middlewares/Third_Party/FreeRTOS/Source/CMSIS_RTOS_V2/cmsis_os2.o
 .bss.pxCurrentTCB
                0x0000000020000774        0x4 Middlewares/Third_Party/FreeRTOS/Source/tasks.o
                0x0000000020000774                pxCurrentTCB
 .bss.pxReadyTasksLists
                0x0000000020000778      0x460 Middlewares/Third_Party/FreeRTOS/Source/tasks.o
 .bss.xDelayedTaskList1
                0x0000000020000bd8       0x14 Middlewares/Third_Party/FreeRTOS/Source/tasks.o
 .bss.xDelayedTaskList2
                0x0000000020000bec       0x14 Middlewares/Third_Party/FreeRTOS/Source/tasks.o
 .bss.pxDelayedTaskList
                0x0000000020000c00        0x4 Middlewares/Third_Party/FreeRTOS/Source/tasks.o
 .bss.pxOverflowDelayedTaskList
                0x0000000020000c04        0x4 Middlewares/Third_Party/FreeRTOS/Source/tasks.o
 .bss.xPendingReadyList
                0x0000000020000c08       0x14 Middlewares/Third_Party/FreeRTOS/Source/tasks.o
 .bss.xTasksWaitingTermination
                0x0000000020000c1c       0x14 Middlewares/Third_Party/FreeRTOS/Source/tasks.o
 .bss.uxDeletedTasksWaitingCleanUp
                0x0000000020000c30        0x4 Middlewares/Third_Party/FreeRTOS/Source/tasks.o
 .bss.xSuspendedTaskList
                0x0000000020000c34       0x14 Middlewares/Third_Party/FreeRTOS/Source/tasks.o
 .bss.uxCurrentNumberOfTasks
                0x0000000020000c48        0x4 Middlewares/Third_Party/FreeRTOS/Source/tasks.o
 .bss.xTickCount
                0x0000000020000c4c        0x4 Middlewares/Third_Party/FreeRTOS/Source/tasks.o
 .bss.uxTopReadyPriority
                0x0000000020000c50        0x4 Middlewares/Third_Party/FreeRTOS/Source/tasks.o
 .bss.xSchedulerRunning
                0x0000000020000c54        0x4 Middlewares/Third_Party/FreeRTOS/Source/tasks.o
 .bss.uxPendedTicks
                0x0000000020000c58        0x4 Middlewares/Third_Party/FreeRTOS/Source/tasks.o
 .bss.xYieldPending
                0x0000000020000c5c        0x4 Middlewares/Third_Party/FreeRTOS/Source/tasks.o
 .bss.xNumOfOverflows
                0x0000000020000c60        0x4 Middlewares/Third_Party/FreeRTOS/Source/tasks.o
 .bss.uxTaskNumber
                0x0000000020000c64        0x4 Middlewares/Third_Party/FreeRTOS/Source/tasks.o
 .bss.xNextTaskUnblockTime
                0x0000000020000c68        0x4 Middlewares/Third_Party/FreeRTOS/Source/tasks.o
 .bss.xIdleTaskHandle
                0x0000000020000c6c        0x4 Middlewares/Third_Party/FreeRTOS/Source/tasks.o
 .bss.uxSchedulerSuspended
                0x0000000020000c70        0x4 Middlewares/Third_Party/FreeRTOS/Source/tasks.o
 .bss.xActiveTimerList1
                0x0000000020000c74       0x14 Middlewares/Third_Party/FreeRTOS/Source/timers.o
 .bss.xActiveTimerList2
                0x0000000020000c88       0x14 Middlewares/Third_Party/FreeRTOS/Source/timers.o
 .bss.pxCurrentTimerList
                0x0000000020000c9c        0x4 Middlewares/Third_Party/FreeRTOS/Source/timers.o
 .bss.pxOverflowTimerList
                0x0000000020000ca0        0x4 Middlewares/Third_Party/FreeRTOS/Source/timers.o
 .bss.xTimerQueue
                0x0000000020000ca4        0x4 Middlewares/Third_Party/FreeRTOS/Source/timers.o
 .bss.xTimerTaskHandle
                0x0000000020000ca8        0x4 Middlewares/Third_Party/FreeRTOS/Source/timers.o
 .bss.xLastTime.6741
                0x0000000020000cac        0x4 Middlewares/Third_Party/FreeRTOS/Source/timers.o
 .bss.ucStaticTimerQueueStorage.6792
                0x0000000020000cb0       0xa0 Middlewares/Third_Party/FreeRTOS/Source/timers.o
 .bss.xStaticTimerQueue.6791
                0x0000000020000d50       0x50 Middlewares/Third_Party/FreeRTOS/Source/timers.o
 .bss.ucMaxSysCallPriority
                0x0000000020000da0        0x1 Middlewares/Third_Party/FreeRTOS/Source/portable/GCC/ARM_CM4F/port.o
 *fill*         0x0000000020000da1        0x3 
 .bss.ulMaxPRIGROUPValue
                0x0000000020000da4        0x4 Middlewares/Third_Party/FreeRTOS/Source/portable/GCC/ARM_CM4F/port.o
 .bss.ucHeap    0x0000000020000da8     0x3c00 Middlewares/Third_Party/FreeRTOS/Source/portable/MemMang/heap_4.o
 .bss.xStart    0x00000000200049a8        0x8 Middlewares/Third_Party/FreeRTOS/Source/portable/MemMang/heap_4.o
 .bss.pxEnd     0x00000000200049b0        0x4 Middlewares/Third_Party/FreeRTOS/Source/portable/MemMang/heap_4.o
 .bss.xFreeBytesRemaining
                0x00000000200049b4        0x4 Middlewares/Third_Party/FreeRTOS/Source/portable/MemMang/heap_4.o
 .bss.xMinimumEverFreeBytesRemaining
                0x00000000200049b8        0x4 Middlewares/Third_Party/FreeRTOS/Source/portable/MemMang/heap_4.o
 .bss.xBlockAllocatedBit
                0x00000000200049bc        0x4 Middlewares/Third_Party/FreeRTOS/Source/portable/MemMang/heap_4.o
 .bss.Appli_state
                0x00000000200049c0        0x1 USB_HOST/App/usb_host.o
                0x00000000200049c0                Appli_state
 *fill*         0x00000000200049c1        0x3 
 .bss.__malloc_free_list
                0x00000000200049c4        0x4 /home/odemki/Programs/programs/STM32IDE/1/en.en-st-stm32cubeide_1-5-0_8698_20201117_1050_amd64_sh/makeself_dir_5QpOGP/y/plugins/com.st.stm32cube.ide.mcu.externaltools.gnu-tools-for-stm32.7-2018-q2-update.linux64_1.5.0.202011040924/tools/bin/../lib/gcc/arm-none-eabi/7.3.1/../../../../arm-none-eabi/lib/thumb/v7e-m/fpv4-sp/hard/libc_nano.a(lib_a-nano-mallocr.o)
                0x00000000200049c4                __malloc_free_list
 .bss.__malloc_sbrk_start
                0x00000000200049c8        0x4 /home/odemki/Programs/programs/STM32IDE/1/en.en-st-stm32cubeide_1-5-0_8698_20201117_1050_amd64_sh/makeself_dir_5QpOGP/y/plugins/com.st.stm32cube.ide.mcu.externaltools.gnu-tools-for-stm32.7-2018-q2-update.linux64_1.5.0.202011040924/tools/bin/../lib/gcc/arm-none-eabi/7.3.1/../../../../arm-none-eabi/lib/thumb/v7e-m/fpv4-sp/hard/libc_nano.a(lib_a-nano-mallocr.o)
                0x00000000200049c8                __malloc_sbrk_start
 *(COMMON)
 COMMON         0x00000000200049cc      0x104 Core/Src/main.o
                0x00000000200049cc                LED_2_TaskHandle
                0x00000000200049d0                defaultTaskHandle
                0x00000000200049d4                hi2c1
                0x0000000020004a28                LED_1_TaskHandle
                0x0000000020004a2c                Button_TaskHandle
                0x0000000020004a30                hspi1
                0x0000000020004a88                hi2s3
 COMMON         0x0000000020004ad0       0x40 Core/Src/stm32f4xx_hal_timebase_tim.o
                0x0000000020004ad0                htim2
 COMMON         0x0000000020004b10        0x4 Drivers/STM32F4xx_HAL_Driver/Src/stm32f4xx_hal.o
                0x0000000020004b10                uwTick
 COMMON         0x0000000020004b14       0x24 Middlewares/ST/STM32_USB_Host_Library/Core/Src/usbh_core.o
                0x0000000020004b14                USBH_Thread_Atrr
 COMMON         0x0000000020004b38       0x40 Middlewares/Third_Party/FreeRTOS/Source/queue.o
                0x0000000020004b38                xQueueRegistry
 COMMON         0x0000000020004b78      0x3e4 USB_HOST/App/usb_host.o
                0x0000000020004b78                hUsbHostFS
 COMMON         0x0000000020004f5c      0x2c4 USB_HOST/Target/usbh_conf.o
                0x0000000020004f5c                hhcd_USB_OTG_FS
 COMMON         0x0000000020005220        0x4 /home/odemki/Programs/programs/STM32IDE/1/en.en-st-stm32cubeide_1-5-0_8698_20201117_1050_amd64_sh/makeself_dir_5QpOGP/y/plugins/com.st.stm32cube.ide.mcu.externaltools.gnu-tools-for-stm32.7-2018-q2-update.linux64_1.5.0.202011040924/tools/bin/../lib/gcc/arm-none-eabi/7.3.1/../../../../arm-none-eabi/lib/thumb/v7e-m/fpv4-sp/hard/libc_nano.a(lib_a-reent.o)
                0x0000000020005220                errno
                0x0000000020005224                . = ALIGN (0x4)
                0x0000000020005224                _ebss = .
                0x0000000020005224                __bss_end__ = _ebss

._user_heap_stack
                0x0000000020005224      0x604 load address 0x000000000800b51c
                0x0000000020005228                . = ALIGN (0x8)
 *fill*         0x0000000020005224        0x4 
                [!provide]                        PROVIDE (end = .)
                0x0000000020005228                PROVIDE (_end = .)
                0x0000000020005428                . = (. + _Min_Heap_Size)
 *fill*         0x0000000020005228      0x200 
                0x0000000020005828                . = (. + _Min_Stack_Size)
 *fill*         0x0000000020005428      0x400 
                0x0000000020005828                . = ALIGN (0x8)

/DISCARD/
 libc.a(*)
 libm.a(*)
 libgcc.a(*)

.ARM.attributes
                0x0000000000000000       0x30
 *(.ARM.attributes)
 .ARM.attributes
                0x0000000000000000       0x22 /home/odemki/Programs/programs/STM32IDE/1/en.en-st-stm32cubeide_1-5-0_8698_20201117_1050_amd64_sh/makeself_dir_5QpOGP/y/plugins/com.st.stm32cube.ide.mcu.externaltools.gnu-tools-for-stm32.7-2018-q2-update.linux64_1.5.0.202011040924/tools/bin/../lib/gcc/arm-none-eabi/7.3.1/thumb/v7e-m/fpv4-sp/hard/crti.o
 .ARM.attributes
                0x0000000000000022       0x34 /home/odemki/Programs/programs/STM32IDE/1/en.en-st-stm32cubeide_1-5-0_8698_20201117_1050_amd64_sh/makeself_dir_5QpOGP/y/plugins/com.st.stm32cube.ide.mcu.externaltools.gnu-tools-for-stm32.7-2018-q2-update.linux64_1.5.0.202011040924/tools/bin/../lib/gcc/arm-none-eabi/7.3.1/thumb/v7e-m/fpv4-sp/hard/crtbegin.o
 .ARM.attributes
                0x0000000000000056       0x39 Core/Src/main.o
 .ARM.attributes
                0x000000000000008f       0x39 Core/Src/stm32f4xx_hal_msp.o
 .ARM.attributes
                0x00000000000000c8       0x39 Core/Src/stm32f4xx_hal_timebase_tim.o
 .ARM.attributes
                0x0000000000000101       0x39 Core/Src/stm32f4xx_it.o
 .ARM.attributes
                0x000000000000013a       0x39 Core/Src/sysmem.o
 .ARM.attributes
                0x0000000000000173       0x39 Core/Src/system_stm32f4xx.o
 .ARM.attributes
                0x00000000000001ac       0x21 Core/Startup/startup_stm32f407vgtx.o
 .ARM.attributes
                0x00000000000001cd       0x39 Drivers/STM32F4xx_HAL_Driver/Src/stm32f4xx_hal.o
 .ARM.attributes
                0x0000000000000206       0x39 Drivers/STM32F4xx_HAL_Driver/Src/stm32f4xx_hal_cortex.o
 .ARM.attributes
                0x000000000000023f       0x39 Drivers/STM32F4xx_HAL_Driver/Src/stm32f4xx_hal_gpio.o
 .ARM.attributes
                0x0000000000000278       0x39 Drivers/STM32F4xx_HAL_Driver/Src/stm32f4xx_hal_hcd.o
 .ARM.attributes
                0x00000000000002b1       0x39 Drivers/STM32F4xx_HAL_Driver/Src/stm32f4xx_hal_i2c.o
 .ARM.attributes
                0x00000000000002ea       0x39 Drivers/STM32F4xx_HAL_Driver/Src/stm32f4xx_hal_i2s.o
 .ARM.attributes
                0x0000000000000323       0x39 Drivers/STM32F4xx_HAL_Driver/Src/stm32f4xx_hal_i2s_ex.o
 .ARM.attributes
                0x000000000000035c       0x39 Drivers/STM32F4xx_HAL_Driver/Src/stm32f4xx_hal_rcc.o
 .ARM.attributes
                0x0000000000000395       0x39 Drivers/STM32F4xx_HAL_Driver/Src/stm32f4xx_hal_rcc_ex.o
 .ARM.attributes
                0x00000000000003ce       0x39 Drivers/STM32F4xx_HAL_Driver/Src/stm32f4xx_hal_spi.o
 .ARM.attributes
                0x0000000000000407       0x39 Drivers/STM32F4xx_HAL_Driver/Src/stm32f4xx_hal_tim.o
 .ARM.attributes
                0x0000000000000440       0x39 Drivers/STM32F4xx_HAL_Driver/Src/stm32f4xx_hal_tim_ex.o
 .ARM.attributes
                0x0000000000000479       0x39 Drivers/STM32F4xx_HAL_Driver/Src/stm32f4xx_ll_usb.o
 .ARM.attributes
                0x00000000000004b2       0x39 Middlewares/ST/STM32_USB_Host_Library/Class/CDC/Src/usbh_cdc.o
 .ARM.attributes
                0x00000000000004eb       0x39 Middlewares/ST/STM32_USB_Host_Library/Core/Src/usbh_core.o
 .ARM.attributes
                0x0000000000000524       0x39 Middlewares/ST/STM32_USB_Host_Library/Core/Src/usbh_ctlreq.o
 .ARM.attributes
                0x000000000000055d       0x39 Middlewares/ST/STM32_USB_Host_Library/Core/Src/usbh_ioreq.o
 .ARM.attributes
                0x0000000000000596       0x39 Middlewares/ST/STM32_USB_Host_Library/Core/Src/usbh_pipes.o
 .ARM.attributes
                0x00000000000005cf       0x39 Middlewares/Third_Party/FreeRTOS/Source/CMSIS_RTOS_V2/cmsis_os2.o
 .ARM.attributes
                0x0000000000000608       0x39 Middlewares/Third_Party/FreeRTOS/Source/list.o
 .ARM.attributes
                0x0000000000000641       0x39 Middlewares/Third_Party/FreeRTOS/Source/queue.o
 .ARM.attributes
                0x000000000000067a       0x39 Middlewares/Third_Party/FreeRTOS/Source/tasks.o
 .ARM.attributes
                0x00000000000006b3       0x39 Middlewares/Third_Party/FreeRTOS/Source/timers.o
 .ARM.attributes
                0x00000000000006ec       0x39 Middlewares/Third_Party/FreeRTOS/Source/portable/GCC/ARM_CM4F/port.o
 .ARM.attributes
                0x0000000000000725       0x39 Middlewares/Third_Party/FreeRTOS/Source/portable/MemMang/heap_4.o
 .ARM.attributes