main.c:203:5:main	8	static
main.c:319:6:SystemClock_Config	88	static
main.c:363:13:MX_ADC1_Init	56	static
main.c:429:13:MX_I2C1_Init	8	static
main.c:463:13:MX_I2S3_Init	8	static
main.c:497:13:MX_SPI1_Init	8	static
main.c:535:13:MX_TIM3_Init	32	static
main.c:580:13:MX_TIM4_Init	48	static
main.c:629:13:MX_GPIO_Init	56	static
main.c:725:6:StartDefaultTask	24	static
main.c:753:6:StartLED_BLUE_BLINK	16	static
main.c:774:6:StartLED_YELLOW_ADC	16	static
main.c:797:6:StartUART_Task	1048	static
main.c:827:6:StartADC_Task	24	static
main.c:848:6:StartTeadBtn_Task	1048	static
main.c:901:6:StartShowResources	1176	static
main.c:975:6:HAL_TIM_PeriodElapsedCallback	16	static
main.c:997:6:Error_Handler	4	static,ignoring_inline_asm
