main.c:196:5:main	8	static
main.c:307:6:SystemClock_Config	88	static
main.c:351:13:MX_ADC1_Init	56	static
main.c:417:13:MX_I2C1_Init	8	static
main.c:451:13:MX_I2S3_Init	8	static
main.c:485:13:MX_SPI1_Init	8	static
main.c:523:13:MX_TIM4_Init	48	static
main.c:572:13:MX_GPIO_Init	56	static
main.c:667:6:StartDefaultTask	16	static
main.c:687:6:StartLED_BLUE_BLINK	16	static
main.c:708:6:StartLED_YELLOW_ADC	16	static
main.c:735:6:StartUART_Task	144	static
main.c:756:6:StartADC_Task	24	static
main.c:777:6:StartTeadBtn_Task	152	static
main.c:803:6:StartShowResources	72	static
main.c:864:6:HAL_TIM_PeriodElapsedCallback	16	static
main.c:881:6:Error_Handler	4	static,ignoring_inline_asm
